3d2
< 285.12
7,11d5
< 285.12
< 
< 
< 285.12
< 978-1-314-91272-2	dragnet	CharlesMeyer	suitcase|urgent	285.12	6
14d7
< 
17,19d9
< 978-1-314-91272-2	dragnet	CharlesMeyer	suitcase|urgent	285.12	6
< 285.12
< 978-1-314-91272-2	dragnet	CharlesMeyer	suitcase|urgent	285.12	5
22,23d11
< 978-1-314-91272-2	dragnet	CharlesMeyer	suitcase|urgent	285.12	5
< 978-1-314-91272-2	dragnet	CharlesMeyer	suitcase|urgent	285.12	5
27d14
< 978-1-314-91272-2	dragnet	CharlesMeyer	suitcase|urgent	285.12	5
46,47d32
< 
< 
50d34
< 
53d36
< 
67d49
< 285.12
70d51
< 
78,79d58
< 978-1-314-91272-2	dragnet	CharlesMeyer	suitcase|urgent	285.12	16
< 
93d71
< 
96d73
< 285.12
101,102d77
< 
< 
107,108d81
< 
< 
112d84
< 0.00
137,139d108
< 978-1-314-91272-2	dragnet	CharlesMeyer	suitcase|urgent	285.12	15
< 978-1-396-75284-1	Sagittarius	EmilyGriffith	Giuliano|oxygenate|suitcase|Magdalene	291.15	0
< 
145,146d113
< 
< 
155d121
< 
163,164d128
< 
< 
179,180d142
< 978-1-396-75284-1	Sagittarius	EmilyGriffith	Giuliano|oxygenate|suitcase|Magdalene	291.15	0
< 285.12
192d153
< 
199d159
< 
202,203d161
< 
< 
206d163
< 978-1-396-75284-1	Sagittarius	EmilyGriffith	Giuliano|oxygenate|suitcase|Magdalene	291.15	0
211d167
< 
214,215d169
< 0.00
< 978-1-225-04033-0		Mr.ThomasVazquez	Giuliano|effusive	317.45	0
231,232d184
< 
< 
251d202
< 
255d205
< 
258,259d207
< 
< 
268d215
< 978-1-396-75284-1	Sagittarius	EmilyGriffith	Giuliano|oxygenate|suitcase|Magdalene	291.15	0
270,271d216
< 
< 
274,275d218
< 978-1-396-75284-1	Sagittarius	EmilyGriffith	Giuliano|oxygenate|suitcase|Magdalene	291.15	0
< 
281d223
< 
283d224
< 
285d225
< 
290d229
< 978-1-396-75284-1	Sagittarius	EmilyGriffith	Giuliano|oxygenate|suitcase|Magdalene	291.15	0
317,318d255
< 
< 
320d256
< 978-1-396-75284-1	Sagittarius	EmilyGriffith	Giuliano|oxygenate|suitcase|Magdalene	291.15	0
324d259
< 
338d272
< 
342d275
< 
344d276
< 
351,352d282
< 978-1-225-04033-0		Mr.ThomasVazquez	Giuliano|effusive	317.45	0
< 978-1-396-75284-1	Sagittarius	EmilyGriffith	Giuliano|oxygenate|suitcase|Magdalene	291.15	0
354,355d283
< 978-1-314-91272-2	dragnet	CharlesMeyer	suitcase|urgent	285.12	14
< 978-1-396-75284-1	Sagittarius	EmilyGriffith	Giuliano|oxygenate|suitcase|Magdalene	291.15	0
358,359d285
< 
< 978-1-225-04033-0		Mr.ThomasVazquez	Giuliano|effusive	317.45	0
370d295
< 
375d299
< 
387,391d310
< 
< 978-1-225-04033-0		Mr.ThomasVazquez	Giuliano|effusive	317.45	0
< 
< 
< 
395d313
< 285.12
398d315
< 285.12
403d319
< 
411,412d326
< 978-1-396-75284-1	Sagittarius	EmilyGriffith	Giuliano|oxygenate|suitcase|Magdalene	291.15	0
< 978-0-405-93580-0				0.00	22
415d328
< 
419d331
< 
423d334
< 
438,439d348
< 978-1-225-04033-0		Mr.ThomasVazquez	Giuliano|effusive	317.45	0
< 978-1-396-75284-1	Sagittarius	EmilyGriffith	Giuliano|oxygenate|suitcase|Magdalene	291.15	0
442,444d350
< 
< 
< 
448,449d353
< 
< 
451d354
< 
459,462d361
< 
< 
< 
< 
475d373
< 
479d376
< 978-1-314-91272-2	dragnet	CharlesMeyer	suitcase|urgent	285.12	12
482,483d378
< 978-1-225-04033-0		Mr.ThomasVazquez	Giuliano|effusive	317.45	0
< 
487d381
< 
490,491d383
< 978-1-314-91272-2	dragnet	CharlesMeyer	suitcase|urgent	285.12	12
< 
494,497d385
< 
< 
< 
< 
505d392
< 
511,513d397
< 
< 
< 
520d403
< 
523,525d405
< 
< 978-1-314-91272-2	dragnet	CharlesMeyer	suitcase|urgent	285.12	12
< 978-1-396-75284-1	Sagittarius	EmilyGriffith	Giuliano|oxygenate|suitcase|Magdalene	291.15	0
528,529d407
< 978-1-314-91272-2	dragnet	CharlesMeyer	suitcase|urgent	285.12	12
< 
532d409
< 978-1-396-75284-1	Sagittarius	EmilyGriffith	Giuliano|oxygenate|suitcase|Magdalene	291.15	0
539,540d415
< 0.00
< 978-1-396-75284-1	Sagittarius	EmilyGriffith	Giuliano|oxygenate|suitcase|Magdalene	291.15	0
549d423
< 
552d425
< 
559d431
< 
566,567d437
< 
< 
574d443
< 
591,592d459
< 978-0-405-93580-0	amass		daffodil|effusive|Puritan|oxygenate	0.00	21
< 978-1-225-04033-0		Mr.ThomasVazquez	Giuliano|effusive	317.45	0
596d462
< 
598d463
< 
612d476
< 
622d485
< 
631,633d493
< 978-0-12-093877-3	ransom		urgent|Puritan	238.65	0
< 978-1-241-37155-5	maltose	KennethSmith	urgent|Puritan|Giuliano	78.58	0
< 978-1-314-91272-2	dragnet	CharlesMeyer	suitcase|urgent	285.12	12
636,637d495
< 978-0-405-93580-0	amass		daffodil|effusive|Puritan|oxygenate	0.00	21
< 
639d496
< 
662,663d518
< 
< 285.12
701,703d555
< 978-0-12-093877-3	ransom		urgent|Puritan	238.65	0
< 978-1-241-37155-5	maltose	KennethSmith	urgent|Puritan|Giuliano	78.58	0
< 978-1-314-91272-2	dragnet	CharlesMeyer	suitcase|urgent	285.12	11
709d560
< 
711d561
< 
718,720d567
< 
< 978-1-396-75284-1	Sagittarius	EmilyGriffith	Giuliano|oxygenate|suitcase|Magdalene	291.15	0
< 
725d571
< 978-1-241-37155-5	maltose	KennethSmith	urgent|Puritan|Giuliano	78.58	0
728d573
< 978-1-241-37155-5	maltose	KennethSmith	urgent|Puritan|Giuliano	78.58	0
733d577
< 
743,744d586
< 
< 978-1-396-75284-1	Sagittarius	EmilyGriffith	Giuliano|oxygenate|suitcase|Magdalene	291.15	0
746d587
< 
752d592
< 
771d610
< 
780d618
< 
793d630
< 
798d634
< 
801,802d636
< 
< 978-1-396-75284-1	Sagittarius	EmilyGriffith	Giuliano|oxygenate|suitcase|Magdalene	291.15	0
805,807d638
< 978-0-12-093877-3	ransom		urgent|Puritan	238.65	0
< 978-0-405-93580-0	amass		daffodil|effusive|Puritan|oxygenate	0.00	21
< 978-1-241-37155-5	maltose	KennethSmith	urgent|Puritan|Giuliano	78.58	0
818d648
< 
823,824d652
< 978-0-400-66291-6	utile	KellyBowen	oxygenate|urgent|daffodil|effusive	434.47	18
< 434.47
826,828d653
< 
< 
< 
850,851d674
< 
< 
855d677
< 
857d678
< 
868d688
< 978-1-314-91272-2	dragnet	CharlesMeyer	suitcase|urgent	285.12	11
878d697
< 978-1-314-91272-2	dragnet	CharlesMeyer	suitcase|urgent	285.12	11
882,884d700
< 
< 
< 
886,887d701
< 
< 285.12
891d704
< 978-1-56502-324-6	minuteman	BrookeWilson	suitcase	0.00	0
898d710
< 978-0-405-93580-0	amass		daffodil|effusive|Puritan|oxygenate	0.00	21
905d716
< 
909,910d719
< 978-1-314-91272-2	dragnet	CharlesMeyer	suitcase|urgent	285.12	10
< 978-1-00-796906-4	sheepherder	JeffJames	daffodil|corroborate	231.28	0
914d722
< 
917,919d724
< 
< 220.90
< 978-0-324-36026-4	scurry	KimberlyWilliams	effusive|urgent	390.33	0
923d727
< 
942d745
< 
944d746
< 
951,954d752
< 978-1-225-04033-0		Mr.ThomasVazquez	Giuliano|effusive	317.45	0
< 978-1-241-37155-5	maltose	KennethSmith	urgent|Puritan|Giuliano	78.58	0
< 978-1-396-75284-1	Sagittarius	EmilyGriffith	Giuliano|oxygenate|suitcase|Magdalene	291.15	0
< 978-0-324-36026-4	scurry	KimberlyWilliams	effusive|urgent	390.33	0
960,961d757
< 
< 978-0-400-66291-6	utile	KellyBowen	oxygenate|urgent|daffodil|effusive	434.47	17
974,976d769
< 978-0-400-66291-6	utile	KellyBowen	oxygenate|urgent|daffodil|effusive	434.47	17
< 978-0-405-93580-0	amass		daffodil|effusive|Puritan|oxygenate	0.00	21
< 978-1-00-796906-4	sheepherder	JeffJames	daffodil|corroborate	231.28	0
979d771
< 
982d773
< 
993d783
< 978-0-7084-6562-2	jealous	PennyWilliams		0.00	0
997d786
< 
1000d788
< 220.90
1003d790
< 
1019d805
< 
1024,1029d809
< 978-0-12-093877-3	ransom		urgent|Puritan	238.65	0
< 978-0-405-93580-0	amass		daffodil|effusive|Puritan|oxygenate	0.00	21
< 978-1-241-37155-5	maltose	KennethSmith	urgent|Puritan|Giuliano	78.58	0
< 978-1-77462-286-5		BrianCrawford	oxygenate|urgent|suitcase|Puritan	0.00	0
< 978-1-81825-413-7	infrequent	JeffJames	Puritan	451.53	0
< 978-0-324-36026-4	scurry	KimberlyWilliams	effusive|urgent	390.33	0
1032d811
< 
1039d817
< 
1042,1044d819
< 978-0-400-66291-6	utile	KellyBowen	oxygenate|urgent|daffodil|effusive	434.47	17
< 978-0-405-93580-0	amass		daffodil|effusive|Puritan|oxygenate	0.00	21
< 978-1-00-796906-4	sheepherder	JeffJames	daffodil|corroborate	231.28	0
1046,1048d820
< 978-0-400-66291-6	utile	KellyBowen	oxygenate|urgent|daffodil|effusive	434.47	17
< 978-0-405-93580-0	amass		daffodil|effusive|Puritan|oxygenate	0.00	21
< 978-1-00-796906-4	sheepherder	JeffJames	daffodil|corroborate	231.28	0
1069d840
< 
1072d842
< 
1085d854
< 
1088,1091d856
< 978-0-315-98351-9	concertina	KellyBowen	urgent|daffodil	370.60	0
< 978-0-400-66291-6	utile	KellyBowen	oxygenate|urgent|daffodil|effusive	434.47	17
< 0.00
< 
1093d857
< 
1103,1106d866
< 978-0-531-15556-1	Arnold	MaryEvans	Puritan|oxygenate|effusive|Giuliano	37.60	17
< 978-1-225-04033-0		Mr.ThomasVazquez	Giuliano|effusive	317.45	0
< 978-1-241-37155-5	maltose	KennethSmith	urgent|Puritan|Giuliano	78.58	0
< 978-1-396-75284-1	Sagittarius	EmilyGriffith	Giuliano|oxygenate|suitcase|Magdalene	291.15	0
1128,1129d887
< 
< 978-0-7084-6562-2	jealous	PennyWilliams		0.00	0
1133d890
< 
1141d897
< 978-1-86497-466-9	conjure	JohnnyLittle		220.90	0
1175,1181d930
< 978-0-12-093877-3	ransom		urgent|Puritan	238.65	0
< 978-0-405-93580-0	amass		daffodil|effusive|Puritan|oxygenate	0.00	21
< 978-0-531-15556-1	Arnold	MaryEvans	Puritan|oxygenate|effusive|Giuliano	37.60	17
< 978-1-241-37155-5	maltose	KennethSmith	urgent|Puritan|Giuliano	78.58	0
< 978-1-77462-286-5		BrianCrawford	oxygenate|urgent|suitcase|Puritan	0.00	0
< 978-1-81825-413-7	infrequent	JeffJames	Puritan	451.53	0
< 
1184,1185d932
< 978-0-7084-6562-2	jealous	PennyWilliams		0.00	0
< 
1192d938
< 
1195d940
< 978-0-7084-6562-2	jealous	PennyWilliams		0.00	0
1201d945
< 
1204d947
< 978-1-396-75284-1	Sagittarius	EmilyGriffith	Giuliano|oxygenate|suitcase|Magdalene	291.15	0
1207d949
< 0.00
1212d953
< 
1218d958
< 
1220d959
< 
1223,1227d961
< 978-0-400-66291-6	utile	KellyBowen	oxygenate|urgent|daffodil|effusive	434.47	17
< 978-0-405-93580-0	amass		daffodil|effusive|Puritan|oxygenate	0.00	20
< 978-0-531-15556-1	Arnold	MaryEvans	Puritan|oxygenate|effusive|Giuliano	37.60	17
< 978-1-396-75284-1	Sagittarius	EmilyGriffith	Giuliano|oxygenate|suitcase|Magdalene	291.15	0
< 978-1-77462-286-5		BrianCrawford	oxygenate|urgent|suitcase|Puritan	0.00	0
1237d970
< 978-0-7084-6562-2	jealous	PennyWilliams		0.00	0
1247,1249d979
< 
< 
< 
1257,1258d986
< 978-0-566-18251-8	bookmark	KennethSmith	daffodil	298.13	0
< 978-1-241-37155-5	maltose	KennethSmith	urgent|Puritan|Giuliano	78.58	0
1262d989
< 
1266d992
< 
1278d1003
< 
1288d1012
< 
1291d1014
< 
1304,1306d1026
< 978-0-561-95494-3	conveyance	CharlesMeyer	suitcase	0.00	0
< 
< 
1310,1311d1029
< 
< 
1314d1031
< 
1321d1037
< 
1324,1329d1039
< 978-0-400-66291-6	utile	KellyBowen	oxygenate|urgent|daffodil|effusive	434.47	17
< 978-0-405-93580-0	amass		daffodil|effusive|Puritan|oxygenate	0.00	20
< 978-0-531-15556-1	Arnold	MaryEvans	Puritan|oxygenate|effusive|Giuliano	37.60	17
< 978-1-396-75284-1	Sagittarius	EmilyGriffith	Giuliano|oxygenate|suitcase|Magdalene	291.15	0
< 978-1-77462-286-5		BrianCrawford	oxygenate|urgent|suitcase|Puritan	0.00	0
< 
1332,1333d1041
< 978-0-566-18251-8	bookmark	KennethSmith	daffodil	298.13	0
< 978-1-241-37155-5	maltose	KennethSmith	urgent|Puritan|Giuliano	78.58	0
1335,1339d1042
< 978-0-561-95494-3	conveyance	CharlesMeyer	suitcase	0.00	0
< 978-1-314-91272-2	dragnet	CharlesMeyer	suitcase|urgent	285.12	10
< 978-1-396-75284-1	Sagittarius	EmilyGriffith	Giuliano|oxygenate|suitcase|Magdalene	291.15	0
< 978-1-56502-324-6	minuteman	BrookeWilson	suitcase	0.00	0
< 978-1-77462-286-5		BrianCrawford	oxygenate|urgent|suitcase|Puritan	0.00	0
1341,1349d1043
< 
< 978-0-88377-299-7	commerce			0.00	0
< 978-0-324-36026-4	scurry	KimberlyWilliams	effusive|urgent	390.33	0
< 978-0-400-66291-6	utile	KellyBowen	oxygenate|urgent|daffodil|effusive	434.47	17
< 978-0-405-93580-0	amass		daffodil|effusive|Puritan|oxygenate	0.00	20
< 978-0-531-15556-1	Arnold	MaryEvans	Puritan|oxygenate|effusive|Giuliano	37.60	17
< 978-1-225-04033-0		Mr.ThomasVazquez	Giuliano|effusive	317.45	0
< 978-1-308-48603-1	carpet	DerekReyes	Giuliano|effusive	192.84	0
< 978-1-70943-147-0			corroborate|effusive|counterman	0.00	0
1356,1361d1049
< 978-0-12-093877-3	ransom		urgent|Puritan	238.65	0
< 978-0-405-93580-0	amass		daffodil|effusive|Puritan|oxygenate	0.00	20
< 978-0-531-15556-1	Arnold	MaryEvans	Puritan|oxygenate|effusive|Giuliano	37.60	17
< 978-1-241-37155-5	maltose	KennethSmith	urgent|Puritan|Giuliano	78.58	0
< 978-1-77462-286-5		BrianCrawford	oxygenate|urgent|suitcase|Puritan	0.00	0
< 978-1-81825-413-7	infrequent	JeffJames	Puritan	451.53	0
1368,1375d1055
< 
< 978-0-12-093877-3	ransom		urgent|Puritan	238.65	0
< 978-0-405-93580-0	amass		daffodil|effusive|Puritan|oxygenate	0.00	20
< 978-0-531-15556-1	Arnold	MaryEvans	Puritan|oxygenate|effusive|Giuliano	37.60	17
< 978-0-7084-6562-2	jealous	BrianCrawford	Giuliano|urgent|Puritan	0.00	1
< 978-1-241-37155-5	maltose	KennethSmith	urgent|Puritan|Giuliano	78.58	0
< 978-1-77462-286-5		BrianCrawford	oxygenate|urgent|suitcase|Puritan	0.00	0
< 978-1-81825-413-7	infrequent	JeffJames	Puritan	451.53	0
1390d1069
< 978-1-81825-413-7	infrequent	JeffJames	Puritan	451.53	0
1393,1399d1071
< 978-0-12-093877-3	ransom		urgent|Puritan	238.65	0
< 978-0-405-93580-0	amass		daffodil|effusive|Puritan|oxygenate	0.00	20
< 978-0-531-15556-1	Arnold	MaryEvans	Puritan|oxygenate|effusive|Giuliano	37.60	17
< 978-0-7084-6562-2	jealous	BrianCrawford	Giuliano|urgent|Puritan	0.00	1
< 978-1-241-37155-5	maltose	KennethSmith	urgent|Puritan|Giuliano	78.58	0
< 978-1-77462-286-5		BrianCrawford	oxygenate|urgent|suitcase|Puritan	0.00	0
< 978-1-81825-413-7	infrequent	JeffJames	Puritan	451.53	0
1401d1072
< 
1406,1410d1076
< 978-0-400-66291-6	utile	KellyBowen	oxygenate|urgent|daffodil|effusive	434.47	17
< 978-0-405-93580-0	amass		daffodil|effusive|Puritan|oxygenate	0.00	20
< 978-0-531-15556-1	Arnold	MaryEvans	Puritan|oxygenate|effusive|Giuliano	37.60	17
< 978-1-396-75284-1	Sagittarius	EmilyGriffith	Giuliano|oxygenate|suitcase|Magdalene	291.15	0
< 978-1-77462-286-5		BrianCrawford	oxygenate|urgent|suitcase|Puritan	0.00	0
1414d1079
< 
1424,1427d1088
< 978-1-241-37155-5	maltose	KennethSmith	urgent|Puritan|Giuliano	78.58	0
< 978-1-56502-324-6	minuteman	BrookeWilson	suitcase	0.00	0
< 978-1-00-796906-4	sheepherder	JeffJames	daffodil|corroborate	231.28	0
< 978-1-70943-147-0			corroborate|effusive|counterman	0.00	0
1433,1434d1093
< 978-1-396-75284-1	Sagittarius	EmilyGriffith	Giuliano|oxygenate|suitcase|Magdalene	291.15	0
< 978-1-396-75284-1	Sagittarius	EmilyGriffith	Giuliano|oxygenate|suitcase|Magdalene	291.15	0
1445d1103
< 978-1-396-75284-1	Sagittarius	EmilyGriffith	Giuliano|oxygenate|suitcase|Magdalene	291.15	0
1453,1460d1110
< 978-0-12-093877-3	ransom		urgent|Puritan	238.65	0
< 978-0-405-93580-0	amass		daffodil|effusive|Puritan|oxygenate	0.00	20
< 978-0-531-15556-1	Arnold	MaryEvans	Puritan|oxygenate|effusive|Giuliano	37.60	17
< 978-0-7084-6562-2	jealous	BrianCrawford	Giuliano|urgent|Puritan	0.00	1
< 978-1-241-37155-5	maltose	KennethSmith	urgent|Puritan|Giuliano	78.58	0
< 978-1-77462-286-5		BrianCrawford	oxygenate|urgent|suitcase|Puritan	0.00	0
< 978-1-81825-413-7	infrequent	JeffJames	Puritan	451.53	0
< 
1463,1467d1112
< 978-0-400-66291-6	utile	KellyBowen	oxygenate|urgent|daffodil|effusive	434.47	17
< 978-0-405-93580-0	amass		daffodil|effusive|Puritan|oxygenate	0.00	20
< 978-0-531-15556-1	Arnold	MaryEvans	Puritan|oxygenate|effusive|Giuliano	37.60	17
< 978-1-396-75284-1	Sagittarius	EmilyGriffith	Giuliano|oxygenate|suitcase|Magdalene	291.15	0
< 978-1-77462-286-5		BrianCrawford	oxygenate|urgent|suitcase|Puritan	0.00	0
1488d1132
< 978-1-70943-147-0			corroborate|effusive|counterman	0.00	0
1493,1500d1136
< 978-0-324-36026-4	scurry	KimberlyWilliams	effusive|urgent	390.33	0
< 978-0-324-36026-4	scurry	KimberlyWilliams	effusive|urgent	390.33	0
< 978-0-400-66291-6	utile	KellyBowen	oxygenate|urgent|daffodil|effusive	434.47	17
< 978-0-405-93580-0	amass		daffodil|effusive|Puritan|oxygenate	0.00	20
< 978-0-531-15556-1	Arnold	MaryEvans	Puritan|oxygenate|effusive|Giuliano	37.60	17
< 978-1-225-04033-0		Mr.ThomasVazquez	Giuliano|effusive	317.45	0
< 978-1-308-48603-1	carpet	DerekReyes	Giuliano|effusive	192.84	0
< 978-1-70943-147-0			corroborate|effusive|counterman	0.00	0
1523d1158
< 
1528,1534d1162
< 978-0-324-36026-4	scurry	KimberlyWilliams	effusive|urgent	390.33	0
< 978-0-400-66291-6	utile	KellyBowen	oxygenate|urgent|daffodil|effusive	434.47	17
< 978-0-405-93580-0	amass		daffodil|effusive|Puritan|oxygenate	0.00	20
< 978-0-531-15556-1	Arnold	MaryEvans	Puritan|oxygenate|effusive|Giuliano	37.60	17
< 978-1-225-04033-0		Mr.ThomasVazquez	Giuliano|effusive	317.45	0
< 978-1-308-48603-1	carpet	DerekReyes	Giuliano|effusive	192.84	0
< 978-1-70943-147-0			corroborate|effusive|counterman	0.00	0
1550d1177
< 
1564,1565d1190
< 
< 978-0-324-36026-4	scurry	KimberlyWilliams	effusive|urgent	390.33	0
1588d1212
< 
1601d1224
< 978-1-77462-286-5		BrianCrawford	oxygenate|urgent|suitcase|Puritan	0.00	0
1606,1608d1228
< 978-0-669-45265-5	exclamatory		Magdalene	298.39	0
< 978-1-08-021702-1	basketball	CharlesMeyer	daffodil|Magdalene|Puritan|counterman	438.48	0
< 978-1-396-75284-1	Sagittarius	EmilyGriffith	Giuliano|oxygenate|suitcase|Magdalene	291.15	0
1610,1627d1229
< 978-0-12-093877-3	ransom		urgent|Puritan	238.65	0
< 978-0-405-93580-0	amass		daffodil|effusive|Puritan|oxygenate	0.00	20
< 978-0-531-15556-1	Arnold	MaryEvans	Puritan|oxygenate|effusive|Giuliano	37.60	17
< 978-0-7084-6562-2	jealous	BrianCrawford	Giuliano|urgent|Puritan	0.00	1
< 978-1-08-021702-1	basketball	CharlesMeyer	daffodil|Magdalene|Puritan|counterman	438.48	0
< 978-1-241-37155-5	maltose	KennethSmith	urgent|Puritan|Giuliano	78.58	0
< 978-1-77462-286-5		BrianCrawford	oxygenate|urgent|suitcase|Puritan	0.00	0
< 978-1-81825-413-7	infrequent	JeffJames	Puritan	451.53	0
< 978-1-933311-06-7		Mr.ThomasVazquez	Puritan|daffodil	222.81	0
< 
< 978-0-324-36026-4	scurry	KimberlyWilliams	effusive|urgent	390.33	0
< 978-0-400-66291-6	utile	KellyBowen	oxygenate|urgent|daffodil|effusive	434.47	17
< 978-0-405-93580-0	amass		daffodil|effusive|Puritan|oxygenate	0.00	20
< 978-0-531-15556-1	Arnold	MaryEvans	Puritan|oxygenate|effusive|Giuliano	37.60	17
< 978-0-88476-538-7			suitcase|effusive|counterman	449.80	0
< 978-1-225-04033-0		Mr.ThomasVazquez	Giuliano|effusive	317.45	0
< 978-1-308-48603-1	carpet	DerekReyes	Giuliano|effusive	192.84	0
< 978-1-70943-147-0			corroborate|effusive|counterman	0.00	0
1638d1239
< 978-0-669-45265-5	exclamatory		Magdalene	298.39	0
1641d1241
< 
1653d1252
< 0.00
1656d1254
< 
1659d1256
< 978-1-230-11209-1		BrianOwens		282.26	0
1663,1669d1259
< 
< 978-0-400-66291-6	utile	KellyBowen	oxygenate|urgent|daffodil|effusive	434.47	17
< 978-0-405-93580-0	amass		daffodil|effusive|Puritan|oxygenate	0.00	20
< 978-0-531-15556-1	Arnold	MaryEvans	Puritan|oxygenate|effusive|Giuliano	37.60	17
< 978-0-920159-35-4	storytelling	PennyWilliams	oxygenate	161.92	0
< 978-1-396-75284-1	Sagittarius	EmilyGriffith	Giuliano|oxygenate|suitcase|Magdalene	291.15	0
< 978-1-77462-286-5		BrianCrawford	oxygenate|urgent|suitcase|Puritan	0.00	0
1677d1266
< 978-1-86497-466-9	conjure	JohnnyLittle		220.90	0
1687d1275
< 
1689,1695d1276
< 978-0-315-98351-9	concertina	KellyBowen	urgent|daffodil	370.60	20
< 978-0-400-66291-6	utile	KellyBowen	oxygenate|urgent|daffodil|effusive	434.47	17
< 978-0-405-93580-0	amass		daffodil|effusive|Puritan|oxygenate	0.00	20
< 978-0-566-18251-8	bookmark	KennethSmith	daffodil	298.13	0
< 978-1-00-796906-4	sheepherder	JeffJames	daffodil|corroborate	231.28	0
< 978-1-08-021702-1	basketball	CharlesMeyer	daffodil|Magdalene|Puritan|counterman	438.48	0
< 978-1-933311-06-7		Mr.ThomasVazquez	Puritan|daffodil	222.81	0
1703d1283
< 
1712,1713d1291
< 978-0-566-18251-8	bookmark	KennethSmith	daffodil	298.13	0
< 978-1-241-37155-5	maltose	KennethSmith	urgent|Puritan|Giuliano	78.58	0
1716d1293
< 
1725,1726d1301
< 
< 0.00
1729,1734d1303
< 978-0-531-15556-1	Arnold	MaryEvans	Puritan|oxygenate|effusive|Giuliano	37.60	17
< 978-0-7084-6562-2	jealous	BrianCrawford	Giuliano|urgent|Puritan	0.00	0
< 978-1-225-04033-0		Mr.ThomasVazquez	Giuliano|effusive	317.45	0
< 978-1-241-37155-5	maltose	KennethSmith	urgent|Puritan|Giuliano	78.58	0
< 978-1-308-48603-1	carpet	DerekReyes	Giuliano|effusive	192.84	0
< 978-1-396-75284-1	Sagittarius	EmilyGriffith	Giuliano|oxygenate|suitcase|Magdalene	291.15	0
1736d1304
< 
1741d1308
< 978-0-920159-35-4	storytelling	PennyWilliams	oxygenate	161.92	0
1748,1755d1314
< 978-0-315-98351-9	concertina	KellyBowen	urgent|daffodil	370.60	20
< 978-0-400-66291-6	utile	KellyBowen	oxygenate|urgent|daffodil|effusive	434.47	17
< 978-0-405-93580-0	amass		daffodil|effusive|Puritan|oxygenate	0.00	20
< 978-0-566-18251-8	bookmark	KennethSmith	daffodil	298.13	0
< 978-1-00-796906-4	sheepherder	JeffJames	daffodil|corroborate	231.28	0
< 978-1-08-021702-1	basketball	CharlesMeyer	daffodil|Magdalene|Puritan|counterman	438.48	0
< 978-1-933311-06-7		Mr.ThomasVazquez	Puritan|daffodil	222.81	0
< 978-0-324-36026-4	scurry	KimberlyWilliams	effusive|urgent	390.33	0
1758,1759d1316
< 978-0-7084-6562-2	jealous	BrianCrawford	Giuliano|urgent|Puritan	0.00	0
< 978-1-77462-286-5		BrianCrawford	oxygenate|urgent|suitcase|Puritan	0.00	0
1765d1321
< 
1785,1786d1340
< 
< 978-0-88377-299-7	commerce			0.00	0
1789d1342
< 
1794d1346
< 978-0-324-36026-4	scurry	KimberlyWilliams	effusive|urgent	390.33	0
1799,1807d1350
< 978-0-12-093877-3	ransom		urgent|Puritan	238.65	0
< 978-0-405-93580-0	amass		daffodil|effusive|Puritan|oxygenate	0.00	20
< 978-0-531-15556-1	Arnold	MaryEvans	Puritan|oxygenate|effusive|Giuliano	37.60	17
< 978-0-7084-6562-2	jealous	BrianCrawford	Giuliano|urgent|Puritan	0.00	0
< 978-1-08-021702-1	basketball	CharlesMeyer	daffodil|Magdalene|Puritan|counterman	438.48	0
< 978-1-241-37155-5	maltose	KennethSmith	urgent|Puritan|Giuliano	78.58	0
< 978-1-77462-286-5		BrianCrawford	oxygenate|urgent|suitcase|Puritan	0.00	0
< 978-1-81825-413-7	infrequent	JeffJames	Puritan	451.53	0
< 978-1-933311-06-7		Mr.ThomasVazquez	Puritan|daffodil	222.81	0
1810,1811d1352
< 978-0-324-36026-4	scurry	KimberlyWilliams	effusive|urgent	390.33	0
< 978-1-308-48603-1	carpet	DerekReyes	Giuliano|effusive	192.84	0
1813d1353
< 
1819d1358
< 
1828d1366
< 
1834,1835d1371
< 
< 
1837d1372
< 
1839,1840d1373
< 
< 
1849,1850d1381
< 978-0-566-18251-8	bookmark	KennethSmith	daffodil	298.13	0
< 
1862,1863d1392
< 978-0-7084-6562-2	jealous	BrianCrawford	Giuliano|urgent|Puritan	0.00	0
< 978-1-77462-286-5		BrianCrawford	oxygenate|urgent|suitcase|Puritan	0.00	0
1871,1873d1399
< 978-0-561-95494-3	conveyance	CharlesMeyer	suitcase	0.00	0
< 978-1-08-021702-1	basketball	CharlesMeyer	daffodil|Magdalene|Puritan|counterman	438.48	0
< 978-1-314-91272-2	dragnet	CharlesMeyer	suitcase|urgent	285.12	10
1881d1406
< 
1886d1410
< 
1889d1412
< 978-0-324-36026-4	scurry	KimberlyWilliams	effusive|urgent	390.33	0
1897,1908d1419
< 
< 
< 
< 978-0-324-36026-4	scurry	KimberlyWilliams	effusive|urgent	390.33	0
< 978-0-400-66291-6	utile	KellyBowen	oxygenate|urgent|daffodil|effusive	434.47	17
< 978-0-405-93580-0	amass		daffodil|effusive|Puritan|oxygenate	0.00	20
< 978-0-531-15556-1	Arnold	MaryEvans	Puritan|oxygenate|effusive|Giuliano	37.60	17
< 978-0-88476-538-7			suitcase|effusive|counterman	449.80	0
< 978-1-225-04033-0		Mr.ThomasVazquez	Giuliano|effusive	317.45	0
< 978-1-308-48603-1	carpet	DerekReyes	Giuliano|effusive	192.84	0
< 978-1-70943-147-0			corroborate|effusive|counterman	0.00	0
< 978-0-531-15556-1	Arnold	MaryEvans	Puritan|oxygenate|effusive|Giuliano	37.60	17
1913d1423
< 
1916,1921d1425
< 978-0-400-66291-6	utile	KellyBowen	oxygenate|urgent|daffodil|effusive	434.47	17
< 978-0-405-93580-0	amass		daffodil|effusive|Puritan|oxygenate	0.00	20
< 978-0-531-15556-1	Arnold	MaryEvans	Puritan|oxygenate|effusive|Giuliano	37.60	17
< 978-0-920159-35-4	storytelling	PennyWilliams	oxygenate	161.92	0
< 978-1-396-75284-1	Sagittarius	EmilyGriffith	Giuliano|oxygenate|suitcase|Magdalene	291.15	0
< 978-1-77462-286-5		BrianCrawford	oxygenate|urgent|suitcase|Puritan	0.00	0
1929d1432
< 
1940d1442
< 
1943d1444
< 0.00
1945d1445
< 
1953d1452
< 
1977d1475
< 
1996d1493
< 
2013d1509
< 
2022d1517
< 0.00
2032,2033d1526
< 978-1-308-48603-1	carpet	DerekReyes	Giuliano|effusive	192.84	0
< 
2036d1528
< 
2042,2055d1533
< 978-0-12-093877-3	ransom		urgent|Puritan	238.65	0
< 978-0-405-93580-0	amass		daffodil|effusive|Puritan|oxygenate	0.00	19
< 978-0-531-15556-1	Arnold	MaryEvans	Puritan|oxygenate|effusive|Giuliano	37.60	17
< 978-0-7084-6562-2	jealous	BrianCrawford	Giuliano|urgent|Puritan	0.00	0
< 978-1-08-021702-1	basketball	CharlesMeyer	daffodil|Magdalene|Puritan|counterman	438.48	0
< 978-1-241-37155-5	maltose	KennethSmith	urgent|Puritan|Giuliano	78.58	0
< 978-1-77462-286-5		BrianCrawford	oxygenate|urgent|suitcase|Puritan	0.00	0
< 978-1-81825-413-7	infrequent	JeffJames	Puritan	451.53	0
< 978-1-933311-06-7		Mr.ThomasVazquez	Puritan|daffodil	222.81	0
< 978-1-00-796906-4	sheepherder	JeffJames	daffodil|corroborate	231.28	0
< 978-1-03-088495-2	Yeats	JohnnyLittle	suitcase|corroborate	465.35	0
< 978-1-70943-147-0			corroborate|effusive|counterman	0.00	0
< 978-0-7084-6562-2	jealous	BrianCrawford	Giuliano|urgent|Puritan	0.00	0
< 978-1-77462-286-5		BrianCrawford	oxygenate|urgent|suitcase|Puritan	0.00	0
2059d1536
< 
2064,2067d1540
< 
< 978-0-669-45265-5	exclamatory		Magdalene	298.39	0
< 978-1-08-021702-1	basketball	CharlesMeyer	daffodil|Magdalene|Puritan|counterman	438.48	0
< 978-1-396-75284-1	Sagittarius	EmilyGriffith	Giuliano|oxygenate|suitcase|Magdalene	291.15	0
2076d1548
< 
2079d1550
< 978-1-9992274-9-4				0.00	20
2095,2098d1565
< 
< 978-0-561-95494-3	conveyance	CharlesMeyer	suitcase	0.00	0
< 978-1-08-021702-1	basketball	CharlesMeyer	daffodil|Magdalene|Puritan|counterman	438.48	0
< 978-1-314-91272-2	dragnet	CharlesMeyer	suitcase|urgent	285.12	10
2104d1570
< 
2110,2111d1575
< 
< 
2115d1578
< 
2118d1580
< 
2129,2131d1590
< 978-0-640-41077-3	postposition	BrandyLynn		0.00	0
< 
< 
2134d1592
< 978-0-531-15556-1	Arnold	MaryEvans	Puritan|oxygenate|effusive|Giuliano	37.60	17
2137,2140d1594
< 
< 
< 
< 
2151,2153d1604
< 978-0-669-45265-5	exclamatory		Magdalene	298.39	0
< 978-1-08-021702-1	basketball	CharlesMeyer	daffodil|Magdalene|Puritan|counterman	438.48	0
< 978-1-396-75284-1	Sagittarius	EmilyGriffith	Giuliano|oxygenate|suitcase|Magdalene	291.15	0
2156d1606
< 
2158,2171d1607
< 978-0-531-15556-1	Arnold	MaryEvans	Puritan|oxygenate|effusive|Giuliano	37.60	17
< 978-0-7084-6562-2	jealous	BrianCrawford	Giuliano|urgent|Puritan	0.00	0
< 978-1-225-04033-0		Mr.ThomasVazquez	Giuliano|effusive	317.45	0
< 978-1-241-37155-5	maltose	KennethSmith	urgent|Puritan|Giuliano	78.58	0
< 978-1-308-48603-1	carpet	DerekReyes	Giuliano|effusive	192.84	0
< 978-1-396-75284-1	Sagittarius	EmilyGriffith	Giuliano|oxygenate|suitcase|Magdalene	291.15	0
< 978-0-324-36026-4	scurry	KimberlyWilliams	effusive|urgent	390.33	0
< 978-0-400-66291-6	utile	KellyBowen	oxygenate|urgent|daffodil|effusive	434.47	17
< 978-0-405-93580-0	amass		daffodil|effusive|Puritan|oxygenate	0.00	19
< 978-0-531-15556-1	Arnold	MaryEvans	Puritan|oxygenate|effusive|Giuliano	37.60	17
< 978-0-88476-538-7			suitcase|effusive|counterman	449.80	0
< 978-1-225-04033-0		Mr.ThomasVazquez	Giuliano|effusive	317.45	0
< 978-1-308-48603-1	carpet	DerekReyes	Giuliano|effusive	192.84	0
< 978-1-70943-147-0			corroborate|effusive|counterman	0.00	0
2180,2185d1615
< 978-0-669-45265-5	exclamatory		Magdalene	298.39	0
< 978-1-08-021702-1	basketball	CharlesMeyer	daffodil|Magdalene|Puritan|counterman	438.48	0
< 978-1-396-75284-1	Sagittarius	EmilyGriffith	Giuliano|oxygenate|suitcase|Magdalene	291.15	0
< 978-1-00-796906-4	sheepherder	JeffJames	daffodil|corroborate	231.28	0
< 978-1-03-088495-2	Yeats	JohnnyLittle	suitcase|corroborate	465.35	0
< 978-1-70943-147-0			corroborate|effusive|counterman	0.00	0
2189d1618
< 978-1-396-75284-1	Sagittarius	EmilyGriffith	Giuliano|oxygenate|suitcase|Magdalene	291.15	0
2193d1621
< 978-0-7084-6562-2	jealous	BrianCrawford	Giuliano|urgent|Puritan	0.00	0
2196,2201d1623
< 978-0-400-66291-6	utile	KellyBowen	oxygenate|urgent|daffodil|effusive	434.47	17
< 978-0-405-93580-0	amass		daffodil|effusive|Puritan|oxygenate	0.00	19
< 978-0-531-15556-1	Arnold	MaryEvans	Puritan|oxygenate|effusive|Giuliano	37.60	17
< 978-0-920159-35-4	storytelling	PennyWilliams	oxygenate	161.92	0
< 978-1-396-75284-1	Sagittarius	EmilyGriffith	Giuliano|oxygenate|suitcase|Magdalene	291.15	0
< 978-1-77462-286-5		BrianCrawford	oxygenate|urgent|suitcase|Puritan	0.00	0
2206d1627
< 
2209,2215d1629
< 978-0-315-98351-9	concertina	KellyBowen	urgent|daffodil	370.60	20
< 978-0-400-66291-6	utile	KellyBowen	oxygenate|urgent|daffodil|effusive	434.47	17
< 978-0-405-93580-0	amass		daffodil|effusive|Puritan|oxygenate	0.00	19
< 978-0-566-18251-8	bookmark	KennethSmith	daffodil	298.13	0
< 978-1-00-796906-4	sheepherder	JeffJames	daffodil|corroborate	231.28	0
< 978-1-08-021702-1	basketball	CharlesMeyer	daffodil|Magdalene|Puritan|counterman	438.48	0
< 978-1-933311-06-7		Mr.ThomasVazquez	Puritan|daffodil	222.81	0
2225d1638
< 978-0-531-15556-1	Arnold	MaryEvans	Puritan|oxygenate|effusive|Giuliano	37.60	17
2241d1653
< 978-1-56502-324-6	minuteman	BrookeWilson	suitcase	0.00	0
2245,2250d1656
< 
< 
< 978-0-88476-538-7			suitcase|effusive|counterman	449.80	0
< 978-1-08-021702-1	basketball	CharlesMeyer	daffodil|Magdalene|Puritan|counterman	438.48	0
< 978-1-70943-147-0			corroborate|effusive|counterman	0.00	0
< 
2253,2259d1658
< 978-1-08-021702-1	basketball	CharlesMeyer	daffodil|Magdalene|Puritan|counterman	438.48	0
< 978-0-531-15556-1	Arnold	MaryEvans	Puritan|oxygenate|effusive|Giuliano	37.60	17
< 978-0-7084-6562-2	jealous	BrianCrawford	Giuliano|urgent|Puritan	0.00	0
< 978-1-225-04033-0		Mr.ThomasVazquez	Giuliano|effusive	317.45	0
< 978-1-241-37155-5	maltose	KennethSmith	urgent|Puritan|Giuliano	78.58	0
< 978-1-308-48603-1	carpet	DerekReyes	Giuliano|effusive	192.84	0
< 978-1-396-75284-1	Sagittarius	EmilyGriffith	Giuliano|oxygenate|suitcase|Magdalene	291.15	0
2267,2272d1665
< 978-0-400-66291-6	utile	KellyBowen	oxygenate|urgent|daffodil|effusive	434.47	17
< 978-0-405-93580-0	amass		daffodil|effusive|Puritan|oxygenate	0.00	19
< 978-0-531-15556-1	Arnold	MaryEvans	Puritan|oxygenate|effusive|Giuliano	37.60	17
< 978-0-920159-35-4	storytelling	PennyWilliams	oxygenate	161.92	0
< 978-1-396-75284-1	Sagittarius	EmilyGriffith	Giuliano|oxygenate|suitcase|Magdalene	291.15	0
< 978-1-77462-286-5		BrianCrawford	oxygenate|urgent|suitcase|Puritan	0.00	0
2285,2298d1677
< 978-0-88476-538-7			suitcase|effusive|counterman	449.80	0
< 978-1-08-021702-1	basketball	CharlesMeyer	daffodil|Magdalene|Puritan|counterman	438.48	0
< 978-1-70943-147-0			corroborate|effusive|counterman	0.00	0
< 
< 978-0-12-093877-3	ransom		urgent|Puritan	238.65	0
< 978-0-315-98351-9	concertina	KellyBowen	urgent|daffodil	370.60	20
< 978-0-324-36026-4	scurry	KimberlyWilliams	effusive|urgent	390.33	0
< 978-0-400-66291-6	utile	KellyBowen	oxygenate|urgent|daffodil|effusive	434.47	17
< 978-0-7084-6562-2	jealous	BrianCrawford	Giuliano|urgent|Puritan	0.00	0
< 978-1-241-37155-5	maltose	KennethSmith	urgent|Puritan|Giuliano	78.58	0
< 978-1-314-91272-2	dragnet	CharlesMeyer	suitcase|urgent	285.12	10
< 978-1-77462-286-5		BrianCrawford	oxygenate|urgent|suitcase|Puritan	0.00	0
< 
< 
2301d1679
< 370.60
2307,2310d1684
< 
< 978-1-00-796906-4	sheepherder	JeffJames	daffodil|corroborate	231.28	0
< 978-1-03-088495-2	Yeats	JohnnyLittle	suitcase|corroborate	465.35	0
< 978-1-70943-147-0			corroborate|effusive|counterman	0.00	0
2314,2321d1687
< 978-0-324-36026-4	scurry	KimberlyWilliams	effusive|urgent	390.33	0
< 978-0-400-66291-6	utile	KellyBowen	oxygenate|urgent|daffodil|effusive	434.47	17
< 978-0-405-93580-0	amass		daffodil|effusive|Puritan|oxygenate	0.00	19
< 978-0-531-15556-1	Arnold	MaryEvans	Puritan|oxygenate|effusive|Giuliano	37.60	17
< 978-0-88476-538-7			suitcase|effusive|counterman	449.80	0
< 978-1-225-04033-0		Mr.ThomasVazquez	Giuliano|effusive	317.45	0
< 978-1-308-48603-1	carpet	DerekReyes	Giuliano|effusive	192.84	0
< 978-1-70943-147-0			corroborate|effusive|counterman	0.00	0
2324d1689
< 
2335,2338d1699
< 978-0-566-18251-8	bookmark	KennethSmith	daffodil	298.13	0
< 978-1-241-37155-5	maltose	KennethSmith	urgent|Puritan|Giuliano	78.58	0
< 
< 
2341,2342d1701
< 
< 
2359,2361d1717
< 37.60
< 
< 
2364d1719
< 
2366d1720
< 
2375,2382d1728
< 978-0-561-95494-3	conveyance	CharlesMeyer	suitcase	0.00	0
< 978-0-88476-538-7			suitcase|effusive|counterman	449.80	0
< 978-1-03-088495-2	Yeats	JohnnyLittle	suitcase|corroborate	465.35	0
< 978-1-314-91272-2	dragnet	CharlesMeyer	suitcase|urgent	285.12	10
< 978-1-396-75284-1	Sagittarius	EmilyGriffith	Giuliano|oxygenate|suitcase|Magdalene	291.15	0
< 978-1-56502-324-6	minuteman	BrookeWilson	suitcase	0.00	0
< 978-1-77462-286-5		BrianCrawford	oxygenate|urgent|suitcase|Puritan	0.00	0
< 978-1-230-11209-1		BrianOwens		282.26	0
2405,2420d1750
< 978-0-315-98351-9	concertina	KellyBowen	urgent|daffodil	370.60	19
< 978-0-400-66291-6	utile	KellyBowen	oxygenate|urgent|daffodil|effusive	434.47	17
< 978-0-405-93580-0	amass		daffodil|effusive|Puritan|oxygenate	0.00	19
< 978-0-566-18251-8	bookmark	KennethSmith	daffodil	298.13	0
< 978-1-00-796906-4	sheepherder	JeffJames	daffodil|corroborate	231.28	0
< 978-1-08-021702-1	basketball	CharlesMeyer	daffodil|Magdalene|Puritan|counterman	438.48	0
< 978-1-933311-06-7		Mr.ThomasVazquez	Puritan|daffodil	222.81	0
< 978-0-561-95494-3	conveyance	CharlesMeyer	suitcase	0.00	0
< 978-1-08-021702-1	basketball	CharlesMeyer	daffodil|Magdalene|Puritan|counterman	438.48	0
< 978-1-314-91272-2	dragnet	CharlesMeyer	suitcase|urgent	285.12	10
< 978-0-531-15556-1	Arnold	MaryEvans	Puritan|oxygenate|effusive|Giuliano	37.60	16
< 978-0-7084-6562-2	jealous	BrianCrawford	Giuliano|urgent|Puritan	0.00	0
< 978-1-225-04033-0		Mr.ThomasVazquez	Giuliano|effusive	317.45	0
< 978-1-241-37155-5	maltose	KennethSmith	urgent|Puritan|Giuliano	78.58	0
< 978-1-308-48603-1	carpet	DerekReyes	Giuliano|effusive	192.84	0
< 978-1-396-75284-1	Sagittarius	EmilyGriffith	Giuliano|oxygenate|suitcase|Magdalene	291.15	0
2434d1763
< 978-1-56502-324-6	minuteman	BrookeWilson	suitcase	0.00	0
2437,2444d1765
< 978-0-561-95494-3	conveyance	CharlesMeyer	suitcase	0.00	0
< 978-0-88476-538-7			suitcase|effusive|counterman	449.80	0
< 978-1-03-088495-2	Yeats	JohnnyLittle	suitcase|corroborate	465.35	0
< 978-1-314-91272-2	dragnet	CharlesMeyer	suitcase|urgent	285.12	10
< 978-1-396-75284-1	Sagittarius	EmilyGriffith	Giuliano|oxygenate|suitcase|Magdalene	291.15	0
< 978-1-56502-324-6	minuteman	BrookeWilson	suitcase	0.00	0
< 978-1-77462-286-5		BrianCrawford	oxygenate|urgent|suitcase|Puritan	0.00	0
< 
2448,2451d1768
< 434.47
< 978-1-00-796906-4	sheepherder	JeffJames	daffodil|corroborate	231.28	0
< 978-1-03-088495-2	Yeats	JohnnyLittle	suitcase|corroborate	465.35	0
< 978-1-70943-147-0			corroborate|effusive|counterman	0.00	0
2458,2459d1774
< 
< 978-1-86497-466-9	conjure	JohnnyLittle		220.90	0
2464d1778
< 
2470d1783
< 
2512d1824
< 
2514d1825
< 978-0-531-15556-1	Arnold	MaryEvans	Puritan|oxygenate|effusive|Giuliano	37.60	16
2523,2529d1833
< 978-0-561-95494-3	conveyance	CharlesMeyer	suitcase	0.00	0
< 978-0-88476-538-7			suitcase|effusive|counterman	449.80	0
< 978-1-03-088495-2	Yeats	JohnnyLittle	suitcase|corroborate	465.35	0
< 978-1-314-91272-2	dragnet	CharlesMeyer	suitcase|urgent	285.12	10
< 978-1-396-75284-1	Sagittarius	EmilyGriffith	Giuliano|oxygenate|suitcase|Magdalene	291.15	0
< 978-1-56502-324-6	minuteman	BrookeWilson	suitcase	0.00	0
< 978-1-77462-286-5		BrianCrawford	oxygenate|urgent|suitcase|Puritan	0.00	0
2551d1854
< 
2569d1871
< 
2574,2579d1875
< 978-0-400-66291-6	utile	KellyBowen	oxygenate|urgent|daffodil|effusive	434.47	16
< 978-0-405-93580-0	amass		daffodil|effusive|Puritan|oxygenate	0.00	19
< 978-0-531-15556-1	Arnold	MaryEvans	Puritan|oxygenate|effusive|Giuliano	37.60	16
< 978-0-920159-35-4	storytelling	PennyWilliams	oxygenate	161.92	0
< 978-1-396-75284-1	Sagittarius	EmilyGriffith	Giuliano|oxygenate|suitcase|Magdalene	291.15	0
< 978-1-77462-286-5		BrianCrawford	oxygenate|urgent|suitcase|Puritan	0.00	0
2585d1880
< 
2588,2591d1882
< 
< 978-0-669-45265-5	exclamatory		Magdalene	298.39	0
< 978-1-08-021702-1	basketball	CharlesMeyer	daffodil|Magdalene|Puritan|counterman	438.48	0
< 978-1-396-75284-1	Sagittarius	EmilyGriffith	Giuliano|oxygenate|suitcase|Magdalene	291.15	0
2599d1889
< 
2602,2611d1891
< 
< 978-0-12-093877-3	ransom		urgent|Puritan	238.65	0
< 978-0-405-93580-0	amass		daffodil|effusive|Puritan|oxygenate	0.00	19
< 978-0-531-15556-1	Arnold	MaryEvans	Puritan|oxygenate|effusive|Giuliano	37.60	16
< 978-0-7084-6562-2	jealous	BrianCrawford	Giuliano|urgent|Puritan	0.00	0
< 978-1-08-021702-1	basketball	CharlesMeyer	daffodil|Magdalene|Puritan|counterman	438.48	0
< 978-1-241-37155-5	maltose	KennethSmith	urgent|Puritan|Giuliano	78.58	0
< 978-1-77462-286-5		BrianCrawford	oxygenate|urgent|suitcase|Puritan	0.00	0
< 978-1-81825-413-7	infrequent	JeffJames	Puritan	451.53	0
< 978-1-933311-06-7		Mr.ThomasVazquez	Puritan|daffodil	222.81	0
2617,2618d1896
< 
< 
2637d1914
< 
2643d1919
< 
2648,2650d1923
< 
< 978-0-566-18251-8	bookmark	KennethSmith	daffodil	298.13	0
< 978-1-241-37155-5	maltose	KennethSmith	urgent|Puritan|Giuliano	78.58	0
2665d1937
< 978-0-400-66291-6	utile	KellyBowen	oxygenate|urgent|daffodil|effusive	434.47	16
2675d1946
< 
2689d1959
< 
2694d1963
< 0.00
2699,2700d1967
< 978-1-225-04033-0		Mr.ThomasVazquez	Giuliano|effusive	317.45	0
< 978-1-933311-06-7		Mr.ThomasVazquez	Puritan|daffodil	222.81	0
2706,2714d1972
< 978-0-12-093877-3	ransom		urgent|Puritan	238.65	0
< 978-0-405-93580-0	amass		daffodil|effusive|Puritan|oxygenate	0.00	19
< 978-0-531-15556-1	Arnold	MaryEvans	Puritan|oxygenate|effusive|Giuliano	37.60	16
< 978-0-7084-6562-2	jealous	BrianCrawford	Giuliano|urgent|Puritan	0.00	0
< 978-1-08-021702-1	basketball	CharlesMeyer	daffodil|Magdalene|Puritan|counterman	438.48	0
< 978-1-241-37155-5	maltose	KennethSmith	urgent|Puritan|Giuliano	78.58	0
< 978-1-77462-286-5		BrianCrawford	oxygenate|urgent|suitcase|Puritan	0.00	0
< 978-1-81825-413-7	infrequent	JeffJames	Puritan	451.53	0
< 978-1-933311-06-7		Mr.ThomasVazquez	Puritan|daffodil	222.81	0
2719,2720d1976
< 
< 
2735d1990
< 
2737d1991
< 0.00
2741,2744d1994
< 978-1-00-796906-4	sheepherder	JeffJames	daffodil|corroborate	231.28	0
< 978-1-03-088495-2	Yeats	JohnnyLittle	suitcase|corroborate	465.35	0
< 978-1-70943-147-0			corroborate|effusive|counterman	0.00	0
< 978-0-13-884961-0	wane			137.95	0
2747,2752d1996
< 978-0-531-15556-1	Arnold	MaryEvans	Puritan|oxygenate|effusive|Giuliano	37.60	16
< 978-0-7084-6562-2	jealous	BrianCrawford	Giuliano|urgent|Puritan	0.00	0
< 978-1-225-04033-0		Mr.ThomasVazquez	Giuliano|effusive	317.45	0
< 978-1-241-37155-5	maltose	KennethSmith	urgent|Puritan|Giuliano	78.58	0
< 978-1-308-48603-1	carpet	DerekReyes	Giuliano|effusive	192.84	0
< 978-1-396-75284-1	Sagittarius	EmilyGriffith	Giuliano|oxygenate|suitcase|Magdalene	291.15	0
2755,2756d1998
< 
< 
2766,2767d2007
< 
< 
2770,2773d2009
< 
< 978-0-255-84374-4		JeffJames		0.00	33
< 978-1-00-796906-4	sheepherder	JeffJames	daffodil|corroborate	231.28	0
< 978-1-81825-413-7	infrequent	JeffJames	Puritan	451.53	0
2778,2780d2013
< 978-0-255-84374-4		JeffJames		0.00	33
< 978-1-00-796906-4	sheepherder	JeffJames	daffodil|corroborate	231.28	0
< 978-1-81825-413-7	infrequent	JeffJames	Puritan	451.53	0
2786d2018
< 
2794d2025
< 978-0-531-15556-1	Arnold	MaryEvans	Puritan|oxygenate|effusive|Giuliano	37.60	16
2802,2803d2032
< 
< 978-1-396-75284-1	Sagittarius	EmilyGriffith	Giuliano|oxygenate|suitcase|Magdalene	291.15	0
2805,2807d2033
< 978-1-225-04033-0		Mr.ThomasVazquez	Giuliano|effusive	317.45	0
< 978-1-933311-06-7		Mr.ThomasVazquez	Puritan|daffodil	222.81	0
< 
2811,2813d2036
< 
< 978-0-7084-6562-2	jealous	BrianCrawford	Giuliano|urgent|Puritan	0.00	0
< 978-1-77462-286-5		BrianCrawford	oxygenate|urgent|suitcase|Puritan	0.00	0
2816d2038
< 
2819,2820d2040
< 
< 
2823,2826d2042
< 978-0-255-84374-4		JeffJames		0.00	33
< 978-1-00-796906-4	sheepherder	JeffJames	daffodil|corroborate	231.28	0
< 978-1-81825-413-7	infrequent	JeffJames	Puritan	451.53	0
< 
2838d2053
< 
2845,2852d2059
< 978-0-315-98351-9	concertina	KellyBowen	urgent|daffodil	370.60	19
< 978-0-400-66291-6	utile	KellyBowen	oxygenate|urgent|daffodil|effusive	434.47	16
< 978-0-405-93580-0	amass		daffodil|effusive|Puritan|oxygenate	0.00	18
< 978-0-566-18251-8	bookmark	KennethSmith	daffodil	298.13	0
< 978-1-00-796906-4	sheepherder	JeffJames	daffodil|corroborate	231.28	0
< 978-1-08-021702-1	basketball	CharlesMeyer	daffodil|Magdalene|Puritan|counterman	438.48	0
< 978-1-933311-06-7		Mr.ThomasVazquez	Puritan|daffodil	222.81	0
< 
2854d2060
< 0.00
2856,2863d2061
< 
< 978-0-315-98351-9	concertina	KellyBowen	urgent|daffodil	370.60	19
< 978-0-400-66291-6	utile	KellyBowen	oxygenate|urgent|daffodil|effusive	434.47	16
< 978-0-405-93580-0	amass		daffodil|effusive|Puritan|oxygenate	0.00	17
< 978-0-566-18251-8	bookmark	KennethSmith	daffodil	298.13	0
< 978-1-00-796906-4	sheepherder	JeffJames	daffodil|corroborate	231.28	0
< 978-1-08-021702-1	basketball	CharlesMeyer	daffodil|Magdalene|Puritan|counterman	438.48	0
< 978-1-933311-06-7		Mr.ThomasVazquez	Puritan|daffodil	222.81	0
2873,2875d2070
< 978-0-315-98351-9	concertina	KellyBowen	urgent|daffodil	370.60	19
< 978-0-400-66291-6	utile	KellyBowen	oxygenate|urgent|daffodil|effusive	434.47	16
< 
2877d2071
< 978-1-08-021702-1	basketball	CharlesMeyer	daffodil|Magdalene|Puritan|counterman	438.48	0
2880d2073
< 
2887d2079
< 
2898d2089
< 
2909d2099
< 
2914d2103
< 
2919,2920d2107
< 
< 
2928d2114
< 978-0-640-41077-3	postposition	BrandyLynn		0.00	0
2930d2115
< 
2938d2122
< 
2942d2125
< 978-0-13-884961-0	wane			137.95	0
2947,2948d2129
< 
< 
2950d2130
< 
2957,2960d2136
< 978-0-88476-538-7			suitcase|effusive|counterman	449.80	0
< 978-1-08-021702-1	basketball	CharlesMeyer	daffodil|Magdalene|Puritan|counterman	438.48	0
< 978-1-70943-147-0			corroborate|effusive|counterman	0.00	0
< 
2967d2142
< 
2970,2978d2144
< 978-0-315-98351-9	concertina	KellyBowen	urgent|daffodil	370.60	19
< 978-0-400-66291-6	utile	KellyBowen	oxygenate|urgent|daffodil|effusive	434.47	16
< 
< 978-0-531-15556-1	Arnold	MaryEvans	Puritan|oxygenate|effusive|Giuliano	37.60	16
< 978-0-7084-6562-2	jealous	BrianCrawford	Giuliano|urgent|Puritan	0.00	0
< 978-1-225-04033-0		Mr.ThomasVazquez	Giuliano|effusive	317.45	0
< 978-1-241-37155-5	maltose	KennethSmith	urgent|Puritan|Giuliano	78.58	0
< 978-1-308-48603-1	carpet	DerekReyes	Giuliano|effusive	192.84	0
< 978-1-396-75284-1	Sagittarius	EmilyGriffith	Giuliano|oxygenate|suitcase|Magdalene	291.15	0
2989d2154
< 
2992d2156
< 
3031,3033d2194
< 978-1-225-04033-0		Mr.ThomasVazquez	Giuliano|effusive	317.45	0
< 978-1-933311-06-7		Mr.ThomasVazquez	Puritan|daffodil	222.81	0
< 
3036d2196
< 
3038,3046d2197
< 978-0-315-98351-9	concertina	KellyBowen	urgent|daffodil	370.60	19
< 978-0-400-66291-6	utile	KellyBowen	oxygenate|urgent|daffodil|effusive	434.47	16
< 978-0-531-15556-1	Arnold	MaryEvans	Puritan|oxygenate|effusive|Giuliano	37.60	16
< 978-0-7084-6562-2	jealous	BrianCrawford	Giuliano|urgent|Puritan	0.00	0
< 978-0-89978-930-9	Acapulco	Mrs.LisaOsborne	daffodil|effusive|Giuliano|counterman|urgent	309.01	0
< 978-1-225-04033-0		Mr.ThomasVazquez	Giuliano|effusive	317.45	0
< 978-1-241-37155-5	maltose	KennethSmith	urgent|Puritan|Giuliano	78.58	0
< 978-1-308-48603-1	carpet	DerekReyes	Giuliano|effusive	192.84	0
< 978-1-396-75284-1	Sagittarius	EmilyGriffith	Giuliano|oxygenate|suitcase|Magdalene	291.15	0
3049,3050d2199
< 978-0-566-18251-8	bookmark	KennethSmith	daffodil	298.13	0
< 978-1-241-37155-5	maltose	KennethSmith	urgent|Puritan|Giuliano	78.58	0
3075d2223
< 
3077,3079d2224
< 
< 978-0-640-41077-3	postposition	BrandyLynn		0.00	0
< 
3081d2225
< 
3084,3092d2227
< 978-0-12-093877-3	ransom		urgent|Puritan	238.65	0
< 978-0-405-93580-0	amass		daffodil|effusive|Puritan|oxygenate	0.00	17
< 978-0-531-15556-1	Arnold	MaryEvans	Puritan|oxygenate|effusive|Giuliano	37.60	16
< 978-0-7084-6562-2	jealous	BrianCrawford	Giuliano|urgent|Puritan	0.00	0
< 978-1-08-021702-1	basketball	CharlesMeyer	daffodil|Magdalene|Puritan|counterman	438.48	0
< 978-1-241-37155-5	maltose	KennethSmith	urgent|Puritan|Giuliano	78.58	0
< 978-1-77462-286-5		BrianCrawford	oxygenate|urgent|suitcase|Puritan	0.00	0
< 978-1-81825-413-7	infrequent	JeffJames	Puritan	451.53	0
< 978-1-933311-06-7		Mr.ThomasVazquez	Puritan|daffodil	222.81	0
3098,3102d2232
< 978-0-7558-3718-2	authenticate	JacquelineCamacho	counterman	391.95	0
< 978-0-88476-538-7			suitcase|effusive|counterman	449.80	0
< 978-0-89978-930-9	Acapulco	Mrs.LisaOsborne	daffodil|effusive|Giuliano|counterman|urgent	309.01	0
< 978-1-08-021702-1	basketball	CharlesMeyer	daffodil|Magdalene|Puritan|counterman	438.48	0
< 978-1-70943-147-0			corroborate|effusive|counterman	0.00	0
3104d2233
< 
3120d2248
< 978-0-324-36026-4	scurry	KimberlyWilliams	effusive|urgent	390.33	0
3123d2250
< 
3126,3127d2252
< 978-0-566-18251-8	bookmark	KennethSmith	daffodil	298.13	0
< 978-1-241-37155-5	maltose	KennethSmith	urgent|Puritan|Giuliano	78.58	0
3131,3133d2255
< 
< 
< 
3136,3153d2257
< 978-0-16-880017-9	obsequious	AshleyStanley	effusive	60.49	0
< 978-0-324-36026-4	scurry	KimberlyWilliams	effusive|urgent	390.33	0
< 978-0-400-66291-6	utile	KellyBowen	oxygenate|urgent|daffodil|effusive	434.47	16
< 978-0-405-93580-0	amass		daffodil|effusive|Puritan|oxygenate	0.00	17
< 978-0-531-15556-1	Arnold	MaryEvans	Puritan|oxygenate|effusive|Giuliano	37.60	16
< 978-0-88476-538-7			suitcase|effusive|counterman	449.80	0
< 978-0-89978-930-9	Acapulco	Mrs.LisaOsborne	daffodil|effusive|Giuliano|counterman|urgent	309.01	0
< 978-1-225-04033-0		Mr.ThomasVazquez	Giuliano|effusive	317.45	0
< 978-1-308-48603-1	carpet	DerekReyes	Giuliano|effusive	192.84	0
< 978-1-70943-147-0			corroborate|effusive|counterman	0.00	0
< 978-0-531-15556-1	Arnold	MaryEvans	Puritan|oxygenate|effusive|Giuliano	37.60	16
< 978-0-615-83956-1			Giuliano|Magdalene	349.25	0
< 978-0-7084-6562-2	jealous	BrianCrawford	Giuliano|urgent|Puritan	0.00	0
< 978-0-89978-930-9	Acapulco	Mrs.LisaOsborne	daffodil|effusive|Giuliano|counterman|urgent	309.01	0
< 978-1-225-04033-0		Mr.ThomasVazquez	Giuliano|effusive	317.45	0
< 978-1-241-37155-5	maltose	KennethSmith	urgent|Puritan|Giuliano	78.58	0
< 978-1-308-48603-1	carpet	DerekReyes	Giuliano|effusive	192.84	0
< 978-1-396-75284-1	Sagittarius	EmilyGriffith	Giuliano|oxygenate|suitcase|Magdalene	291.15	0
3157d2260
< 
3161d2263
< 
3178d2279
< 
3184,3192d2284
< 978-0-12-093877-3	ransom		urgent|Puritan	238.65	0
< 978-0-405-93580-0	amass		daffodil|effusive|Puritan|oxygenate	0.00	17
< 978-0-531-15556-1	Arnold	MaryEvans	Puritan|oxygenate|effusive|Giuliano	37.60	16
< 978-0-7084-6562-2	jealous	BrianCrawford	Giuliano|urgent|Puritan	0.00	0
< 978-1-08-021702-1	basketball	CharlesMeyer	daffodil|Magdalene|Puritan|counterman	438.48	0
< 978-1-241-37155-5	maltose	KennethSmith	urgent|Puritan|Giuliano	78.58	0
< 978-1-77462-286-5		BrianCrawford	oxygenate|urgent|suitcase|Puritan	0.00	0
< 978-1-81825-413-7	infrequent	JeffJames	Puritan	451.53	0
< 978-1-933311-06-7		Mr.ThomasVazquez	Puritan|daffodil	222.81	0
3196d2287
< 
3206d2296
< 978-1-230-11209-1		BrianOwens		282.26	0
3216,3217d2305
< 978-1-225-04033-0		Mr.ThomasVazquez	Giuliano|effusive	317.45	0
< 978-1-933311-06-7		Mr.ThomasVazquez	Puritan|daffodil	222.81	0
3220,3221d2307
< 
< 
3228,3230d2313
< 978-1-03-088495-2	Yeats	JohnnyLittle	suitcase|corroborate	465.35	0
< 978-1-86497-466-9	conjure	JohnnyLittle		220.90	0
< 978-0-324-36026-4	scurry	KimberlyWilliams	effusive|urgent	390.33	0
3233d2315
< 
3240d2321
< 978-0-13-884961-0	wane			137.95	0
3245d2325
< 
3250,3257d2329
< 978-0-315-98351-9	concertina	KellyBowen	urgent|daffodil	370.60	19
< 978-0-400-66291-6	utile	KellyBowen	oxygenate|urgent|daffodil|effusive	434.47	16
< 978-0-405-93580-0	amass		daffodil|effusive|Puritan|oxygenate	0.00	17
< 978-0-566-18251-8	bookmark	KennethSmith	daffodil	298.13	0
< 978-0-89978-930-9	Acapulco	Mrs.LisaOsborne	daffodil|effusive|Giuliano|counterman|urgent	309.01	0
< 978-1-00-796906-4	sheepherder	JeffJames	daffodil|corroborate	231.28	0
< 978-1-08-021702-1	basketball	CharlesMeyer	daffodil|Magdalene|Puritan|counterman	438.48	0
< 978-1-933311-06-7		Mr.ThomasVazquez	Puritan|daffodil	222.81	0
3260,3276d2331
< 
< 978-0-12-093877-3	ransom		urgent|Puritan	238.65	0
< 978-0-315-98351-9	concertina	KellyBowen	urgent|daffodil	370.60	19
< 978-0-324-36026-4	scurry	KimberlyWilliams	effusive|urgent	390.33	0
< 978-0-400-66291-6	utile	KellyBowen	oxygenate|urgent|daffodil|effusive	434.47	16
< 978-0-7084-6562-2	jealous	BrianCrawford	Giuliano|urgent|Puritan	0.00	0
< 978-0-89978-930-9	Acapulco	Mrs.LisaOsborne	daffodil|effusive|Giuliano|counterman|urgent	309.01	0
< 978-1-241-37155-5	maltose	KennethSmith	urgent|Puritan|Giuliano	78.58	0
< 978-1-314-91272-2	dragnet	CharlesMeyer	suitcase|urgent	285.12	10
< 978-1-77462-286-5		BrianCrawford	oxygenate|urgent|suitcase|Puritan	0.00	0
< 
< 978-0-615-83956-1			Giuliano|Magdalene	349.25	0
< 978-0-669-45265-5	exclamatory		Magdalene	298.39	0
< 978-1-08-021702-1	basketball	CharlesMeyer	daffodil|Magdalene|Puritan|counterman	438.48	0
< 978-1-396-75284-1	Sagittarius	EmilyGriffith	Giuliano|oxygenate|suitcase|Magdalene	291.15	0
< 978-1-308-48603-1	carpet	DerekReyes	Giuliano|effusive	192.84	0
< 
3279,3287d2333
< 978-0-12-093877-3	ransom		urgent|Puritan	238.65	0
< 978-0-405-93580-0	amass		daffodil|effusive|Puritan|oxygenate	0.00	17
< 978-0-531-15556-1	Arnold	MaryEvans	Puritan|oxygenate|effusive|Giuliano	37.60	16
< 978-0-7084-6562-2	jealous	BrianCrawford	Giuliano|urgent|Puritan	0.00	0
< 978-1-08-021702-1	basketball	CharlesMeyer	daffodil|Magdalene|Puritan|counterman	438.48	0
< 978-1-241-37155-5	maltose	KennethSmith	urgent|Puritan|Giuliano	78.58	0
< 978-1-77462-286-5		BrianCrawford	oxygenate|urgent|suitcase|Puritan	0.00	0
< 978-1-81825-413-7	infrequent	JeffJames	Puritan	451.53	0
< 978-1-933311-06-7		Mr.ThomasVazquez	Puritan|daffodil	222.81	0
3291,3292d2336
< 
< 978-1-308-48603-1	carpet	DerekReyes	Giuliano|effusive	192.84	0
3308,3309d2351
< 
< 
3314,3320d2355
< 978-0-7558-3718-2	authenticate	JacquelineCamacho	counterman	391.95	0
< 978-0-88476-538-7			suitcase|effusive|counterman	449.80	0
< 978-0-89978-930-9	Acapulco	Mrs.LisaOsborne	daffodil|effusive|Giuliano|counterman|urgent	309.01	0
< 978-1-08-021702-1	basketball	CharlesMeyer	daffodil|Magdalene|Puritan|counterman	438.48	0
< 978-1-70943-147-0			corroborate|effusive|counterman	0.00	0
< 978-0-566-18251-8	bookmark	KennethSmith	daffodil	298.13	0
< 978-1-241-37155-5	maltose	KennethSmith	urgent|Puritan|Giuliano	78.58	0
3326,3327d2360
< 
< 
3332d2364
< 978-1-230-11209-1		BrianOwens		282.26	0
3334,3335d2365
< 
< 
3337d2366
< 
3347d2375
< 
3355,3361d2382
< 978-0-561-95494-3	conveyance	CharlesMeyer	suitcase	0.00	0
< 978-0-88476-538-7			suitcase|effusive|counterman	449.80	0
< 978-1-03-088495-2	Yeats	JohnnyLittle	suitcase|corroborate	465.35	0
< 978-1-314-91272-2	dragnet	CharlesMeyer	suitcase|urgent	285.12	10
< 978-1-396-75284-1	Sagittarius	EmilyGriffith	Giuliano|oxygenate|suitcase|Magdalene	291.15	0
< 978-1-56502-324-6	minuteman	BrookeWilson	suitcase	0.00	0
< 978-1-77462-286-5		BrianCrawford	oxygenate|urgent|suitcase|Puritan	0.00	0
3364d2384
< 978-1-241-37155-5	maltose	KennethSmith	urgent|Puritan|Giuliano	78.58	0
3370d2389
< 
3383,3384d2401
< 
< 978-0-7754-4166-6	burette	AmandaGonzalez	Puritan|daffodil|counterman|urgent|corroborate	198.44	8
3388,3394d2404
< 978-0-400-66291-6	utile	KellyBowen	oxygenate|urgent|daffodil|effusive	434.47	16
< 978-0-405-93580-0	amass		daffodil|effusive|Puritan|oxygenate	0.00	17
< 978-0-531-15556-1	Arnold	MaryEvans	Puritan|oxygenate|effusive|Giuliano	37.60	16
< 978-0-920159-35-4	storytelling	PennyWilliams	oxygenate	161.92	0
< 978-1-396-75284-1	Sagittarius	EmilyGriffith	Giuliano|oxygenate|suitcase|Magdalene	291.15	0
< 978-1-77462-286-5		BrianCrawford	oxygenate|urgent|suitcase|Puritan	0.00	34
< 
3404,3413d2413
< 978-0-16-880017-9	obsequious	AshleyStanley	effusive	60.49	0
< 978-0-324-36026-4	scurry	KimberlyWilliams	effusive|urgent	390.33	0
< 978-0-400-66291-6	utile	KellyBowen	oxygenate|urgent|daffodil|effusive	434.47	16
< 978-0-405-93580-0	amass		daffodil|effusive|Puritan|oxygenate	0.00	17
< 978-0-531-15556-1	Arnold	MaryEvans	Puritan|oxygenate|effusive|Giuliano	37.60	16
< 978-0-88476-538-7			suitcase|effusive|counterman	449.80	0
< 978-0-89978-930-9	Acapulco	Mrs.LisaOsborne	daffodil|effusive|Giuliano|counterman|urgent	309.01	0
< 978-1-225-04033-0		Mr.ThomasVazquez	Giuliano|effusive	317.45	0
< 978-1-308-48603-1	carpet	DerekReyes	Giuliano|effusive	192.84	0
< 978-1-70943-147-0			corroborate|effusive|counterman	0.00	0
3418d2417
< 
3423,3425d2421
< 
< 978-1-225-04033-0		Mr.ThomasVazquez	Giuliano|effusive	317.45	0
< 978-1-933311-06-7		Mr.ThomasVazquez	Puritan|daffodil	222.81	0
3435d2430
< 
3438,3444d2432
< 978-0-561-95494-3	conveyance	CharlesMeyer	suitcase	0.00	0
< 978-0-88476-538-7			suitcase|effusive|counterman	449.80	0
< 978-1-03-088495-2	Yeats	JohnnyLittle	suitcase|corroborate	465.35	0
< 978-1-314-91272-2	dragnet	CharlesMeyer	suitcase|urgent	285.12	10
< 978-1-396-75284-1	Sagittarius	EmilyGriffith	Giuliano|oxygenate|suitcase|Magdalene	291.15	0
< 978-1-56502-324-6	minuteman	BrookeWilson	suitcase	0.00	0
< 978-1-77462-286-5		BrianCrawford	oxygenate|urgent|suitcase|Puritan	0.00	34
3467d2454
< 
3469,3472d2455
< 978-0-315-98351-9	concertina	KellyBowen	urgent|daffodil	370.60	19
< 978-0-400-66291-6	utile	KellyBowen	oxygenate|urgent|daffodil|effusive	434.47	16
< 
< 
3474,3479d2456
< 978-0-7558-3718-2	authenticate	JacquelineCamacho	counterman	391.95	0
< 978-0-7754-4166-6	burette	AmandaGonzalez	Puritan|daffodil|counterman|urgent|corroborate	198.44	8
< 978-0-88476-538-7			suitcase|effusive|counterman	449.80	0
< 978-0-89978-930-9	Acapulco	Mrs.LisaOsborne	daffodil|effusive|Giuliano|counterman|urgent	309.01	0
< 978-1-08-021702-1	basketball	CharlesMeyer	daffodil|Magdalene|Puritan|counterman	438.48	0
< 978-1-70943-147-0			corroborate|effusive|counterman	0.00	0
3490d2466
< 
3492,3506d2467
< 978-0-615-83956-1			Giuliano|Magdalene	349.25	0
< 978-0-669-45265-5	exclamatory		Magdalene	298.39	0
< 978-1-08-021702-1	basketball	CharlesMeyer	daffodil|Magdalene|Puritan|counterman	438.48	0
< 978-1-396-75284-1	Sagittarius	EmilyGriffith	Giuliano|oxygenate|suitcase|Magdalene	291.15	0
< 978-0-315-98351-9	concertina	KellyBowen	urgent|daffodil	370.60	19
< 
< 978-0-315-98351-9	concertina	KellyBowen	urgent|daffodil	370.60	19
< 978-0-400-66291-6	utile	KellyBowen	oxygenate|urgent|daffodil|effusive	434.47	16
< 978-0-405-93580-0	amass		daffodil|effusive|Puritan|oxygenate	0.00	17
< 978-0-566-18251-8	bookmark	KennethSmith	daffodil	298.13	0
< 978-0-7754-4166-6	burette	AmandaGonzalez	Puritan|daffodil|counterman|urgent|corroborate	198.44	8
< 978-0-89978-930-9	Acapulco	Mrs.LisaOsborne	daffodil|effusive|Giuliano|counterman|urgent	309.01	0
< 978-1-00-796906-4	sheepherder	JeffJames	daffodil|corroborate	231.28	0
< 978-1-08-021702-1	basketball	CharlesMeyer	daffodil|Magdalene|Puritan|counterman	438.48	0
< 978-1-933311-06-7		Mr.ThomasVazquez	Puritan|daffodil	222.81	0
3558d2518
< 
3561,3570d2520
< 978-0-12-093877-3	ransom		urgent|Puritan	238.65	0
< 978-0-315-98351-9	concertina	KellyBowen	urgent|daffodil	370.60	19
< 978-0-324-36026-4	scurry	KimberlyWilliams	effusive|urgent	390.33	0
< 978-0-400-66291-6	utile	KellyBowen	oxygenate|urgent|daffodil|effusive	434.47	16
< 978-0-7084-6562-2	jealous	BrianCrawford	Giuliano|urgent|Puritan	0.00	0
< 978-0-7754-4166-6	burette	AmandaGonzalez	Puritan|daffodil|counterman|urgent|corroborate	198.44	8
< 978-0-89978-930-9	Acapulco	Mrs.LisaOsborne	daffodil|effusive|Giuliano|counterman|urgent	309.01	0
< 978-1-241-37155-5	maltose	KennethSmith	urgent|Puritan|Giuliano	78.58	0
< 978-1-314-91272-2	dragnet	CharlesMeyer	suitcase|urgent	285.12	10
< 978-1-77462-286-5		BrianCrawford	oxygenate|urgent|suitcase|Puritan	0.00	34
3573d2522
< 
3576,3583d2524
< 978-0-531-15556-1	Arnold	MaryEvans	Puritan|oxygenate|effusive|Giuliano	37.60	16
< 978-0-615-83956-1			Giuliano|Magdalene	349.25	0
< 978-0-7084-6562-2	jealous	BrianCrawford	Giuliano|urgent|Puritan	0.00	0
< 978-0-89978-930-9	Acapulco	Mrs.LisaOsborne	daffodil|effusive|Giuliano|counterman|urgent	309.01	0
< 978-1-225-04033-0		Mr.ThomasVazquez	Giuliano|effusive	317.45	0
< 978-1-241-37155-5	maltose	KennethSmith	urgent|Puritan|Giuliano	78.58	0
< 978-1-308-48603-1	carpet	DerekReyes	Giuliano|effusive	192.84	0
< 978-1-396-75284-1	Sagittarius	EmilyGriffith	Giuliano|oxygenate|suitcase|Magdalene	291.15	0
3586d2526
< 
3590d2529
< 
3596,3597d2534
< 
< 
3603d2539
< 978-1-396-75284-1	Sagittarius	EmilyGriffith	Giuliano|oxygenate|suitcase|Magdalene	291.15	0
3605d2540
< 
3608,3614d2542
< 978-0-561-95494-3	conveyance	CharlesMeyer	suitcase	0.00	0
< 978-0-88476-538-7			suitcase|effusive|counterman	449.80	0
< 978-1-03-088495-2	Yeats	JohnnyLittle	suitcase|corroborate	465.35	0
< 978-1-314-91272-2	dragnet	CharlesMeyer	suitcase|urgent	285.12	10
< 978-1-396-75284-1	Sagittarius	EmilyGriffith	Giuliano|oxygenate|suitcase|Magdalene	291.15	0
< 978-1-56502-324-6	minuteman	BrookeWilson	suitcase	0.00	0
< 978-1-77462-286-5		BrianCrawford	oxygenate|urgent|suitcase|Puritan	0.00	34
3618,3628d2545
< 978-0-16-880017-9	obsequious	AshleyStanley	effusive	60.49	0
< 434.47
< 978-0-315-98351-9	concertina	KellyBowen	urgent|daffodil	370.60	19
< 978-0-400-66291-6	utile	KellyBowen	oxygenate|urgent|daffodil|effusive	434.47	15
< 978-0-405-93580-0	amass		daffodil|effusive|Puritan|oxygenate	0.00	17
< 978-0-566-18251-8	bookmark	KennethSmith	daffodil	298.13	0
< 978-0-7754-4166-6	burette	AmandaGonzalez	Puritan|daffodil|counterman|urgent|corroborate	198.44	8
< 978-0-89978-930-9	Acapulco	Mrs.LisaOsborne	daffodil|effusive|Giuliano|counterman|urgent	309.01	0
< 978-1-00-796906-4	sheepherder	JeffJames	daffodil|corroborate	231.28	0
< 978-1-08-021702-1	basketball	CharlesMeyer	daffodil|Magdalene|Puritan|counterman	438.48	0
< 978-1-933311-06-7		Mr.ThomasVazquez	Puritan|daffodil	222.81	0
3639,3641d2555
< 978-0-89978-930-9	Acapulco	Mrs.LisaOsborne	daffodil|effusive|Giuliano|counterman|urgent	309.01	0
< 978-1-03-088495-2	Yeats	JohnnyLittle	suitcase|corroborate	465.35	0
< 978-1-86497-466-9	conjure	JohnnyLittle		220.90	0
3644d2557
< 
3651,3660d2563
< 978-0-12-093877-3	ransom		urgent|Puritan	238.65	0
< 978-0-315-98351-9	concertina	KellyBowen	urgent|daffodil	370.60	19
< 978-0-324-36026-4	scurry	KimberlyWilliams	effusive|urgent	390.33	0
< 978-0-400-66291-6	utile	KellyBowen	oxygenate|urgent|daffodil|effusive	434.47	15
< 978-0-7084-6562-2	jealous	BrianCrawford	Giuliano|urgent|Puritan	0.00	0
< 978-0-7754-4166-6	burette	AmandaGonzalez	Puritan|daffodil|counterman|urgent|corroborate	198.44	8
< 978-0-89978-930-9	Acapulco	Mrs.LisaOsborne	daffodil|effusive|Giuliano|counterman|urgent	309.01	0
< 978-1-241-37155-5	maltose	KennethSmith	urgent|Puritan|Giuliano	78.58	0
< 978-1-314-91272-2	dragnet	CharlesMeyer	suitcase|urgent	285.12	10
< 978-1-77462-286-5		BrianCrawford	oxygenate|urgent|suitcase|Puritan	0.00	34
3663d2565
< 
3666d2567
< 
3670,3681d2570
< 978-0-7558-3718-2	authenticate	JacquelineCamacho	counterman	391.95	0
< 978-0-7754-4166-6	burette	AmandaGonzalez	Puritan|daffodil|counterman|urgent|corroborate	198.44	8
< 978-0-88476-538-7			suitcase|effusive|counterman	449.80	0
< 978-0-89978-930-9	Acapulco	Mrs.LisaOsborne	daffodil|effusive|Giuliano|counterman|urgent	309.01	0
< 978-1-08-021702-1	basketball	CharlesMeyer	daffodil|Magdalene|Puritan|counterman	438.48	0
< 978-1-70943-147-0			corroborate|effusive|counterman	0.00	0
< 978-0-7558-3718-2	authenticate	JacquelineCamacho	counterman	391.95	0
< 978-0-7754-4166-6	burette	AmandaGonzalez	Puritan|daffodil|counterman|urgent|corroborate	198.44	8
< 978-0-88476-538-7			suitcase|effusive|counterman	449.80	0
< 978-0-89978-930-9	Acapulco	Mrs.LisaOsborne	daffodil|effusive|Giuliano|counterman|urgent	309.01	0
< 978-1-08-021702-1	basketball	CharlesMeyer	daffodil|Magdalene|Puritan|counterman	438.48	0
< 978-1-70943-147-0			corroborate|effusive|counterman	0.00	0
3692,3696d2580
< 978-1-308-48603-1	carpet	DerekReyes	Giuliano|effusive	192.84	0
< 978-0-7754-4166-6	burette	AmandaGonzalez	Puritan|daffodil|counterman|urgent|corroborate	198.44	8
< 978-1-00-796906-4	sheepherder	JeffJames	daffodil|corroborate	231.28	0
< 978-1-03-088495-2	Yeats	JohnnyLittle	suitcase|corroborate	465.35	0
< 978-1-70943-147-0			corroborate|effusive|counterman	0.00	0
3706d2589
< 
3715d2597
< 
3724d2605
< 978-0-7084-6562-2	jealous	BrianCrawford	Giuliano|urgent|Puritan	0.00	0
3727d2607
< 
3731,3741d2610
< 
< 978-0-16-880017-9	obsequious	AshleyStanley	effusive	60.49	0
< 978-0-324-36026-4	scurry	KimberlyWilliams	effusive|urgent	390.33	0
< 978-0-400-66291-6	utile	KellyBowen	oxygenate|urgent|daffodil|effusive	434.47	15
< 978-0-405-93580-0	amass		daffodil|effusive|Puritan|oxygenate	0.00	17
< 978-0-531-15556-1	Arnold	MaryEvans	Puritan|oxygenate|effusive|Giuliano	37.60	16
< 978-0-88476-538-7			suitcase|effusive|counterman	449.80	0
< 978-0-89978-930-9	Acapulco	Mrs.LisaOsborne	daffodil|effusive|Giuliano|counterman|urgent	309.01	0
< 978-1-225-04033-0		Mr.ThomasVazquez	Giuliano|effusive	317.45	0
< 978-1-308-48603-1	carpet	DerekReyes	Giuliano|effusive	192.84	0
< 978-1-70943-147-0			corroborate|effusive|counterman	0.00	0
3744,3756d2612
< 978-0-12-093877-3	ransom		urgent|Puritan	238.65	0
< 978-0-405-93580-0	amass		daffodil|effusive|Puritan|oxygenate	0.00	17
< 978-0-531-15556-1	Arnold	MaryEvans	Puritan|oxygenate|effusive|Giuliano	37.60	16
< 978-0-7084-6562-2	jealous	BrianCrawford	Giuliano|urgent|Puritan	0.00	0
< 978-0-7754-4166-6	burette	AmandaGonzalez	Puritan|daffodil|counterman|urgent|corroborate	198.44	8
< 978-1-08-021702-1	basketball	CharlesMeyer	daffodil|Magdalene|Puritan|counterman	438.48	0
< 978-1-241-37155-5	maltose	KennethSmith	urgent|Puritan|Giuliano	78.58	0
< 978-1-77462-286-5		BrianCrawford	oxygenate|urgent|suitcase|Puritan	0.00	34
< 978-1-81825-413-7	infrequent	JeffJames	Puritan	451.53	0
< 978-1-933311-06-7		Mr.ThomasVazquez	Puritan|daffodil	222.81	0
< 978-0-255-84374-4		JeffJames		0.00	33
< 978-1-00-796906-4	sheepherder	JeffJames	daffodil|corroborate	231.28	0
< 978-1-81825-413-7	infrequent	JeffJames	Puritan	451.53	0
3759d2614
< 978-0-324-36026-4	scurry	KimberlyWilliams	effusive|urgent	390.33	0
3762d2616
< 
3767d2620
< 
3771d2623
< 
3780d2631
< 
3783d2633
< 978-0-531-15556-1	Arnold	MaryEvans	Puritan|oxygenate|effusive|Giuliano	37.60	16
3786d2635
< 
3791d2639
< 
3795d2642
< 
3798,3799d2644
< 
< 
3801,3802d2645
< 978-0-324-36026-4	scurry	KimberlyWilliams	effusive|urgent	390.33	0
< 978-0-640-41077-3	postposition	BrandyLynn		0.00	0
3805d2647
< 
3807,3808d2648
< 978-1-225-04033-0		Mr.ThomasVazquez	Giuliano|effusive	317.45	0
< 978-1-933311-06-7		Mr.ThomasVazquez	Puritan|daffodil	222.81	0
3820,3821d2659
< 978-1-225-04033-0		Mr.ThomasVazquez	Giuliano|effusive	317.45	0
< 978-1-933311-06-7		Mr.ThomasVazquez	Puritan|daffodil	222.81	0
3826,3827d2663
< 
< 978-1-86497-466-9	conjure	JohnnyLittle		220.90	0
3837d2672
< 
3840d2674
< 
3854,3861d2687
< 978-0-531-15556-1	Arnold	MaryEvans	Puritan|oxygenate|effusive|Giuliano	37.60	16
< 978-0-615-83956-1			Giuliano|Magdalene	349.25	0
< 978-0-7084-6562-2	jealous	BrianCrawford	Giuliano|urgent|Puritan	0.00	0
< 978-0-89978-930-9	Acapulco	Mrs.LisaOsborne	daffodil|effusive|Giuliano|counterman|urgent	309.01	0
< 978-1-225-04033-0		Mr.ThomasVazquez	Giuliano|effusive	317.45	0
< 978-1-241-37155-5	maltose	KennethSmith	urgent|Puritan|Giuliano	78.58	0
< 978-1-308-48603-1	carpet	DerekReyes	Giuliano|effusive	192.84	0
< 978-1-396-75284-1	Sagittarius	EmilyGriffith	Giuliano|oxygenate|suitcase|Magdalene	291.15	0
3881d2706
< 978-0-89978-930-9	Acapulco	Mrs.LisaOsborne	daffodil|effusive|Giuliano|counterman|urgent	309.01	0
3883d2707
< 
3910d2733
< 
3913d2735
< 
3916d2737
< 0.00
3918,3919d2738
< 
< 
3932,3938d2750
< 978-0-561-95494-3	conveyance	CharlesMeyer	suitcase	0.00	0
< 978-0-88476-538-7			suitcase|effusive|counterman	449.80	0
< 978-1-03-088495-2	Yeats	JohnnyLittle	suitcase|corroborate	465.35	0
< 978-1-314-91272-2	dragnet	CharlesMeyer	suitcase|urgent	285.12	10
< 978-1-396-75284-1	Sagittarius	EmilyGriffith	Giuliano|oxygenate|suitcase|Magdalene	291.15	0
< 978-1-56502-324-6	minuteman	BrookeWilson	suitcase	0.00	0
< 978-1-77462-286-5		BrianCrawford	oxygenate|urgent|suitcase|Puritan	0.00	33
3941,3944d2752
< 978-0-615-83956-1			Giuliano|Magdalene	349.25	0
< 978-0-669-45265-5	exclamatory		Magdalene	298.39	0
< 978-1-08-021702-1	basketball	CharlesMeyer	daffodil|Magdalene|Puritan|counterman	438.48	0
< 978-1-396-75284-1	Sagittarius	EmilyGriffith	Giuliano|oxygenate|suitcase|Magdalene	291.15	0
3951,3959d2758
< 978-0-315-98351-9	concertina	KellyBowen	urgent|daffodil	370.60	19
< 978-0-400-66291-6	utile	KellyBowen	oxygenate|urgent|daffodil|effusive	434.47	15
< 978-0-405-93580-0	amass		daffodil|effusive|Puritan|oxygenate	0.00	17
< 978-0-566-18251-8	bookmark	KennethSmith	daffodil	298.13	0
< 978-0-7754-4166-6	burette	AmandaGonzalez	Puritan|daffodil|counterman|urgent|corroborate	198.44	8
< 978-0-89978-930-9	Acapulco	Mrs.LisaOsborne	daffodil|effusive|Giuliano|counterman|urgent	309.01	0
< 978-1-00-796906-4	sheepherder	JeffJames	daffodil|corroborate	231.28	0
< 978-1-08-021702-1	basketball	CharlesMeyer	daffodil|Magdalene|Puritan|counterman	438.48	0
< 978-1-933311-06-7		Mr.ThomasVazquez	Puritan|daffodil	222.81	0
3963,3964d2761
< 
< 978-0-88377-299-7	commerce			0.00	0
3967,3972d2763
< 978-0-400-66291-6	utile	KellyBowen	oxygenate|urgent|daffodil|effusive	434.47	15
< 978-0-405-93580-0	amass		daffodil|effusive|Puritan|oxygenate	0.00	17
< 978-0-531-15556-1	Arnold	MaryEvans	Puritan|oxygenate|effusive|Giuliano	37.60	16
< 978-0-920159-35-4	storytelling	PennyWilliams	oxygenate	161.92	0
< 978-1-396-75284-1	Sagittarius	EmilyGriffith	Giuliano|oxygenate|suitcase|Magdalene	291.15	0
< 978-1-77462-286-5		BrianCrawford	oxygenate|urgent|suitcase|Puritan	0.00	33
3974,3977d2764
< 978-0-615-83956-1			Giuliano|Magdalene	349.25	0
< 978-0-669-45265-5	exclamatory		Magdalene	298.39	0
< 978-1-08-021702-1	basketball	CharlesMeyer	daffodil|Magdalene|Puritan|counterman	438.48	0
< 978-1-396-75284-1	Sagittarius	EmilyGriffith	Giuliano|oxygenate|suitcase|Magdalene	291.15	0
3985,3986d2771
< 978-0-7084-6562-2	jealous	BrianCrawford	Giuliano|urgent|Puritan	0.00	0
< 978-1-77462-286-5		BrianCrawford	oxygenate|urgent|suitcase|Puritan	0.00	33
3996,3997d2780
< 978-0-531-15556-1	Arnold	MaryEvans	Puritan|oxygenate|effusive|Giuliano	37.60	16
< 978-1-08-021702-1	basketball	CharlesMeyer	daffodil|Magdalene|Puritan|counterman	438.48	0
4004,4007d2786
< 978-0-615-83956-1			Giuliano|Magdalene	349.25	0
< 978-0-669-45265-5	exclamatory		Magdalene	298.39	0
< 978-1-08-021702-1	basketball	CharlesMeyer	daffodil|Magdalene|Puritan|counterman	438.48	0
< 978-1-396-75284-1	Sagittarius	EmilyGriffith	Giuliano|oxygenate|suitcase|Magdalene	291.15	0
4011,4021d2789
< 
< 978-0-315-98351-9	concertina	KellyBowen	urgent|daffodil	370.60	19
< 978-0-400-66291-6	utile	KellyBowen	oxygenate|urgent|daffodil|effusive	434.47	15
< 978-0-405-93580-0	amass		daffodil|effusive|Puritan|oxygenate	0.00	17
< 978-0-566-18251-8	bookmark	KennethSmith	daffodil	298.13	0
< 978-0-7754-4166-6	burette	AmandaGonzalez	Puritan|daffodil|counterman|urgent|corroborate	198.44	8
< 978-0-89978-930-9	Acapulco	Mrs.LisaOsborne	daffodil|effusive|Giuliano|counterman|urgent	309.01	0
< 978-1-00-796906-4	sheepherder	JeffJames	daffodil|corroborate	231.28	0
< 978-1-08-021702-1	basketball	CharlesMeyer	daffodil|Magdalene|Puritan|counterman	438.48	0
< 978-1-933311-06-7		Mr.ThomasVazquez	Puritan|daffodil	222.81	0
< 
4023d2790
< 
4034,4043d2800
< 978-0-12-093877-3	ransom		urgent|Puritan	238.65	0
< 978-0-315-98351-9	concertina	KellyBowen	urgent|daffodil	370.60	19
< 978-0-324-36026-4	scurry	KimberlyWilliams	effusive|urgent	390.33	0
< 978-0-400-66291-6	utile	KellyBowen	oxygenate|urgent|daffodil|effusive	434.47	15
< 978-0-7084-6562-2	jealous	BrianCrawford	Giuliano|urgent|Puritan	0.00	0
< 978-0-7754-4166-6	burette	AmandaGonzalez	Puritan|daffodil|counterman|urgent|corroborate	198.44	8
< 978-0-89978-930-9	Acapulco	Mrs.LisaOsborne	daffodil|effusive|Giuliano|counterman|urgent	309.01	0
< 978-1-241-37155-5	maltose	KennethSmith	urgent|Puritan|Giuliano	78.58	0
< 978-1-314-91272-2	dragnet	CharlesMeyer	suitcase|urgent	285.12	10
< 978-1-77462-286-5		BrianCrawford	oxygenate|urgent|suitcase|Puritan	0.00	33
4053,4054d2809
< 978-0-566-18251-8	bookmark	KennethSmith	daffodil	298.13	0
< 
4063,4066d2817
< 978-0-615-83956-1			Giuliano|Magdalene	349.25	0
< 978-0-669-45265-5	exclamatory		Magdalene	298.39	0
< 978-1-08-021702-1	basketball	CharlesMeyer	daffodil|Magdalene|Puritan|counterman	438.48	0
< 978-1-396-75284-1	Sagittarius	EmilyGriffith	Giuliano|oxygenate|suitcase|Magdalene	291.15	0
4068d2818
< 
4073,4079d2822
< 978-0-615-83956-1			Giuliano|Magdalene	349.25	0
< 978-0-669-45265-5	exclamatory		Magdalene	298.39	0
< 978-1-08-021702-1	basketball	CharlesMeyer	daffodil|Magdalene|Puritan|counterman	438.48	0
< 978-1-396-75284-1	Sagittarius	EmilyGriffith	Giuliano|oxygenate|suitcase|Magdalene	291.15	0
< 978-0-12-093877-3	ransom		urgent|Puritan	238.65	0
< 
< 978-0-405-93580-0	amass		daffodil|effusive|Puritan|oxygenate	0.00	17
4090d2832
< 978-0-7558-3718-2	authenticate	JacquelineCamacho	counterman	391.95	0
4092,4109d2833
< 978-0-12-093877-3	ransom		urgent|Puritan	238.65	0
< 978-0-405-93580-0	amass		daffodil|effusive|Puritan|oxygenate	0.00	17
< 978-0-531-15556-1	Arnold	MaryEvans	Puritan|oxygenate|effusive|Giuliano	37.60	16
< 978-0-7084-6562-2	jealous	BrianCrawford	Giuliano|urgent|Puritan	0.00	0
< 978-0-7754-4166-6	burette	AmandaGonzalez	Puritan|daffodil|counterman|urgent|corroborate	198.44	8
< 978-1-08-021702-1	basketball	CharlesMeyer	daffodil|Magdalene|Puritan|counterman	438.48	0
< 978-1-241-37155-5	maltose	KennethSmith	urgent|Puritan|Giuliano	78.58	0
< 978-1-77462-286-5		BrianCrawford	oxygenate|urgent|suitcase|Puritan	0.00	33
< 978-1-81825-413-7	infrequent	JeffJames	Puritan	451.53	0
< 978-1-933311-06-7		Mr.ThomasVazquez	Puritan|daffodil	222.81	0
< 978-0-531-15556-1	Arnold	MaryEvans	Puritan|oxygenate|effusive|Giuliano	37.60	16
< 978-0-615-83956-1			Giuliano|Magdalene	349.25	0
< 978-0-7084-6562-2	jealous	BrianCrawford	Giuliano|urgent|Puritan	0.00	0
< 978-0-89978-930-9	Acapulco	Mrs.LisaOsborne	daffodil|effusive|Giuliano|counterman|urgent	309.01	0
< 978-1-225-04033-0		Mr.ThomasVazquez	Giuliano|effusive	317.45	0
< 978-1-241-37155-5	maltose	KennethSmith	urgent|Puritan|Giuliano	78.58	0
< 978-1-308-48603-1	carpet	DerekReyes	Giuliano|effusive	192.84	0
< 978-1-396-75284-1	Sagittarius	EmilyGriffith	Giuliano|oxygenate|suitcase|Magdalene	291.15	0
4124d2847
< 
4128,4131d2850
< 978-0-7754-4166-6	burette	AmandaGonzalez	Puritan|daffodil|counterman|urgent|corroborate	198.44	8
< 978-1-00-796906-4	sheepherder	JeffJames	daffodil|corroborate	231.28	0
< 978-1-03-088495-2	Yeats	JohnnyLittle	suitcase|corroborate	465.35	0
< 978-1-70943-147-0			corroborate|effusive|counterman	0.00	0
4134d2852
< 978-1-230-11209-1		BrianOwens		282.26	0
4144,4145d2861
< 
< 
4158,4171d2873
< 978-0-12-093877-3	ransom		urgent|Puritan	238.65	0
< 978-0-405-93580-0	amass		daffodil|effusive|Puritan|oxygenate	0.00	17
< 978-0-531-15556-1	Arnold	MaryEvans	Puritan|oxygenate|effusive|Giuliano	37.60	16
< 978-0-7084-6562-2	jealous	BrianCrawford	Giuliano|urgent|Puritan	0.00	0
< 978-0-7754-4166-6	burette	AmandaGonzalez	Puritan|daffodil|counterman|urgent|corroborate	198.44	8
< 978-1-08-021702-1	basketball	CharlesMeyer	daffodil|Magdalene|Puritan|counterman	438.48	0
< 978-1-241-37155-5	maltose	KennethSmith	urgent|Puritan|Giuliano	78.58	0
< 978-1-77462-286-5		BrianCrawford	oxygenate|urgent|suitcase|Puritan	0.00	33
< 978-1-81825-413-7	infrequent	JeffJames	Puritan	451.53	0
< 978-1-933311-06-7		Mr.ThomasVazquez	Puritan|daffodil	222.81	0
< 978-0-7754-4166-6	burette	AmandaGonzalez	Puritan|daffodil|counterman|urgent|corroborate	198.44	8
< 978-1-00-796906-4	sheepherder	JeffJames	daffodil|corroborate	231.28	0
< 978-1-03-088495-2	Yeats	JohnnyLittle	suitcase|corroborate	465.35	0
< 978-1-70943-147-0			corroborate|effusive|counterman	0.00	0
4174,4175d2875
< 
< 
4196,4200d2895
< 
< 978-0-7754-4166-6	burette	AmandaGonzalez	Puritan|daffodil|counterman|urgent|corroborate	198.44	8
< 978-1-00-796906-4	sheepherder	JeffJames	daffodil|corroborate	231.28	0
< 978-1-03-088495-2	Yeats	JohnnyLittle	suitcase|corroborate	465.35	0
< 978-1-70943-147-0			corroborate|effusive|counterman	0.00	0
4206,4207d2900
< 
< 978-0-16-880017-9	obsequious	AshleyStanley	effusive	60.49	0
4216d2908
< 
4229d2920
< 
4235d2925
< 978-0-920159-35-4	storytelling	PennyWilliams	oxygenate	161.92	0
4238d2927
< 
4248,4257d2936
< 978-0-16-880017-9	obsequious	AshleyStanley	effusive	60.49	0
< 978-0-324-36026-4	scurry	KimberlyWilliams	effusive|urgent	390.33	0
< 978-0-400-66291-6	utile	KellyBowen	oxygenate|urgent|daffodil|effusive	434.47	15
< 978-0-405-93580-0	amass		daffodil|effusive|Puritan|oxygenate	0.00	17
< 978-0-531-15556-1	Arnold	MaryEvans	Puritan|oxygenate|effusive|Giuliano	37.60	16
< 978-0-88476-538-7			suitcase|effusive|counterman	449.80	0
< 978-0-89978-930-9	Acapulco	Mrs.LisaOsborne	daffodil|effusive|Giuliano|counterman|urgent	309.01	0
< 978-1-225-04033-0		Mr.ThomasVazquez	Giuliano|effusive	317.45	0
< 978-1-308-48603-1	carpet	DerekReyes	Giuliano|effusive	192.84	0
< 978-1-70943-147-0			corroborate|effusive|counterman	0.00	0
4259d2937
< 
4261,4271d2938
< 978-0-16-880017-9	obsequious	AshleyStanley	effusive	60.49	0
< 978-0-324-36026-4	scurry	KimberlyWilliams	effusive|urgent	390.33	0
< 978-0-400-66291-6	utile	KellyBowen	oxygenate|urgent|daffodil|effusive	434.47	15
< 978-0-405-93580-0	amass		daffodil|effusive|Puritan|oxygenate	0.00	17
< 978-0-531-15556-1	Arnold	MaryEvans	Puritan|oxygenate|effusive|Giuliano	37.60	16
< 978-0-88476-538-7			suitcase|effusive|counterman	449.80	0
< 978-0-89978-930-9	Acapulco	Mrs.LisaOsborne	daffodil|effusive|Giuliano|counterman|urgent	309.01	0
< 978-1-225-04033-0		Mr.ThomasVazquez	Giuliano|effusive	317.45	0
< 978-1-308-48603-1	carpet	DerekReyes	Giuliano|effusive	192.84	0
< 978-1-70943-147-0			corroborate|effusive|counterman	0.00	0
< 
4282,4287d2948
< 978-0-7558-3718-2	authenticate	JacquelineCamacho	counterman	391.95	0
< 978-0-7754-4166-6	burette	AmandaGonzalez	Puritan|daffodil|counterman|urgent|corroborate	198.44	8
< 978-0-88476-538-7			suitcase|effusive|counterman	449.80	0
< 978-0-89978-930-9	Acapulco	Mrs.LisaOsborne	daffodil|effusive|Giuliano|counterman|urgent	309.01	0
< 978-1-08-021702-1	basketball	CharlesMeyer	daffodil|Magdalene|Puritan|counterman	438.48	0
< 978-1-70943-147-0			corroborate|effusive|counterman	0.00	0
4306d2966
< 
4308d2967
< 
4317d2975
< 
4329d2986
< 978-0-324-36026-4	scurry	KimberlyWilliams	effusive|urgent	390.33	0
4335,4341d2991
< 978-0-400-66291-6	utile	KellyBowen	oxygenate|urgent|daffodil|effusive	434.47	15
< 978-0-405-93580-0	amass		daffodil|effusive|Puritan|oxygenate	0.00	17
< 978-0-531-15556-1	Arnold	MaryEvans	Puritan|oxygenate|effusive|Giuliano	37.60	16
< 978-0-920159-35-4	storytelling	PennyWilliams	oxygenate	161.92	0
< 978-1-396-75284-1	Sagittarius	EmilyGriffith	Giuliano|oxygenate|suitcase|Magdalene	291.15	0
< 978-1-77462-286-5		BrianCrawford	oxygenate|urgent|suitcase|Puritan	0.00	33
< 
4356,4357d3005
< 
< 
4367,4368d3014
< 978-1-03-088495-2	Yeats	JohnnyLittle	suitcase|corroborate	465.35	0
< 978-1-86497-466-9	conjure	JohnnyLittle		220.90	0
4370d3015
< 
4374d3018
< 
4382d3025
< 978-1-9992274-9-4				0.00	19
4384,4390d3026
< 978-0-400-66291-6	utile	KellyBowen	oxygenate|urgent|daffodil|effusive	434.47	15
< 978-0-405-93580-0	amass		daffodil|effusive|Puritan|oxygenate	0.00	17
< 978-0-531-15556-1	Arnold	MaryEvans	Puritan|oxygenate|effusive|Giuliano	37.60	16
< 978-0-920159-35-4	storytelling	PennyWilliams	oxygenate	161.92	0
< 978-1-396-75284-1	Sagittarius	EmilyGriffith	Giuliano|oxygenate|suitcase|Magdalene	291.15	0
< 978-1-77462-286-5		BrianCrawford	oxygenate|urgent|suitcase|Puritan	0.00	33
< 
4396,4406d3031
< 
< 978-0-16-880017-9	obsequious	AshleyStanley	effusive	60.49	0
< 978-0-324-36026-4	scurry	KimberlyWilliams	effusive|urgent	390.33	0
< 978-0-400-66291-6	utile	KellyBowen	oxygenate|urgent|daffodil|effusive	434.47	15
< 978-0-405-93580-0	amass		daffodil|effusive|Puritan|oxygenate	0.00	17
< 978-0-531-15556-1	Arnold	MaryEvans	Puritan|oxygenate|effusive|Giuliano	37.60	16
< 978-0-88476-538-7			suitcase|effusive|counterman	449.80	0
< 978-0-89978-930-9	Acapulco	Mrs.LisaOsborne	daffodil|effusive|Giuliano|counterman|urgent	309.01	0
< 978-1-225-04033-0		Mr.ThomasVazquez	Giuliano|effusive	317.45	0
< 978-1-308-48603-1	carpet	DerekReyes	Giuliano|effusive	192.84	0
< 978-1-70943-147-0			corroborate|effusive|counterman	0.00	0
4411,4427d3035
< 978-0-12-093877-3	ransom		urgent|Puritan	238.65	0
< 978-0-405-93580-0	amass		daffodil|effusive|Puritan|oxygenate	0.00	17
< 978-0-531-15556-1	Arnold	MaryEvans	Puritan|oxygenate|effusive|Giuliano	37.60	16
< 978-0-7084-6562-2	jealous	BrianCrawford	Giuliano|urgent|Puritan	0.00	0
< 978-0-7754-4166-6	burette	AmandaGonzalez	Puritan|daffodil|counterman|urgent|corroborate	198.44	8
< 978-1-08-021702-1	basketball	CharlesMeyer	daffodil|Magdalene|Puritan|counterman	438.48	0
< 978-1-241-37155-5	maltose	KennethSmith	urgent|Puritan|Giuliano	78.58	0
< 978-1-77462-286-5		BrianCrawford	oxygenate|urgent|suitcase|Puritan	0.00	33
< 978-1-81825-413-7	infrequent	JeffJames	Puritan	451.53	0
< 978-1-933311-06-7		Mr.ThomasVazquez	Puritan|daffodil	222.81	0
< 978-0-561-95494-3	conveyance	CharlesMeyer	suitcase	0.00	0
< 978-0-88476-538-7			suitcase|effusive|counterman	449.80	0
< 978-1-03-088495-2	Yeats	JohnnyLittle	suitcase|corroborate	465.35	0
< 978-1-314-91272-2	dragnet	CharlesMeyer	suitcase|urgent	285.12	10
< 978-1-396-75284-1	Sagittarius	EmilyGriffith	Giuliano|oxygenate|suitcase|Magdalene	291.15	0
< 978-1-56502-324-6	minuteman	BrookeWilson	suitcase	0.00	0
< 978-1-77462-286-5		BrianCrawford	oxygenate|urgent|suitcase|Puritan	0.00	33
4431d3038
< 
4433d3039
< 
4437d3042
< 434.47
4450,4452d3054
< 978-1-230-11209-1		BrianOwens		282.26	0
< 978-1-56502-324-6	minuteman	BrookeWilson	suitcase	0.00	0
< 978-0-7754-4166-6	burette	AmandaGonzalez	Puritan|daffodil|counterman|urgent|corroborate	198.44	8
4455,4464d3056
< 978-0-12-093877-3	ransom		urgent|Puritan	238.65	0
< 978-0-315-98351-9	concertina	KellyBowen	urgent|daffodil	370.60	19
< 978-0-324-36026-4	scurry	KimberlyWilliams	effusive|urgent	390.33	0
< 978-0-400-66291-6	utile	KellyBowen	oxygenate|urgent|daffodil|effusive	434.47	14
< 978-0-7084-6562-2	jealous	BrianCrawford	Giuliano|urgent|Puritan	0.00	0
< 978-0-7754-4166-6	burette	AmandaGonzalez	Puritan|daffodil|counterman|urgent|corroborate	198.44	8
< 978-0-89978-930-9	Acapulco	Mrs.LisaOsborne	daffodil|effusive|Giuliano|counterman|urgent	309.01	0
< 978-1-241-37155-5	maltose	KennethSmith	urgent|Puritan|Giuliano	78.58	0
< 978-1-314-91272-2	dragnet	CharlesMeyer	suitcase|urgent	285.12	10
< 978-1-77462-286-5		BrianCrawford	oxygenate|urgent|suitcase|Puritan	0.00	33
4468,4482d3059
< 
< 978-0-615-83956-1			Giuliano|Magdalene	349.25	0
< 978-0-669-45265-5	exclamatory		Magdalene	298.39	0
< 978-1-08-021702-1	basketball	CharlesMeyer	daffodil|Magdalene|Puritan|counterman	438.48	0
< 978-1-396-75284-1	Sagittarius	EmilyGriffith	Giuliano|oxygenate|suitcase|Magdalene	291.15	0
< 978-0-12-093877-3	ransom		urgent|Puritan	238.65	0
< 978-0-405-93580-0	amass		daffodil|effusive|Puritan|oxygenate	0.00	17
< 978-0-531-15556-1	Arnold	MaryEvans	Puritan|oxygenate|effusive|Giuliano	37.60	16
< 978-0-7084-6562-2	jealous	BrianCrawford	Giuliano|urgent|Puritan	0.00	0
< 978-0-7754-4166-6	burette	AmandaGonzalez	Puritan|daffodil|counterman|urgent|corroborate	198.44	8
< 978-1-08-021702-1	basketball	CharlesMeyer	daffodil|Magdalene|Puritan|counterman	438.48	0
< 978-1-241-37155-5	maltose	KennethSmith	urgent|Puritan|Giuliano	78.58	0
< 978-1-77462-286-5		BrianCrawford	oxygenate|urgent|suitcase|Puritan	0.00	33
< 978-1-81825-413-7	infrequent	JeffJames	Puritan	451.53	0
< 978-1-933311-06-7		Mr.ThomasVazquez	Puritan|daffodil	222.81	0
4487d3063
< 
4496,4499d3071
< 978-0-88476-538-7			suitcase|effusive|counterman	449.80	0
< 978-1-225-04033-0		Mr.ThomasVazquez	Giuliano|effusive	317.45	0
< 978-1-933311-06-7		Mr.ThomasVazquez	Puritan|daffodil	222.81	0
< 
4501d3072
< 978-0-324-36026-4	scurry	KimberlyWilliams	effusive|urgent	390.33	0
4512d3082
< 
4517,4518d3086
< 
< 
4531d3098
< 
4547d3113
< 
4549d3114
< 978-1-9992274-9-4				0.00	19
4558d3122
< 978-0-920159-35-4	storytelling	PennyWilliams	oxygenate	161.92	0
4560d3123
< 
4566,4575d3128
< 978-0-400-66291-6	utile	KellyBowen	oxygenate|urgent|daffodil|effusive	434.47	14
< 978-0-405-93580-0	amass		daffodil|effusive|Puritan|oxygenate	0.00	17
< 978-0-531-15556-1	Arnold	MaryEvans	Puritan|oxygenate|effusive|Giuliano	37.60	16
< 978-0-920159-35-4	storytelling	PennyWilliams	oxygenate	161.92	0
< 978-1-396-75284-1	Sagittarius	EmilyGriffith	Giuliano|oxygenate|suitcase|Magdalene	291.15	0
< 978-1-77462-286-5		BrianCrawford	oxygenate|urgent|suitcase|Puritan	0.00	33
< 978-0-7754-4166-6	burette	AmandaGonzalez	Puritan|daffodil|counterman|urgent|corroborate	198.44	8
< 978-1-00-796906-4	sheepherder	JeffJames	daffodil|corroborate	231.28	0
< 978-1-03-088495-2	Yeats	JohnnyLittle	suitcase|corroborate	465.35	0
< 978-1-70943-147-0			corroborate|effusive|counterman	0.00	0
4582d3134
< 978-1-396-75284-1	Sagittarius	EmilyGriffith	Giuliano|oxygenate|suitcase|Magdalene	291.15	0
4594,4601d3145
< 978-0-7754-4166-6	burette	AmandaGonzalez	Puritan|daffodil|counterman|urgent|corroborate	198.44	8
< 978-1-00-796906-4	sheepherder	JeffJames	daffodil|corroborate	231.28	0
< 978-1-03-088495-2	Yeats	JohnnyLittle	suitcase|corroborate	465.35	0
< 978-1-70943-147-0			corroborate|effusive|counterman	0.00	0
< 978-0-615-83956-1			Giuliano|Magdalene	349.25	0
< 978-0-669-45265-5	exclamatory		Magdalene	298.39	0
< 978-1-08-021702-1	basketball	CharlesMeyer	daffodil|Magdalene|Puritan|counterman	438.48	0
< 978-1-396-75284-1	Sagittarius	EmilyGriffith	Giuliano|oxygenate|suitcase|Magdalene	291.15	0
4603d3146
< 
4608,4613d3150
< 978-0-400-66291-6	utile	KellyBowen	oxygenate|urgent|daffodil|effusive	434.47	14
< 978-0-405-93580-0	amass		daffodil|effusive|Puritan|oxygenate	0.00	17
< 978-0-531-15556-1	Arnold	MaryEvans	Puritan|oxygenate|effusive|Giuliano	37.60	16
< 978-0-920159-35-4	storytelling	PennyWilliams	oxygenate	161.92	0
< 978-1-396-75284-1	Sagittarius	EmilyGriffith	Giuliano|oxygenate|suitcase|Magdalene	291.15	0
< 978-1-77462-286-5		BrianCrawford	oxygenate|urgent|suitcase|Puritan	0.00	33
4619,4628d3155
< 978-0-315-98351-9	concertina	KellyBowen	urgent|daffodil	370.60	19
< 978-0-400-66291-6	utile	KellyBowen	oxygenate|urgent|daffodil|effusive	434.47	14
< 978-0-405-93580-0	amass		daffodil|effusive|Puritan|oxygenate	0.00	17
< 978-0-566-18251-8	bookmark	KennethSmith	daffodil	298.13	0
< 978-0-7754-4166-6	burette	AmandaGonzalez	Puritan|daffodil|counterman|urgent|corroborate	198.44	8
< 978-0-89978-930-9	Acapulco	Mrs.LisaOsborne	daffodil|effusive|Giuliano|counterman|urgent	309.01	0
< 978-1-00-796906-4	sheepherder	JeffJames	daffodil|corroborate	231.28	0
< 978-1-08-021702-1	basketball	CharlesMeyer	daffodil|Magdalene|Puritan|counterman	438.48	0
< 978-1-933311-06-7		Mr.ThomasVazquez	Puritan|daffodil	222.81	0
< 
4635d3161
< 
4637,4642d3162
< 978-0-400-66291-6	utile	KellyBowen	oxygenate|urgent|daffodil|effusive	434.47	14
< 978-0-405-93580-0	amass		daffodil|effusive|Puritan|oxygenate	0.00	17
< 978-0-531-15556-1	Arnold	MaryEvans	Puritan|oxygenate|effusive|Giuliano	37.60	16
< 978-0-920159-35-4	storytelling	PennyWilliams	oxygenate	161.92	0
< 978-1-396-75284-1	Sagittarius	EmilyGriffith	Giuliano|oxygenate|suitcase|Magdalene	291.15	0
< 978-1-77462-286-5		BrianCrawford	oxygenate|urgent|suitcase|Puritan	0.00	33
4645,4653d3164
< 978-0-315-98351-9	concertina	KellyBowen	urgent|daffodil	370.60	19
< 978-0-400-66291-6	utile	KellyBowen	oxygenate|urgent|daffodil|effusive	434.47	14
< 978-0-405-93580-0	amass		daffodil|effusive|Puritan|oxygenate	0.00	17
< 978-0-566-18251-8	bookmark	KennethSmith	daffodil	298.13	0
< 978-0-7754-4166-6	burette	AmandaGonzalez	Puritan|daffodil|counterman|urgent|corroborate	198.44	8
< 978-0-89978-930-9	Acapulco	Mrs.LisaOsborne	daffodil|effusive|Giuliano|counterman|urgent	309.01	0
< 978-1-00-796906-4	sheepherder	JeffJames	daffodil|corroborate	231.28	0
< 978-1-08-021702-1	basketball	CharlesMeyer	daffodil|Magdalene|Puritan|counterman	438.48	0
< 978-1-933311-06-7		Mr.ThomasVazquez	Puritan|daffodil	222.81	0
4672d3182
< 
4679,4680d3188
< 978-1-225-04033-0		Mr.ThomasVazquez	Giuliano|effusive	317.45	0
< 978-1-933311-06-7		Mr.ThomasVazquez	Puritan|daffodil	222.81	0
4704d3211
< 
4715,4717d3221
< 
< 978-1-225-04033-0		Mr.ThomasVazquez	Giuliano|effusive	317.45	0
< 978-1-933311-06-7		Mr.ThomasVazquez	Puritan|daffodil	222.81	0
4719,4720d3222
< 978-1-308-48603-1	carpet	DerekReyes	Giuliano|effusive	192.84	0
< 
4722d3223
< 
4725,4733d3225
< 
< 370.60
< 978-0-400-66291-6	utile	KellyBowen	oxygenate|urgent|daffodil|effusive	434.47	14
< 978-0-405-93580-0	amass		daffodil|effusive|Puritan|oxygenate	0.00	17
< 978-0-531-15556-1	Arnold	MaryEvans	Puritan|oxygenate|effusive|Giuliano	37.60	16
< 978-0-920159-35-4	storytelling	PennyWilliams	oxygenate	161.92	0
< 978-1-396-75284-1	Sagittarius	EmilyGriffith	Giuliano|oxygenate|suitcase|Magdalene	291.15	0
< 978-1-77462-286-5		BrianCrawford	oxygenate|urgent|suitcase|Puritan	0.00	33
< 
4738d3229
< 
4751d3241
< 
4756,4761d3245
< 
< 
< 978-0-615-83956-1			Giuliano|Magdalene	349.25	0
< 978-0-669-45265-5	exclamatory		Magdalene	298.39	0
< 978-1-08-021702-1	basketball	CharlesMeyer	daffodil|Magdalene|Puritan|counterman	438.48	0
< 978-1-396-75284-1	Sagittarius	EmilyGriffith	Giuliano|oxygenate|suitcase|Magdalene	291.15	0
4766,4768d3249
< 978-1-03-088495-2	Yeats	JohnnyLittle	suitcase|corroborate	465.35	0
< 978-1-86497-466-9	conjure	JohnnyLittle		220.90	0
< 
4772d3252
< 
4774,4775d3253
< 
< 
4778d3255
< 
4781d3257
< 
4786,4791d3261
< 978-0-400-66291-6	utile	KellyBowen	oxygenate|urgent|daffodil|effusive	434.47	14
< 978-0-405-93580-0	amass		daffodil|effusive|Puritan|oxygenate	0.00	17
< 978-0-531-15556-1	Arnold	MaryEvans	Puritan|oxygenate|effusive|Giuliano	37.60	16
< 978-0-920159-35-4	storytelling	PennyWilliams	oxygenate	161.92	0
< 978-1-396-75284-1	Sagittarius	EmilyGriffith	Giuliano|oxygenate|suitcase|Magdalene	291.15	0
< 978-1-77462-286-5		BrianCrawford	oxygenate|urgent|suitcase|Puritan	0.00	33
4805d3274
< 
4808,4816d3276
< 978-0-315-98351-9	concertina	KellyBowen	urgent|daffodil	370.60	18
< 978-0-400-66291-6	utile	KellyBowen	oxygenate|urgent|daffodil|effusive	434.47	14
< 978-0-405-93580-0	amass		daffodil|effusive|Puritan|oxygenate	0.00	17
< 978-0-566-18251-8	bookmark	KennethSmith	daffodil	298.13	0
< 978-0-7754-4166-6	burette	AmandaGonzalez	Puritan|daffodil|counterman|urgent|corroborate	198.44	8
< 978-0-89978-930-9	Acapulco	Mrs.LisaOsborne	daffodil|effusive|Giuliano|counterman|urgent	309.01	0
< 978-1-00-796906-4	sheepherder	JeffJames	daffodil|corroborate	231.28	0
< 978-1-08-021702-1	basketball	CharlesMeyer	daffodil|Magdalene|Puritan|counterman	438.48	0
< 978-1-933311-06-7		Mr.ThomasVazquez	Puritan|daffodil	222.81	0
4823,4827d3282
< 978-0-12-093877-3	ransom		urgent|Puritan	238.65	0
< 978-0-7754-4166-6	burette	AmandaGonzalez	Puritan|daffodil|counterman|urgent|corroborate	198.44	8
< 978-1-00-796906-4	sheepherder	JeffJames	daffodil|corroborate	231.28	0
< 978-1-03-088495-2	Yeats	JohnnyLittle	suitcase|corroborate	465.35	0
< 978-1-70943-147-0			corroborate|effusive|counterman	0.00	0
4844,4845d3298
< 978-0-89978-930-9	Acapulco	Mrs.LisaOsborne	daffodil|effusive|Giuliano|counterman|urgent	309.01	0
< 978-1-308-48603-1	carpet	DerekReyes	Giuliano|effusive	192.84	0
4848,4849d3300
< 978-0-324-36026-4	scurry	KimberlyWilliams	effusive|urgent	390.33	0
< 
4855d3305
< 
4862d3311
< 
4881d3329
< 
4887d3334
< 
4896,4905d3342
< 
< 978-0-315-98351-9	concertina	KellyBowen	urgent|daffodil	370.60	18
< 978-0-400-66291-6	utile	KellyBowen	oxygenate|urgent|daffodil|effusive	434.47	14
< 978-0-405-93580-0	amass		daffodil|effusive|Puritan|oxygenate	0.00	17
< 978-0-566-18251-8	bookmark	KennethSmith	daffodil	298.13	0
< 978-0-7754-4166-6	burette	AmandaGonzalez	Puritan|daffodil|counterman|urgent|corroborate	198.44	8
< 978-0-89978-930-9	Acapulco	Mrs.LisaOsborne	daffodil|effusive|Giuliano|counterman|urgent	309.01	0
< 978-1-00-796906-4	sheepherder	JeffJames	daffodil|corroborate	231.28	0
< 978-1-08-021702-1	basketball	CharlesMeyer	daffodil|Magdalene|Puritan|counterman	438.48	0
< 978-1-933311-06-7		Mr.ThomasVazquez	Puritan|daffodil	222.81	0
4908,4924d3344
< 
< 978-0-16-880017-9	obsequious	AshleyStanley	effusive	60.49	0
< 978-0-324-36026-4	scurry	KimberlyWilliams	effusive|urgent	390.33	0
< 978-0-400-66291-6	utile	KellyBowen	oxygenate|urgent|daffodil|effusive	434.47	14
< 978-0-405-93580-0	amass		daffodil|effusive|Puritan|oxygenate	0.00	17
< 978-0-531-15556-1	Arnold	MaryEvans	Puritan|oxygenate|effusive|Giuliano	37.60	16
< 978-0-88476-538-7			suitcase|effusive|counterman	449.80	0
< 978-0-89978-930-9	Acapulco	Mrs.LisaOsborne	daffodil|effusive|Giuliano|counterman|urgent	309.01	0
< 978-1-225-04033-0		Mr.ThomasVazquez	Giuliano|effusive	317.45	0
< 978-1-308-48603-1	carpet	DerekReyes	Giuliano|effusive	192.84	0
< 978-1-70943-147-0			corroborate|effusive|counterman	0.00	0
< 978-0-400-66291-6	utile	KellyBowen	oxygenate|urgent|daffodil|effusive	434.47	14
< 978-0-405-93580-0	amass		daffodil|effusive|Puritan|oxygenate	0.00	17
< 978-0-531-15556-1	Arnold	MaryEvans	Puritan|oxygenate|effusive|Giuliano	37.60	16
< 978-0-920159-35-4	storytelling	PennyWilliams	oxygenate	161.92	0
< 978-1-396-75284-1	Sagittarius	EmilyGriffith	Giuliano|oxygenate|suitcase|Magdalene	291.15	0
< 978-1-77462-286-5		BrianCrawford	oxygenate|urgent|suitcase|Puritan	0.00	33
4941d3360
< 
4943d3361
< 
4946d3363
< 
4961,4968d3377
< 978-0-561-95494-3	conveyance	CharlesMeyer	suitcase	0.00	0
< 978-0-88476-538-7			suitcase|effusive|counterman	449.80	0
< 978-1-03-088495-2	Yeats	JohnnyLittle	suitcase|corroborate	465.35	0
< 978-1-314-91272-2	dragnet	CharlesMeyer	suitcase|urgent	285.12	10
< 978-1-396-75284-1	Sagittarius	EmilyGriffith	Giuliano|oxygenate|suitcase|Magdalene	291.15	0
< 978-1-56502-324-6	minuteman	BrookeWilson	suitcase	0.00	0
< 978-1-77462-286-5		BrianCrawford	oxygenate|urgent|suitcase|Puritan	0.00	33
< 978-0-669-45265-5	exclamatory		Magdalene	298.39	0
4973,4974d3381
< 
< 
5009,5015d3415
< 978-0-561-95494-3	conveyance	CharlesMeyer	suitcase	0.00	0
< 978-0-88476-538-7			suitcase|effusive|counterman	449.80	0
< 978-1-03-088495-2	Yeats	JohnnyLittle	suitcase|corroborate	465.35	0
< 978-1-314-91272-2	dragnet	CharlesMeyer	suitcase|urgent	285.12	10
< 978-1-396-75284-1	Sagittarius	EmilyGriffith	Giuliano|oxygenate|suitcase|Magdalene	291.15	0
< 978-1-56502-324-6	minuteman	BrookeWilson	suitcase	0.00	0
< 978-1-77462-286-5		BrianCrawford	oxygenate|urgent|suitcase|Puritan	0.00	33
5017,5019d3416
< 
< 
< 
5034d3430
< 
5040d3435
< 978-0-920159-35-4	storytelling	PennyWilliams	oxygenate	161.92	0
5046d3440
< 
5050,5053d3443
< 978-0-7754-4166-6	burette	AmandaGonzalez	Puritan|daffodil|counterman|urgent|corroborate	198.44	8
< 978-1-00-796906-4	sheepherder	JeffJames	daffodil|corroborate	231.28	0
< 978-1-03-088495-2	Yeats	JohnnyLittle	suitcase|corroborate	465.35	0
< 978-1-70943-147-0			corroborate|effusive|counterman	0.00	0
5057,5067d3446
< 978-0-16-880017-9	obsequious	AshleyStanley	effusive	60.49	0
< 978-0-324-36026-4	scurry	KimberlyWilliams	effusive|urgent	390.33	0
< 978-0-400-66291-6	utile	KellyBowen	oxygenate|urgent|daffodil|effusive	434.47	14
< 978-0-405-93580-0	amass		daffodil|effusive|Puritan|oxygenate	0.00	17
< 978-0-531-15556-1	Arnold	MaryEvans	Puritan|oxygenate|effusive|Giuliano	37.60	16
< 978-0-88476-538-7			suitcase|effusive|counterman	449.80	0
< 978-0-89978-930-9	Acapulco	Mrs.LisaOsborne	daffodil|effusive|Giuliano|counterman|urgent	309.01	0
< 978-1-225-04033-0		Mr.ThomasVazquez	Giuliano|effusive	317.45	0
< 978-1-308-48603-1	carpet	DerekReyes	Giuliano|effusive	192.84	0
< 978-1-70943-147-0			corroborate|effusive|counterman	0.00	0
< 
5070,5080d3448
< 978-0-315-98351-9	concertina	KellyBowen	urgent|daffodil	370.60	18
< 978-0-400-66291-6	utile	KellyBowen	oxygenate|urgent|daffodil|effusive	434.47	14
< 978-0-405-93580-0	amass		daffodil|effusive|Puritan|oxygenate	0.00	17
< 978-0-566-18251-8	bookmark	KennethSmith	daffodil	298.13	0
< 978-0-7754-4166-6	burette	AmandaGonzalez	Puritan|daffodil|counterman|urgent|corroborate	198.44	8
< 978-0-89978-930-9	Acapulco	Mrs.LisaOsborne	daffodil|effusive|Giuliano|counterman|urgent	309.01	0
< 978-1-00-796906-4	sheepherder	JeffJames	daffodil|corroborate	231.28	0
< 978-1-08-021702-1	basketball	CharlesMeyer	daffodil|Magdalene|Puritan|counterman	438.48	0
< 978-1-933311-06-7		Mr.ThomasVazquez	Puritan|daffodil	222.81	0
< 978-1-225-04033-0		Mr.ThomasVazquez	Giuliano|effusive	317.45	0
< 978-1-933311-06-7		Mr.ThomasVazquez	Puritan|daffodil	222.81	0
5082d3449
< 0.00
5090,5091d3456
< 
< 
5095,5100d3459
< 978-0-615-83956-1			Giuliano|Magdalene	349.25	0
< 978-0-669-45265-5	exclamatory		Magdalene	298.39	0
< 978-1-08-021702-1	basketball	CharlesMeyer	daffodil|Magdalene|Puritan|counterman	438.48	0
< 978-1-396-75284-1	Sagittarius	EmilyGriffith	Giuliano|oxygenate|suitcase|Magdalene	291.15	0
< 978-0-531-15556-1	Arnold	MaryEvans	Puritan|oxygenate|effusive|Giuliano	37.60	16
< 
5107d3465
< 978-0-16-880017-9	obsequious	AshleyStanley	effusive	60.49	0
5127d3484
< 
5129d3485
< 
5131,5134d3486
< 
< 978-0-255-84374-4		JeffJames		0.00	33
< 978-1-00-796906-4	sheepherder	JeffJames	daffodil|corroborate	231.28	0
< 978-1-81825-413-7	infrequent	JeffJames	Puritan	451.53	0
5136,5138d3487
< 978-0-255-84374-4		JeffJames		0.00	33
< 978-1-00-796906-4	sheepherder	JeffJames	daffodil|corroborate	231.28	0
< 978-1-81825-413-7	infrequent	JeffJames	Puritan	451.53	0
5148,5157d3496
< 978-0-315-98351-9	concertina	KellyBowen	urgent|daffodil	370.60	18
< 978-0-400-66291-6	utile	KellyBowen	oxygenate|urgent|daffodil|effusive	434.47	14
< 978-0-405-93580-0	amass		daffodil|effusive|Puritan|oxygenate	0.00	17
< 978-0-566-18251-8	bookmark	KennethSmith	daffodil	298.13	0
< 978-0-7754-4166-6	burette	AmandaGonzalez	Puritan|daffodil|counterman|urgent|corroborate	198.44	8
< 978-0-89978-930-9	Acapulco	Mrs.LisaOsborne	daffodil|effusive|Giuliano|counterman|urgent	309.01	0
< 978-1-00-796906-4	sheepherder	JeffJames	daffodil|corroborate	231.28	0
< 978-1-08-021702-1	basketball	CharlesMeyer	daffodil|Magdalene|Puritan|counterman	438.48	0
< 978-1-933311-06-7		Mr.ThomasVazquez	Puritan|daffodil	222.81	0
< 
5163d3501
< 
5165,5166d3502
< 
< 978-1-396-75284-1	Sagittarius	EmilyGriffith	Giuliano|oxygenate|suitcase|Magdalene	291.15	0
5176d3511
< 
5178d3512
< 
5189d3522
< 
5195d3527
< 
5198,5207d3529
< 978-0-16-880017-9	obsequious	AshleyStanley	effusive	60.49	0
< 978-0-324-36026-4	scurry	KimberlyWilliams	effusive|urgent	390.33	0
< 978-0-400-66291-6	utile	KellyBowen	oxygenate|urgent|daffodil|effusive	434.47	14
< 978-0-405-93580-0	amass		daffodil|effusive|Puritan|oxygenate	0.00	17
< 978-0-531-15556-1	Arnold	MaryEvans	Puritan|oxygenate|effusive|Giuliano	37.60	16
< 978-0-88476-538-7			suitcase|effusive|counterman	449.80	0
< 978-0-89978-930-9	Acapulco	Mrs.LisaOsborne	daffodil|effusive|Giuliano|counterman|urgent	309.01	0
< 978-1-225-04033-0		Mr.ThomasVazquez	Giuliano|effusive	317.45	0
< 978-1-308-48603-1	carpet	DerekReyes	Giuliano|effusive	192.84	0
< 978-1-70943-147-0			corroborate|effusive|counterman	0.00	0
5214d3535
< 978-1-396-75284-1	Sagittarius	EmilyGriffith	Giuliano|oxygenate|suitcase|Magdalene	291.15	0
5225d3545
< 
5227,5228d3546
< 
< 
5230,5231d3547
< 978-1-56502-324-6	minuteman	BrookeWilson	suitcase	0.00	0
< 37.60
5252,5261d3567
< 978-0-12-093877-3	ransom		urgent|Puritan	238.65	0
< 978-0-405-93580-0	amass		daffodil|effusive|Puritan|oxygenate	0.00	17
< 978-0-531-15556-1	Arnold	MaryEvans	Puritan|oxygenate|effusive|Giuliano	37.60	15
< 978-0-7084-6562-2	jealous	BrianCrawford	Giuliano|urgent|Puritan	0.00	0
< 978-0-7754-4166-6	burette	AmandaGonzalez	Puritan|daffodil|counterman|urgent|corroborate	198.44	8
< 978-1-08-021702-1	basketball	CharlesMeyer	daffodil|Magdalene|Puritan|counterman	438.48	0
< 978-1-241-37155-5	maltose	KennethSmith	urgent|Puritan|Giuliano	78.58	0
< 978-1-77462-286-5		BrianCrawford	oxygenate|urgent|suitcase|Puritan	0.00	32
< 978-1-81825-413-7	infrequent	JeffJames	Puritan	451.53	0
< 978-1-933311-06-7		Mr.ThomasVazquez	Puritan|daffodil	222.81	0
5264,5273d3569
< 978-0-16-880017-9	obsequious	AshleyStanley	effusive	60.49	0
< 978-0-324-36026-4	scurry	KimberlyWilliams	effusive|urgent	390.33	0
< 978-0-400-66291-6	utile	KellyBowen	oxygenate|urgent|daffodil|effusive	434.47	14
< 978-0-405-93580-0	amass		daffodil|effusive|Puritan|oxygenate	0.00	17
< 978-0-531-15556-1	Arnold	MaryEvans	Puritan|oxygenate|effusive|Giuliano	37.60	15
< 978-0-88476-538-7			suitcase|effusive|counterman	449.80	0
< 978-0-89978-930-9	Acapulco	Mrs.LisaOsborne	daffodil|effusive|Giuliano|counterman|urgent	309.01	0
< 978-1-225-04033-0		Mr.ThomasVazquez	Giuliano|effusive	317.45	0
< 978-1-308-48603-1	carpet	DerekReyes	Giuliano|effusive	192.84	0
< 978-1-70943-147-0			corroborate|effusive|counterman	0.00	0
5276d3571
< 
5283d3577
< 
5293,5302d3586
< 978-0-16-880017-9	obsequious	AshleyStanley	effusive	60.49	0
< 978-0-324-36026-4	scurry	KimberlyWilliams	effusive|urgent	390.33	0
< 978-0-400-66291-6	utile	KellyBowen	oxygenate|urgent|daffodil|effusive	434.47	14
< 978-0-405-93580-0	amass		daffodil|effusive|Puritan|oxygenate	0.00	17
< 978-0-531-15556-1	Arnold	MaryEvans	Puritan|oxygenate|effusive|Giuliano	37.60	15
< 978-0-88476-538-7			suitcase|effusive|counterman	449.80	0
< 978-0-89978-930-9	Acapulco	Mrs.LisaOsborne	daffodil|effusive|Giuliano|counterman|urgent	309.01	0
< 978-1-225-04033-0		Mr.ThomasVazquez	Giuliano|effusive	317.45	0
< 978-1-308-48603-1	carpet	DerekReyes	Giuliano|effusive	192.84	0
< 978-1-70943-147-0			corroborate|effusive|counterman	0.00	0
5305d3588
< 978-0-7754-4166-6	burette	AmandaGonzalez	Puritan|daffodil|counterman|urgent|corroborate	198.44	8
5309,5316d3591
< 978-0-531-15556-1	Arnold	MaryEvans	Puritan|oxygenate|effusive|Giuliano	37.60	15
< 978-0-615-83956-1			Giuliano|Magdalene	349.25	0
< 978-0-7084-6562-2	jealous	BrianCrawford	Giuliano|urgent|Puritan	0.00	0
< 978-0-89978-930-9	Acapulco	Mrs.LisaOsborne	daffodil|effusive|Giuliano|counterman|urgent	309.01	0
< 978-1-225-04033-0		Mr.ThomasVazquez	Giuliano|effusive	317.45	0
< 978-1-241-37155-5	maltose	KennethSmith	urgent|Puritan|Giuliano	78.58	0
< 978-1-308-48603-1	carpet	DerekReyes	Giuliano|effusive	192.84	0
< 978-1-396-75284-1	Sagittarius	EmilyGriffith	Giuliano|oxygenate|suitcase|Magdalene	291.15	0
5327,5337d3601
< 978-0-12-093877-3	ransom		urgent|Puritan	238.65	0
< 978-0-315-98351-9	concertina	KellyBowen	urgent|daffodil	370.60	18
< 978-0-324-36026-4	scurry	KimberlyWilliams	effusive|urgent	390.33	0
< 978-0-400-66291-6	utile	KellyBowen	oxygenate|urgent|daffodil|effusive	434.47	14
< 978-0-7084-6562-2	jealous	BrianCrawford	Giuliano|urgent|Puritan	0.00	0
< 978-0-7754-4166-6	burette	AmandaGonzalez	Puritan|daffodil|counterman|urgent|corroborate	198.44	8
< 978-0-89978-930-9	Acapulco	Mrs.LisaOsborne	daffodil|effusive|Giuliano|counterman|urgent	309.01	0
< 978-1-241-37155-5	maltose	KennethSmith	urgent|Puritan|Giuliano	78.58	0
< 978-1-314-91272-2	dragnet	CharlesMeyer	suitcase|urgent	285.12	10
< 978-1-77462-286-5		BrianCrawford	oxygenate|urgent|suitcase|Puritan	0.00	32
< 
5342d3605
< 0.00
5345,5347d3607
< 0.00
< 
< 
5361d3620
< 
5363d3621
< 
5367d3624
< 978-0-16-880017-9	obsequious	AshleyStanley	effusive	60.49	0
5374,5379d3630
< 978-0-400-66291-6	utile	KellyBowen	oxygenate|urgent|daffodil|effusive	434.47	14
< 978-0-405-93580-0	amass		daffodil|effusive|Puritan|oxygenate	0.00	17
< 978-0-531-15556-1	Arnold	MaryEvans	Puritan|oxygenate|effusive|Giuliano	37.60	15
< 978-0-920159-35-4	storytelling	PennyWilliams	oxygenate	161.92	0
< 978-1-396-75284-1	Sagittarius	EmilyGriffith	Giuliano|oxygenate|suitcase|Magdalene	291.15	0
< 978-1-77462-286-5		BrianCrawford	oxygenate|urgent|suitcase|Puritan	0.00	32
5387d3637
< 
5392d3641
< 
5399,5406d3647
< 978-0-615-83956-1			Giuliano|Magdalene	349.25	0
< 978-0-669-45265-5	exclamatory		Magdalene	298.39	0
< 978-0-915703-25-8	stricken	MeganLee	Magdalene	69.47	0
< 978-1-08-021702-1	basketball	CharlesMeyer	daffodil|Magdalene|Puritan|counterman	438.48	0
< 978-1-396-75284-1	Sagittarius	EmilyGriffith	Giuliano|oxygenate|suitcase|Magdalene	291.15	0
< 
< 978-0-341-47335-0	pilfer	JacquelineCamacho	Puritan|corroborate|effusive	141.03	12
< 978-0-7558-3718-2	authenticate	JacquelineCamacho	counterman	391.95	0
5420,5426d3660
< 978-0-561-95494-3	conveyance	CharlesMeyer	suitcase	0.00	0
< 978-0-88476-538-7			suitcase|effusive|counterman	449.80	0
< 978-1-03-088495-2	Yeats	JohnnyLittle	suitcase|corroborate	465.35	0
< 978-1-314-91272-2	dragnet	CharlesMeyer	suitcase|urgent	285.12	10
< 978-1-396-75284-1	Sagittarius	EmilyGriffith	Giuliano|oxygenate|suitcase|Magdalene	291.15	0
< 978-1-56502-324-6	minuteman	BrookeWilson	suitcase	0.00	0
< 978-1-77462-286-5		BrianCrawford	oxygenate|urgent|suitcase|Puritan	0.00	32
5443,5450d3676
< 978-0-06-531456-4	angelfish	ChelseaJames	counterman|urgent|Puritan|corroborate	337.09	0
< 978-0-7558-3718-2	authenticate	JacquelineCamacho	counterman	391.95	0
< 978-0-7754-4166-6	burette	AmandaGonzalez	Puritan|daffodil|counterman|urgent|corroborate	198.44	8
< 978-0-88476-538-7			suitcase|effusive|counterman	449.80	0
< 978-0-89978-930-9	Acapulco	Mrs.LisaOsborne	daffodil|effusive|Giuliano|counterman|urgent	309.01	0
< 978-1-08-021702-1	basketball	CharlesMeyer	daffodil|Magdalene|Puritan|counterman	438.48	0
< 978-1-337-93443-5			counterman|Giuliano	41.57	4
< 978-1-70943-147-0			corroborate|effusive|counterman	0.00	0
5461d3686
< 
5464d3688
< 
5476d3699
< 978-1-308-48603-1	carpet	DerekReyes	Giuliano|effusive	192.84	0
5479,5480d3701
< 
< 
5482,5483d3702
< 978-0-566-18251-8	bookmark	KennethSmith	daffodil	298.13	0
< 978-1-241-37155-5	maltose	KennethSmith	urgent|Puritan|Giuliano	78.58	0
5486d3704
< 
5489d3706
< 
5494,5504d3710
< 978-0-16-880017-9	obsequious	AshleyStanley	effusive	60.49	0
< 978-0-324-36026-4	scurry	KimberlyWilliams	effusive|urgent	390.33	0
< 978-0-341-47335-0	pilfer	JacquelineCamacho	Puritan|corroborate|effusive	141.03	12
< 978-0-400-66291-6	utile	KellyBowen	oxygenate|urgent|daffodil|effusive	434.47	14
< 978-0-405-93580-0	amass		daffodil|effusive|Puritan|oxygenate	0.00	17
< 978-0-531-15556-1	Arnold	MaryEvans	Puritan|oxygenate|effusive|Giuliano	37.60	15
< 978-0-88476-538-7			suitcase|effusive|counterman	449.80	0
< 978-0-89978-930-9	Acapulco	Mrs.LisaOsborne	daffodil|effusive|Giuliano|counterman|urgent	309.01	0
< 978-1-225-04033-0		Mr.ThomasVazquez	Giuliano|effusive	317.45	0
< 978-1-308-48603-1	carpet	DerekReyes	Giuliano|effusive	192.84	0
< 978-1-70943-147-0			corroborate|effusive|counterman	0.00	0
5512,5523d3717
< 
< 978-0-06-531456-4	angelfish	ChelseaJames	counterman|urgent|Puritan|corroborate	337.09	0
< 978-0-12-093877-3	ransom		urgent|Puritan	238.65	0
< 978-0-315-98351-9	concertina	KellyBowen	urgent|daffodil	370.60	18
< 978-0-324-36026-4	scurry	KimberlyWilliams	effusive|urgent	390.33	0
< 978-0-400-66291-6	utile	KellyBowen	oxygenate|urgent|daffodil|effusive	434.47	14
< 978-0-7084-6562-2	jealous	BrianCrawford	Giuliano|urgent|Puritan	0.00	0
< 978-0-7754-4166-6	burette	AmandaGonzalez	Puritan|daffodil|counterman|urgent|corroborate	198.44	8
< 978-0-89978-930-9	Acapulco	Mrs.LisaOsborne	daffodil|effusive|Giuliano|counterman|urgent	309.01	0
< 978-1-241-37155-5	maltose	KennethSmith	urgent|Puritan|Giuliano	78.58	0
< 978-1-314-91272-2	dragnet	CharlesMeyer	suitcase|urgent	285.12	10
< 978-1-77462-286-5		BrianCrawford	oxygenate|urgent|suitcase|Puritan	0.00	32
5527d3720
< 
5531d3723
< 
5536d3727
< 
5539d3729
< 
5541d3730
< 978-0-920159-35-4	storytelling	PennyWilliams	oxygenate	161.92	0
5548d3736
< 978-0-06-531456-4	angelfish	ChelseaJames	counterman|urgent|Puritan|corroborate	337.09	0
5556,5562d3743
< 978-0-531-15556-1	Arnold	MaryEvans	Puritan|oxygenate|effusive|Giuliano	37.60	15
< 978-0-400-66291-6	utile	KellyBowen	oxygenate|urgent|daffodil|effusive	434.47	14
< 978-0-405-93580-0	amass		daffodil|effusive|Puritan|oxygenate	0.00	17
< 978-0-531-15556-1	Arnold	MaryEvans	Puritan|oxygenate|effusive|Giuliano	37.60	15
< 978-0-920159-35-4	storytelling	PennyWilliams	oxygenate	161.92	0
< 978-1-396-75284-1	Sagittarius	EmilyGriffith	Giuliano|oxygenate|suitcase|Magdalene	291.15	0
< 978-1-77462-286-5		BrianCrawford	oxygenate|urgent|suitcase|Puritan	0.00	32
5565d3745
< 
5568,5578d3747
< 978-0-06-531456-4	angelfish	ChelseaJames	counterman|urgent|Puritan|corroborate	337.09	0
< 978-0-12-093877-3	ransom		urgent|Puritan	238.65	0
< 978-0-315-98351-9	concertina	KellyBowen	urgent|daffodil	370.60	18
< 978-0-324-36026-4	scurry	KimberlyWilliams	effusive|urgent	390.33	0
< 978-0-400-66291-6	utile	KellyBowen	oxygenate|urgent|daffodil|effusive	434.47	14
< 978-0-7084-6562-2	jealous	BrianCrawford	Giuliano|urgent|Puritan	0.00	0
< 978-0-7754-4166-6	burette	AmandaGonzalez	Puritan|daffodil|counterman|urgent|corroborate	198.44	8
< 978-0-89978-930-9	Acapulco	Mrs.LisaOsborne	daffodil|effusive|Giuliano|counterman|urgent	309.01	0
< 978-1-241-37155-5	maltose	KennethSmith	urgent|Puritan|Giuliano	78.58	0
< 978-1-314-91272-2	dragnet	CharlesMeyer	suitcase|urgent	285.12	10
< 978-1-77462-286-5		BrianCrawford	oxygenate|urgent|suitcase|Puritan	0.00	32
5581,5594d3749
< 
< 978-0-06-531456-4	angelfish	ChelseaJames	counterman|urgent|Puritan|corroborate	337.09	0
< 978-0-12-093877-3	ransom		urgent|Puritan	238.65	0
< 978-0-315-98351-9	concertina	KellyBowen	urgent|daffodil	370.60	18
< 978-0-324-36026-4	scurry	KimberlyWilliams	effusive|urgent	390.33	0
< 978-0-400-66291-6	utile	KellyBowen	oxygenate|urgent|daffodil|effusive	434.47	14
< 978-0-7084-6562-2	jealous	BrianCrawford	Giuliano|urgent|Puritan	0.00	0
< 978-0-7754-4166-6	burette	AmandaGonzalez	Puritan|daffodil|counterman|urgent|corroborate	198.44	8
< 978-0-89978-930-9	Acapulco	Mrs.LisaOsborne	daffodil|effusive|Giuliano|counterman|urgent	309.01	0
< 978-1-241-37155-5	maltose	KennethSmith	urgent|Puritan|Giuliano	78.58	0
< 978-1-314-91272-2	dragnet	CharlesMeyer	suitcase|urgent	285.12	10
< 978-1-77462-286-5		BrianCrawford	oxygenate|urgent|suitcase|Puritan	0.00	32
< 
< 
5601,5602d3755
< 
< 285.12
5605,5606d3757
< 978-1-308-48603-1	carpet	DerekReyes	Giuliano|effusive	192.84	0
< 
5616,5624d3766
< 978-0-315-98351-9	concertina	KellyBowen	urgent|daffodil	370.60	18
< 978-0-400-66291-6	utile	KellyBowen	oxygenate|urgent|daffodil|effusive	434.47	14
< 978-0-405-93580-0	amass		daffodil|effusive|Puritan|oxygenate	0.00	17
< 978-0-566-18251-8	bookmark	KennethSmith	daffodil	298.13	0
< 978-0-7754-4166-6	burette	AmandaGonzalez	Puritan|daffodil|counterman|urgent|corroborate	198.44	8
< 978-0-89978-930-9	Acapulco	Mrs.LisaOsborne	daffodil|effusive|Giuliano|counterman|urgent	309.01	0
< 978-1-00-796906-4	sheepherder	JeffJames	daffodil|corroborate	231.28	0
< 978-1-08-021702-1	basketball	CharlesMeyer	daffodil|Magdalene|Puritan|counterman	438.48	0
< 978-1-933311-06-7		Mr.ThomasVazquez	Puritan|daffodil	222.81	0
5639d3780
< 370.60
5643d3783
< 
5646,5659d3785
< 
< 
< 978-1-396-75284-1	Sagittarius	EmilyGriffith	Giuliano|oxygenate|suitcase|Magdalene	291.15	0
< 978-0-531-15556-1	Arnold	MaryEvans	Puritan|oxygenate|effusive|Giuliano	37.60	15
< 978-0-315-98351-9	concertina	KellyBowen	urgent|daffodil	370.60	17
< 978-0-400-66291-6	utile	KellyBowen	oxygenate|urgent|daffodil|effusive	434.47	14
< 978-0-405-93580-0	amass		daffodil|effusive|Puritan|oxygenate	0.00	17
< 978-0-566-18251-8	bookmark	KennethSmith	daffodil	298.13	0
< 978-0-7754-4166-6	burette	AmandaGonzalez	Puritan|daffodil|counterman|urgent|corroborate	198.44	8
< 978-0-89978-930-9	Acapulco	Mrs.LisaOsborne	daffodil|effusive|Giuliano|counterman|urgent	309.01	0
< 978-1-00-796906-4	sheepherder	JeffJames	daffodil|corroborate	231.28	0
< 978-1-08-021702-1	basketball	CharlesMeyer	daffodil|Magdalene|Puritan|counterman	438.48	0
< 978-1-933311-06-7		Mr.ThomasVazquez	Puritan|daffodil	222.81	0
< 978-0-16-880017-9	obsequious	AshleyStanley	effusive	60.49	0
5663d3788
< 
5665,5675d3789
< 978-0-255-84374-4		JeffJames		0.00	33
< 978-1-00-796906-4	sheepherder	JeffJames	daffodil|corroborate	231.28	0
< 978-1-81825-413-7	infrequent	JeffJames	Puritan	451.53	0
< 
< 978-0-561-95494-3	conveyance	CharlesMeyer	suitcase	0.00	0
< 978-0-88476-538-7			suitcase|effusive|counterman	449.80	0
< 978-1-03-088495-2	Yeats	JohnnyLittle	suitcase|corroborate	465.35	0
< 978-1-314-91272-2	dragnet	CharlesMeyer	suitcase|urgent	285.12	9
< 978-1-396-75284-1	Sagittarius	EmilyGriffith	Giuliano|oxygenate|suitcase|Magdalene	291.15	0
< 978-1-56502-324-6	minuteman	BrookeWilson	suitcase	0.00	0
< 978-1-77462-286-5		BrianCrawford	oxygenate|urgent|suitcase|Puritan	0.00	32
5700,5701d3813
< 
< 
5708,5709d3819
< 
< 
5713,5718d3822
< 978-0-400-66291-6	utile	KellyBowen	oxygenate|urgent|daffodil|effusive	434.47	14
< 978-0-405-93580-0	amass		daffodil|effusive|Puritan|oxygenate	0.00	17
< 978-0-531-15556-1	Arnold	MaryEvans	Puritan|oxygenate|effusive|Giuliano	37.60	15
< 978-0-920159-35-4	storytelling	PennyWilliams	oxygenate	161.92	0
< 978-1-396-75284-1	Sagittarius	EmilyGriffith	Giuliano|oxygenate|suitcase|Magdalene	291.15	0
< 978-1-77462-286-5		BrianCrawford	oxygenate|urgent|suitcase|Puritan	0.00	32
5725d3828
< 
5737,5747d3839
< 978-0-16-880017-9	obsequious	AshleyStanley	effusive	60.49	0
< 978-0-324-36026-4	scurry	KimberlyWilliams	effusive|urgent	390.33	0
< 978-0-341-47335-0	pilfer	JacquelineCamacho	Puritan|corroborate|effusive	141.03	12
< 978-0-400-66291-6	utile	KellyBowen	oxygenate|urgent|daffodil|effusive	434.47	14
< 978-0-405-93580-0	amass		daffodil|effusive|Puritan|oxygenate	0.00	17
< 978-0-531-15556-1	Arnold	MaryEvans	Puritan|oxygenate|effusive|Giuliano	37.60	15
< 978-0-88476-538-7			suitcase|effusive|counterman	449.80	0
< 978-0-89978-930-9	Acapulco	Mrs.LisaOsborne	daffodil|effusive|Giuliano|counterman|urgent	309.01	0
< 978-1-225-04033-0		Mr.ThomasVazquez	Giuliano|effusive	317.45	0
< 978-1-308-48603-1	carpet	DerekReyes	Giuliano|effusive	192.84	0
< 978-1-70943-147-0			corroborate|effusive|counterman	0.00	0
5776d3867
< 
5782d3872
< 
5785,5790d3874
< 978-0-400-66291-6	utile	KellyBowen	oxygenate|urgent|daffodil|effusive	434.47	14
< 978-0-405-93580-0	amass		daffodil|effusive|Puritan|oxygenate	0.00	17
< 978-0-531-15556-1	Arnold	MaryEvans	Puritan|oxygenate|effusive|Giuliano	37.60	15
< 978-0-920159-35-4	storytelling	PennyWilliams	oxygenate	161.92	0
< 978-1-396-75284-1	Sagittarius	EmilyGriffith	Giuliano|oxygenate|suitcase|Magdalene	291.15	0
< 978-1-77462-286-5		BrianCrawford	oxygenate|urgent|suitcase|Puritan	0.00	32
5793d3876
< 
5800,5814d3882
< 978-1-230-11209-1		BrianOwens		282.26	0
< 
< 
< 978-0-06-531456-4	angelfish	ChelseaJames	counterman|urgent|Puritan|corroborate	337.09	0
< 978-0-12-093877-3	ransom		urgent|Puritan	238.65	0
< 978-0-341-47335-0	pilfer	JacquelineCamacho	Puritan|corroborate|effusive	141.03	12
< 978-0-405-93580-0	amass		daffodil|effusive|Puritan|oxygenate	0.00	17
< 978-0-531-15556-1	Arnold	MaryEvans	Puritan|oxygenate|effusive|Giuliano	37.60	15
< 978-0-7084-6562-2	jealous	BrianCrawford	Giuliano|urgent|Puritan	0.00	0
< 978-0-7754-4166-6	burette	AmandaGonzalez	Puritan|daffodil|counterman|urgent|corroborate	198.44	8
< 978-1-08-021702-1	basketball	CharlesMeyer	daffodil|Magdalene|Puritan|counterman	438.48	0
< 978-1-241-37155-5	maltose	KennethSmith	urgent|Puritan|Giuliano	78.58	0
< 978-1-77462-286-5		BrianCrawford	oxygenate|urgent|suitcase|Puritan	0.00	32
< 978-1-81825-413-7	infrequent	JeffJames	Puritan	451.53	0
< 978-1-933311-06-7		Mr.ThomasVazquez	Puritan|daffodil	222.81	0
5825,5835d3892
< 978-0-16-880017-9	obsequious	AshleyStanley	effusive	60.49	0
< 978-0-324-36026-4	scurry	KimberlyWilliams	effusive|urgent	390.33	0
< 978-0-341-47335-0	pilfer	JacquelineCamacho	Puritan|corroborate|effusive	141.03	12
< 978-0-400-66291-6	utile	KellyBowen	oxygenate|urgent|daffodil|effusive	434.47	14
< 978-0-405-93580-0	amass		daffodil|effusive|Puritan|oxygenate	0.00	17
< 978-0-531-15556-1	Arnold	MaryEvans	Puritan|oxygenate|effusive|Giuliano	37.60	15
< 978-0-88476-538-7			suitcase|effusive|counterman	449.80	0
< 978-0-89978-930-9	Acapulco	Mrs.LisaOsborne	daffodil|effusive|Giuliano|counterman|urgent	309.01	0
< 978-1-225-04033-0		Mr.ThomasVazquez	Giuliano|effusive	317.45	0
< 978-1-308-48603-1	carpet	DerekReyes	Giuliano|effusive	192.84	0
< 978-1-70943-147-0			corroborate|effusive|counterman	0.00	0
5843,5849d3899
< 978-0-561-95494-3	conveyance	CharlesMeyer	suitcase	0.00	0
< 978-0-88476-538-7			suitcase|effusive|counterman	449.80	0
< 978-1-03-088495-2	Yeats	JohnnyLittle	suitcase|corroborate	465.35	0
< 978-1-314-91272-2	dragnet	CharlesMeyer	suitcase|urgent	285.12	9
< 978-1-396-75284-1	Sagittarius	EmilyGriffith	Giuliano|oxygenate|suitcase|Magdalene	291.15	0
< 978-1-56502-324-6	minuteman	BrookeWilson	suitcase	0.00	0
< 978-1-77462-286-5		BrianCrawford	oxygenate|urgent|suitcase|Puritan	0.00	32
5851,5863d3900
< 
< 
< 978-0-06-531456-4	angelfish	ChelseaJames	counterman|urgent|Puritan|corroborate	337.09	0
< 978-0-12-093877-3	ransom		urgent|Puritan	238.65	0
< 978-0-315-98351-9	concertina	KellyBowen	urgent|daffodil	370.60	17
< 978-0-324-36026-4	scurry	KimberlyWilliams	effusive|urgent	390.33	0
< 978-0-400-66291-6	utile	KellyBowen	oxygenate|urgent|daffodil|effusive	434.47	14
< 978-0-7084-6562-2	jealous	BrianCrawford	Giuliano|urgent|Puritan	0.00	0
< 978-0-7754-4166-6	burette	AmandaGonzalez	Puritan|daffodil|counterman|urgent|corroborate	198.44	8
< 978-0-89978-930-9	Acapulco	Mrs.LisaOsborne	daffodil|effusive|Giuliano|counterman|urgent	309.01	0
< 978-1-241-37155-5	maltose	KennethSmith	urgent|Puritan|Giuliano	78.58	0
< 978-1-314-91272-2	dragnet	CharlesMeyer	suitcase|urgent	285.12	9
< 978-1-77462-286-5		BrianCrawford	oxygenate|urgent|suitcase|Puritan	0.00	32
5867d3903
< 
5872,5881d3907
< 
< 978-0-531-15556-1	Arnold	MaryEvans	Puritan|oxygenate|effusive|Giuliano	37.60	15
< 978-0-615-83956-1			Giuliano|Magdalene	349.25	0
< 978-0-7084-6562-2	jealous	BrianCrawford	Giuliano|urgent|Puritan	0.00	0
< 978-0-89978-930-9	Acapulco	Mrs.LisaOsborne	daffodil|effusive|Giuliano|counterman|urgent	309.01	0
< 978-1-225-04033-0		Mr.ThomasVazquez	Giuliano|effusive	317.45	0
< 978-1-241-37155-5	maltose	KennethSmith	urgent|Puritan|Giuliano	78.58	0
< 978-1-308-48603-1	carpet	DerekReyes	Giuliano|effusive	192.84	0
< 978-1-337-93443-5			counterman|Giuliano	41.57	4
< 978-1-396-75284-1	Sagittarius	EmilyGriffith	Giuliano|oxygenate|suitcase|Magdalene	291.15	0
5883,5888d3908
< 978-0-06-531456-4	angelfish	ChelseaJames	counterman|urgent|Puritan|corroborate	337.09	0
< 978-0-341-47335-0	pilfer	JacquelineCamacho	Puritan|corroborate|effusive	141.03	12
< 978-0-7754-4166-6	burette	AmandaGonzalez	Puritan|daffodil|counterman|urgent|corroborate	198.44	8
< 978-1-00-796906-4	sheepherder	JeffJames	daffodil|corroborate	231.28	0
< 978-1-03-088495-2	Yeats	JohnnyLittle	suitcase|corroborate	465.35	0
< 978-1-70943-147-0			corroborate|effusive|counterman	0.00	0
5895d3914
< 
5902d3920
< 
5910d3927
< 
5934d3950
< 
5954d3969
< 978-0-531-15556-1	Arnold	MaryEvans	Puritan|oxygenate|effusive|Giuliano	37.60	15
5957,5969d3971
< 
< 978-0-06-531456-4	angelfish	ChelseaJames	counterman|urgent|Puritan|corroborate	337.09	0
< 978-0-12-093877-3	ransom		urgent|Puritan	238.65	0
< 978-0-341-47335-0	pilfer	JacquelineCamacho	Puritan|corroborate|effusive	141.03	12
< 978-0-405-93580-0	amass		daffodil|effusive|Puritan|oxygenate	0.00	17
< 978-0-531-15556-1	Arnold	MaryEvans	Puritan|oxygenate|effusive|Giuliano	37.60	15
< 978-0-7084-6562-2	jealous	BrianCrawford	Giuliano|urgent|Puritan	0.00	0
< 978-0-7754-4166-6	burette	AmandaGonzalez	Puritan|daffodil|counterman|urgent|corroborate	198.44	8
< 978-1-08-021702-1	basketball	CharlesMeyer	daffodil|Magdalene|Puritan|counterman	438.48	0
< 978-1-241-37155-5	maltose	KennethSmith	urgent|Puritan|Giuliano	78.58	0
< 978-1-77462-286-5		BrianCrawford	oxygenate|urgent|suitcase|Puritan	0.00	32
< 978-1-81825-413-7	infrequent	JeffJames	Puritan	451.53	0
< 978-1-933311-06-7		Mr.ThomasVazquez	Puritan|daffodil	222.81	0
5978,5979d3979
< 
< 
5982,5984d3981
< 978-0-566-18251-8	bookmark	KennethSmith	daffodil	298.13	0
< 978-1-241-37155-5	maltose	KennethSmith	urgent|Puritan|Giuliano	78.58	0
< 
6006,6007d4002
< 
< 
6010d4004
< 
6017d4010
< 
6026,6033d4018
< 978-0-06-531456-4	angelfish	ChelseaJames	counterman|urgent|Puritan|corroborate	337.09	0
< 978-0-7558-3718-2	authenticate	JacquelineCamacho	counterman	391.95	0
< 978-0-7754-4166-6	burette	AmandaGonzalez	Puritan|daffodil|counterman|urgent|corroborate	198.44	8
< 978-0-88476-538-7			suitcase|effusive|counterman	449.80	0
< 978-0-89978-930-9	Acapulco	Mrs.LisaOsborne	daffodil|effusive|Giuliano|counterman|urgent	309.01	0
< 978-1-08-021702-1	basketball	CharlesMeyer	daffodil|Magdalene|Puritan|counterman	438.48	0
< 978-1-337-93443-5			counterman|Giuliano	41.57	4
< 978-1-70943-147-0			corroborate|effusive|counterman	0.00	0
6035d4019
< 978-0-531-15556-1	Arnold	MaryEvans	Puritan|oxygenate|effusive|Giuliano	37.60	15
6037,6042d4020
< 978-0-06-531456-4	angelfish	ChelseaJames	counterman|urgent|Puritan|corroborate	337.09	0
< 978-0-341-47335-0	pilfer	JacquelineCamacho	Puritan|corroborate|effusive	141.03	12
< 978-0-7754-4166-6	burette	AmandaGonzalez	Puritan|daffodil|counterman|urgent|corroborate	198.44	8
< 978-1-00-796906-4	sheepherder	JeffJames	daffodil|corroborate	231.28	0
< 978-1-03-088495-2	Yeats	JohnnyLittle	suitcase|corroborate	465.35	0
< 978-1-70943-147-0			corroborate|effusive|counterman	0.00	0
6047d4024
< 
6057,6067d4033
< 978-0-06-531456-4	angelfish	ChelseaJames	counterman|urgent|Puritan|corroborate	337.09	0
< 978-0-12-093877-3	ransom		urgent|Puritan	238.65	0
< 978-0-315-98351-9	concertina	KellyBowen	urgent|daffodil	370.60	17
< 978-0-324-36026-4	scurry	KimberlyWilliams	effusive|urgent	390.33	0
< 978-0-400-66291-6	utile	KellyBowen	oxygenate|urgent|daffodil|effusive	434.47	14
< 978-0-7084-6562-2	jealous	BrianCrawford	Giuliano|urgent|Puritan	0.00	0
< 978-0-7754-4166-6	burette	AmandaGonzalez	Puritan|daffodil|counterman|urgent|corroborate	198.44	8
< 978-0-89978-930-9	Acapulco	Mrs.LisaOsborne	daffodil|effusive|Giuliano|counterman|urgent	309.01	0
< 978-1-241-37155-5	maltose	KennethSmith	urgent|Puritan|Giuliano	78.58	0
< 978-1-314-91272-2	dragnet	CharlesMeyer	suitcase|urgent	285.12	9
< 978-1-77462-286-5		BrianCrawford	oxygenate|urgent|suitcase|Puritan	0.00	32
6070,6076d4035
< 
< 978-0-06-531456-4	angelfish	ChelseaJames	counterman|urgent|Puritan|corroborate	337.09	0
< 978-0-341-47335-0	pilfer	JacquelineCamacho	Puritan|corroborate|effusive	141.03	12
< 978-0-7754-4166-6	burette	AmandaGonzalez	Puritan|daffodil|counterman|urgent|corroborate	198.44	8
< 978-1-00-796906-4	sheepherder	JeffJames	daffodil|corroborate	231.28	0
< 978-1-03-088495-2	Yeats	JohnnyLittle	suitcase|corroborate	465.35	0
< 978-1-70943-147-0			corroborate|effusive|counterman	0.00	0
6086d4044
< 
6105,6115d4062
< 
< 
< 978-0-531-15556-1	Arnold	MaryEvans	Puritan|oxygenate|effusive|Giuliano	37.60	15
< 978-0-615-83956-1			Giuliano|Magdalene	349.25	0
< 978-0-7084-6562-2	jealous	BrianCrawford	Giuliano|urgent|Puritan	0.00	0
< 978-0-89978-930-9	Acapulco	Mrs.LisaOsborne	daffodil|effusive|Giuliano|counterman|urgent	309.01	0
< 978-1-225-04033-0		Mr.ThomasVazquez	Giuliano|effusive	317.45	0
< 978-1-241-37155-5	maltose	KennethSmith	urgent|Puritan|Giuliano	78.58	0
< 978-1-308-48603-1	carpet	DerekReyes	Giuliano|effusive	192.84	0
< 978-1-337-93443-5			counterman|Giuliano	41.57	4
< 978-1-396-75284-1	Sagittarius	EmilyGriffith	Giuliano|oxygenate|suitcase|Magdalene	291.15	0
6118,6139d4064
< 978-0-06-531456-4	angelfish	ChelseaJames	counterman|urgent|Puritan|corroborate	337.09	0
< 978-0-12-093877-3	ransom		urgent|Puritan	238.65	0
< 978-0-315-98351-9	concertina	KellyBowen	urgent|daffodil	370.60	17
< 978-0-324-36026-4	scurry	KimberlyWilliams	effusive|urgent	390.33	0
< 978-0-400-66291-6	utile	KellyBowen	oxygenate|urgent|daffodil|effusive	434.47	14
< 978-0-7084-6562-2	jealous	BrianCrawford	Giuliano|urgent|Puritan	0.00	0
< 978-0-7754-4166-6	burette	AmandaGonzalez	Puritan|daffodil|counterman|urgent|corroborate	198.44	8
< 978-0-89978-930-9	Acapulco	Mrs.LisaOsborne	daffodil|effusive|Giuliano|counterman|urgent	309.01	0
< 978-1-241-37155-5	maltose	KennethSmith	urgent|Puritan|Giuliano	78.58	0
< 978-1-314-91272-2	dragnet	CharlesMeyer	suitcase|urgent	285.12	9
< 978-1-77462-286-5		BrianCrawford	oxygenate|urgent|suitcase|Puritan	0.00	32
< 978-0-06-531456-4	angelfish	ChelseaJames	counterman|urgent|Puritan|corroborate	337.09	0
< 978-0-12-093877-3	ransom		urgent|Puritan	238.65	0
< 978-0-315-98351-9	concertina	KellyBowen	urgent|daffodil	370.60	17
< 978-0-324-36026-4	scurry	KimberlyWilliams	effusive|urgent	390.33	0
< 978-0-400-66291-6	utile	KellyBowen	oxygenate|urgent|daffodil|effusive	434.47	14
< 978-0-7084-6562-2	jealous	BrianCrawford	Giuliano|urgent|Puritan	0.00	0
< 978-0-7754-4166-6	burette	AmandaGonzalez	Puritan|daffodil|counterman|urgent|corroborate	198.44	8
< 978-0-89978-930-9	Acapulco	Mrs.LisaOsborne	daffodil|effusive|Giuliano|counterman|urgent	309.01	0
< 978-1-241-37155-5	maltose	KennethSmith	urgent|Puritan|Giuliano	78.58	0
< 978-1-314-91272-2	dragnet	CharlesMeyer	suitcase|urgent	285.12	9
< 978-1-77462-286-5		BrianCrawford	oxygenate|urgent|suitcase|Puritan	0.00	32
6142,6149d4066
< 978-0-561-95494-3	conveyance	CharlesMeyer	suitcase	0.00	0
< 978-0-88476-538-7			suitcase|effusive|counterman	449.80	0
< 978-1-03-088495-2	Yeats	JohnnyLittle	suitcase|corroborate	465.35	0
< 978-1-314-91272-2	dragnet	CharlesMeyer	suitcase|urgent	285.12	9
< 978-1-396-75284-1	Sagittarius	EmilyGriffith	Giuliano|oxygenate|suitcase|Magdalene	291.15	0
< 978-1-56502-324-6	minuteman	BrookeWilson	suitcase	0.00	0
< 978-1-77462-286-5		BrianCrawford	oxygenate|urgent|suitcase|Puritan	0.00	32
< 
6155d4071
< 978-0-915703-25-8	stricken	MeganLee	Magdalene	69.47	0
6167,6173d4082
< 978-0-06-531456-4	angelfish	ChelseaJames	counterman|urgent|Puritan|corroborate	337.09	0
< 978-0-341-47335-0	pilfer	JacquelineCamacho	Puritan|corroborate|effusive	141.03	12
< 978-0-7754-4166-6	burette	AmandaGonzalez	Puritan|daffodil|counterman|urgent|corroborate	198.44	8
< 978-1-00-796906-4	sheepherder	JeffJames	daffodil|corroborate	231.28	0
< 978-1-03-088495-2	Yeats	JohnnyLittle	suitcase|corroborate	465.35	0
< 978-1-70943-147-0			corroborate|effusive|counterman	0.00	0
< 
6176,6182d4084
< 978-0-561-95494-3	conveyance	CharlesMeyer	suitcase	0.00	0
< 978-0-88476-538-7			suitcase|effusive|counterman	449.80	0
< 978-1-03-088495-2	Yeats	JohnnyLittle	suitcase|corroborate	465.35	0
< 978-1-314-91272-2	dragnet	CharlesMeyer	suitcase|urgent	285.12	9
< 978-1-396-75284-1	Sagittarius	EmilyGriffith	Giuliano|oxygenate|suitcase|Magdalene	291.15	0
< 978-1-56502-324-6	minuteman	BrookeWilson	suitcase	0.00	0
< 978-1-77462-286-5		BrianCrawford	oxygenate|urgent|suitcase|Puritan	0.00	32
6193d4094
< 
6204d4104
< 
6206d4105
< 
6209d4107
< 
6215d4112
< 978-0-920159-35-4	storytelling	PennyWilliams	oxygenate	161.92	0
6228,6238d4124
< 
< 
< 978-0-315-98351-9	concertina	KellyBowen	urgent|daffodil	370.60	17
< 978-0-400-66291-6	utile	KellyBowen	oxygenate|urgent|daffodil|effusive	434.47	14
< 978-0-405-93580-0	amass		daffodil|effusive|Puritan|oxygenate	0.00	17
< 978-0-566-18251-8	bookmark	KennethSmith	daffodil	298.13	0
< 978-0-7754-4166-6	burette	AmandaGonzalez	Puritan|daffodil|counterman|urgent|corroborate	198.44	8
< 978-0-89978-930-9	Acapulco	Mrs.LisaOsborne	daffodil|effusive|Giuliano|counterman|urgent	309.01	0
< 978-1-00-796906-4	sheepherder	JeffJames	daffodil|corroborate	231.28	0
< 978-1-08-021702-1	basketball	CharlesMeyer	daffodil|Magdalene|Puritan|counterman	438.48	0
< 978-1-933311-06-7		Mr.ThomasVazquez	Puritan|daffodil	222.81	0
6240,6249d4125
< 978-0-315-98351-9	concertina	KellyBowen	urgent|daffodil	370.60	17
< 978-0-400-66291-6	utile	KellyBowen	oxygenate|urgent|daffodil|effusive	434.47	14
< 978-0-405-93580-0	amass		daffodil|effusive|Puritan|oxygenate	0.00	17
< 978-0-566-18251-8	bookmark	KennethSmith	daffodil	298.13	0
< 978-0-7754-4166-6	burette	AmandaGonzalez	Puritan|daffodil|counterman|urgent|corroborate	198.44	8
< 978-0-89978-930-9	Acapulco	Mrs.LisaOsborne	daffodil|effusive|Giuliano|counterman|urgent	309.01	0
< 978-1-00-796906-4	sheepherder	JeffJames	daffodil|corroborate	231.28	0
< 978-1-08-021702-1	basketball	CharlesMeyer	daffodil|Magdalene|Puritan|counterman	438.48	0
< 978-1-933311-06-7		Mr.ThomasVazquez	Puritan|daffodil	222.81	0
< 978-0-16-880017-9	obsequious	AshleyStanley	effusive	60.49	0
6252d4127
< 
6263d4137
< 
6273,6278d4146
< 978-0-400-66291-6	utile	KellyBowen	oxygenate|urgent|daffodil|effusive	434.47	14
< 978-0-405-93580-0	amass		daffodil|effusive|Puritan|oxygenate	0.00	17
< 978-0-531-15556-1	Arnold	MaryEvans	Puritan|oxygenate|effusive|Giuliano	37.60	15
< 978-0-920159-35-4	storytelling	PennyWilliams	oxygenate	161.92	0
< 978-1-396-75284-1	Sagittarius	EmilyGriffith	Giuliano|oxygenate|suitcase|Magdalene	291.15	0
< 978-1-77462-286-5		BrianCrawford	oxygenate|urgent|suitcase|Puritan	0.00	32
6281,6282d4148
< 
< 
6285,6292d4150
< 978-0-06-531456-4	angelfish	ChelseaJames	counterman|urgent|Puritan|corroborate	337.09	0
< 978-0-7558-3718-2	authenticate	JacquelineCamacho	counterman	391.95	0
< 978-0-7754-4166-6	burette	AmandaGonzalez	Puritan|daffodil|counterman|urgent|corroborate	198.44	8
< 978-0-88476-538-7			suitcase|effusive|counterman	449.80	0
< 978-0-89978-930-9	Acapulco	Mrs.LisaOsborne	daffodil|effusive|Giuliano|counterman|urgent	309.01	0
< 978-1-08-021702-1	basketball	CharlesMeyer	daffodil|Magdalene|Puritan|counterman	438.48	0
< 978-1-337-93443-5			counterman|Giuliano	41.57	4
< 978-1-70943-147-0			corroborate|effusive|counterman	0.00	0
6296d4153
< 
6304,6311d4160
< 978-0-06-531456-4	angelfish	ChelseaJames	counterman|urgent|Puritan|corroborate	337.09	0
< 978-0-7558-3718-2	authenticate	JacquelineCamacho	counterman	391.95	0
< 978-0-7754-4166-6	burette	AmandaGonzalez	Puritan|daffodil|counterman|urgent|corroborate	198.44	8
< 978-0-88476-538-7			suitcase|effusive|counterman	449.80	0
< 978-0-89978-930-9	Acapulco	Mrs.LisaOsborne	daffodil|effusive|Giuliano|counterman|urgent	309.01	0
< 978-1-08-021702-1	basketball	CharlesMeyer	daffodil|Magdalene|Puritan|counterman	438.48	0
< 978-1-337-93443-5			counterman|Giuliano	41.57	4
< 978-1-70943-147-0			corroborate|effusive|counterman	0.00	0
6320,6321d4168
< 
< 978-1-9992274-9-4				0.00	19
6328d4174
< 
6334d4179
< 
6338,6345d4182
< 978-0-06-531456-4	angelfish	ChelseaJames	counterman|urgent|Puritan|corroborate	337.09	0
< 978-0-7558-3718-2	authenticate	JacquelineCamacho	counterman	391.95	0
< 978-0-7754-4166-6	burette	AmandaGonzalez	Puritan|daffodil|counterman|urgent|corroborate	198.44	8
< 978-0-88476-538-7			suitcase|effusive|counterman	449.80	0
< 978-0-89978-930-9	Acapulco	Mrs.LisaOsborne	daffodil|effusive|Giuliano|counterman|urgent	309.01	0
< 978-1-08-021702-1	basketball	CharlesMeyer	daffodil|Magdalene|Puritan|counterman	438.48	0
< 978-1-337-93443-5			counterman|Giuliano	41.57	4
< 978-1-70943-147-0			corroborate|effusive|counterman	0.00	0
6379d4215
< 
6387d4222
< 
6390,6402d4224
< 
< 978-0-16-880017-9	obsequious	AshleyStanley	effusive	60.49	0
< 978-0-324-36026-4	scurry	KimberlyWilliams	effusive|urgent	390.33	0
< 978-0-341-47335-0	pilfer	JacquelineCamacho	Puritan|corroborate|effusive	141.03	12
< 978-0-400-66291-6	utile	KellyBowen	oxygenate|urgent|daffodil|effusive	434.47	14
< 978-0-405-93580-0	amass		daffodil|effusive|Puritan|oxygenate	0.00	17
< 978-0-531-15556-1	Arnold	MaryEvans	Puritan|oxygenate|effusive|Giuliano	37.60	15
< 978-0-88476-538-7			suitcase|effusive|counterman	449.80	0
< 978-0-89978-930-9	Acapulco	Mrs.LisaOsborne	daffodil|effusive|Giuliano|counterman|urgent	309.01	0
< 978-1-225-04033-0		Mr.ThomasVazquez	Giuliano|effusive	317.45	0
< 978-1-308-48603-1	carpet	DerekReyes	Giuliano|effusive	192.84	0
< 978-1-70943-147-0			corroborate|effusive|counterman	0.00	0
< 
6404,6412d4225
< 978-0-315-98351-9	concertina	KellyBowen	urgent|daffodil	370.60	17
< 978-0-400-66291-6	utile	KellyBowen	oxygenate|urgent|daffodil|effusive	434.47	14
< 978-0-405-93580-0	amass		daffodil|effusive|Puritan|oxygenate	0.00	17
< 978-0-566-18251-8	bookmark	KennethSmith	daffodil	298.13	0
< 978-0-7754-4166-6	burette	AmandaGonzalez	Puritan|daffodil|counterman|urgent|corroborate	198.44	8
< 978-0-89978-930-9	Acapulco	Mrs.LisaOsborne	daffodil|effusive|Giuliano|counterman|urgent	309.01	0
< 978-1-00-796906-4	sheepherder	JeffJames	daffodil|corroborate	231.28	0
< 978-1-08-021702-1	basketball	CharlesMeyer	daffodil|Magdalene|Puritan|counterman	438.48	0
< 978-1-933311-06-7		Mr.ThomasVazquez	Puritan|daffodil	222.81	0
6421,6429d4233
< 978-0-531-15556-1	Arnold	MaryEvans	Puritan|oxygenate|effusive|Giuliano	37.60	15
< 978-0-615-83956-1			Giuliano|Magdalene	349.25	0
< 978-0-7084-6562-2	jealous	BrianCrawford	Giuliano|urgent|Puritan	0.00	0
< 978-0-89978-930-9	Acapulco	Mrs.LisaOsborne	daffodil|effusive|Giuliano|counterman|urgent	309.01	0
< 978-1-225-04033-0		Mr.ThomasVazquez	Giuliano|effusive	317.45	0
< 978-1-241-37155-5	maltose	KennethSmith	urgent|Puritan|Giuliano	78.58	0
< 978-1-308-48603-1	carpet	DerekReyes	Giuliano|effusive	192.84	0
< 978-1-337-93443-5			counterman|Giuliano	41.57	4
< 978-1-396-75284-1	Sagittarius	EmilyGriffith	Giuliano|oxygenate|suitcase|Magdalene	291.15	0
6431d4234
< 
6463d4265
< 
6475,6476d4276
< 
< 
6491d4290
< 
6494,6507d4292
< 
< 978-0-400-66291-6	utile	KellyBowen	oxygenate|urgent|daffodil|effusive	434.47	14
< 978-0-405-93580-0	amass		daffodil|effusive|Puritan|oxygenate	0.00	17
< 978-0-531-15556-1	Arnold	MaryEvans	Puritan|oxygenate|effusive|Giuliano	37.60	15
< 978-0-920159-35-4	storytelling	PennyWilliams	oxygenate	161.92	0
< 978-1-396-75284-1	Sagittarius	EmilyGriffith	Giuliano|oxygenate|suitcase|Magdalene	291.15	0
< 978-1-77462-286-5		BrianCrawford	oxygenate|urgent|suitcase|Puritan	0.00	32
< 978-0-06-531456-4	angelfish	ChelseaJames	counterman|urgent|Puritan|corroborate	337.09	0
< 978-0-341-47335-0	pilfer	JacquelineCamacho	Puritan|corroborate|effusive	141.03	12
< 978-0-7754-4166-6	burette	AmandaGonzalez	Puritan|daffodil|counterman|urgent|corroborate	198.44	8
< 978-1-00-796906-4	sheepherder	JeffJames	daffodil|corroborate	231.28	0
< 978-1-03-088495-2	Yeats	JohnnyLittle	suitcase|corroborate	465.35	0
< 978-1-70943-147-0			corroborate|effusive|counterman	0.00	0
< 
6524d4308
< 
6529,6531d4312
< 
< 
< 
6535d4315
< 
6539,6541d4318
< 
< 
< 
6552,6564d4328
< 978-0-561-95494-3	conveyance	CharlesMeyer	suitcase	0.00	0
< 978-0-88476-538-7			suitcase|effusive|counterman	449.80	0
< 978-1-03-088495-2	Yeats	JohnnyLittle	suitcase|corroborate	465.35	0
< 978-1-314-91272-2	dragnet	CharlesMeyer	suitcase|urgent	285.12	9
< 978-1-396-75284-1	Sagittarius	EmilyGriffith	Giuliano|oxygenate|suitcase|Magdalene	291.15	0
< 978-1-56502-324-6	minuteman	BrookeWilson	suitcase	0.00	0
< 978-1-77462-286-5		BrianCrawford	oxygenate|urgent|suitcase|Puritan	0.00	32
< 978-0-400-66291-6	utile	KellyBowen	oxygenate|urgent|daffodil|effusive	434.47	14
< 978-0-405-93580-0	amass		daffodil|effusive|Puritan|oxygenate	0.00	17
< 978-0-531-15556-1	Arnold	MaryEvans	Puritan|oxygenate|effusive|Giuliano	37.60	15
< 978-0-920159-35-4	storytelling	PennyWilliams	oxygenate	161.92	0
< 978-1-396-75284-1	Sagittarius	EmilyGriffith	Giuliano|oxygenate|suitcase|Magdalene	291.15	0
< 978-1-77462-286-5		BrianCrawford	oxygenate|urgent|suitcase|Puritan	0.00	32
6571,6584d4334
< 978-1-86497-466-9	conjure	JohnnyLittle		220.90	0
< 978-0-06-531456-4	angelfish	ChelseaJames	counterman|urgent|Puritan|corroborate	337.09	0
< 978-0-12-093877-3	ransom		urgent|Puritan	238.65	0
< 978-0-341-47335-0	pilfer	JacquelineCamacho	Puritan|corroborate|effusive	141.03	12
< 978-0-405-93580-0	amass		daffodil|effusive|Puritan|oxygenate	0.00	17
< 978-0-531-15556-1	Arnold	MaryEvans	Puritan|oxygenate|effusive|Giuliano	37.60	15
< 978-0-7084-6562-2	jealous	BrianCrawford	Giuliano|urgent|Puritan	0.00	0
< 978-0-7754-4166-6	burette	AmandaGonzalez	Puritan|daffodil|counterman|urgent|corroborate	198.44	8
< 978-1-08-021702-1	basketball	CharlesMeyer	daffodil|Magdalene|Puritan|counterman	438.48	0
< 978-1-241-37155-5	maltose	KennethSmith	urgent|Puritan|Giuliano	78.58	0
< 978-1-77462-286-5		BrianCrawford	oxygenate|urgent|suitcase|Puritan	0.00	32
< 978-1-81825-413-7	infrequent	JeffJames	Puritan	451.53	0
< 978-1-933311-06-7		Mr.ThomasVazquez	Puritan|daffodil	222.81	0
< 
6588d4337
< 
6590d4338
< 
6595,6603d4342
< 978-0-531-15556-1	Arnold	MaryEvans	Puritan|oxygenate|effusive|Giuliano	37.60	15
< 978-0-615-83956-1			Giuliano|Magdalene	349.25	0
< 978-0-7084-6562-2	jealous	BrianCrawford	Giuliano|urgent|Puritan	0.00	0
< 978-0-89978-930-9	Acapulco	Mrs.LisaOsborne	daffodil|effusive|Giuliano|counterman|urgent	309.01	0
< 978-1-225-04033-0		Mr.ThomasVazquez	Giuliano|effusive	317.45	0
< 978-1-241-37155-5	maltose	KennethSmith	urgent|Puritan|Giuliano	78.58	0
< 978-1-308-48603-1	carpet	DerekReyes	Giuliano|effusive	192.84	0
< 978-1-337-93443-5			counterman|Giuliano	41.57	4
< 978-1-396-75284-1	Sagittarius	EmilyGriffith	Giuliano|oxygenate|suitcase|Magdalene	291.15	0
6615,6626d4353
< 
< 978-0-16-880017-9	obsequious	AshleyStanley	effusive	60.49	0
< 978-0-324-36026-4	scurry	KimberlyWilliams	effusive|urgent	390.33	0
< 978-0-341-47335-0	pilfer	JacquelineCamacho	Puritan|corroborate|effusive	141.03	12
< 978-0-400-66291-6	utile	KellyBowen	oxygenate|urgent|daffodil|effusive	434.47	14
< 978-0-405-93580-0	amass		daffodil|effusive|Puritan|oxygenate	0.00	17
< 978-0-531-15556-1	Arnold	MaryEvans	Puritan|oxygenate|effusive|Giuliano	37.60	15
< 978-0-88476-538-7			suitcase|effusive|counterman	449.80	0
< 978-0-89978-930-9	Acapulco	Mrs.LisaOsborne	daffodil|effusive|Giuliano|counterman|urgent	309.01	0
< 978-1-225-04033-0		Mr.ThomasVazquez	Giuliano|effusive	317.45	0
< 978-1-308-48603-1	carpet	DerekReyes	Giuliano|effusive	192.84	0
< 978-1-70943-147-0			corroborate|effusive|counterman	0.00	0
6630,6637d4356
< 978-0-561-95494-3	conveyance	CharlesMeyer	suitcase	0.00	0
< 978-0-88476-538-7			suitcase|effusive|counterman	449.80	0
< 978-1-03-088495-2	Yeats	JohnnyLittle	suitcase|corroborate	465.35	0
< 978-1-314-91272-2	dragnet	CharlesMeyer	suitcase|urgent	285.12	9
< 978-1-396-75284-1	Sagittarius	EmilyGriffith	Giuliano|oxygenate|suitcase|Magdalene	291.15	0
< 978-1-56502-324-6	minuteman	BrookeWilson	suitcase	0.00	0
< 978-1-77462-286-5		BrianCrawford	oxygenate|urgent|suitcase|Puritan	0.00	32
< 
6659,6664d4377
< 978-0-400-66291-6	utile	KellyBowen	oxygenate|urgent|daffodil|effusive	434.47	14
< 978-0-405-93580-0	amass		daffodil|effusive|Puritan|oxygenate	0.00	17
< 978-0-531-15556-1	Arnold	MaryEvans	Puritan|oxygenate|effusive|Giuliano	37.60	15
< 978-0-920159-35-4	storytelling	PennyWilliams	oxygenate	161.92	0
< 978-1-396-75284-1	Sagittarius	EmilyGriffith	Giuliano|oxygenate|suitcase|Magdalene	291.15	0
< 978-1-77462-286-5		BrianCrawford	oxygenate|urgent|suitcase|Puritan	0.00	32
6672d4384
< 
6676d4387
< 
6681d4391
< 
6686d4395
< 
6701,6702d4409
< 978-1-225-04033-0		Mr.ThomasVazquez	Giuliano|effusive	317.45	0
< 978-1-933311-06-7		Mr.ThomasVazquez	Puritan|daffodil	222.81	0
6715,6723d4421
< 978-0-315-98351-9	concertina	KellyBowen	urgent|daffodil	370.60	17
< 978-0-400-66291-6	utile	KellyBowen	oxygenate|urgent|daffodil|effusive	434.47	14
< 978-0-405-93580-0	amass		daffodil|effusive|Puritan|oxygenate	0.00	17
< 978-0-566-18251-8	bookmark	KennethSmith	daffodil	298.13	0
< 978-0-7754-4166-6	burette	AmandaGonzalez	Puritan|daffodil|counterman|urgent|corroborate	198.44	8
< 978-0-89978-930-9	Acapulco	Mrs.LisaOsborne	daffodil|effusive|Giuliano|counterman|urgent	309.01	0
< 978-1-00-796906-4	sheepherder	JeffJames	daffodil|corroborate	231.28	0
< 978-1-08-021702-1	basketball	CharlesMeyer	daffodil|Magdalene|Puritan|counterman	438.48	0
< 978-1-933311-06-7		Mr.ThomasVazquez	Puritan|daffodil	222.81	0
6730d4427
< 
6732d4428
< 
6737d4432
< 
6748,6749d4442
< 
< 978-1-308-48603-1	carpet	DerekReyes	Giuliano|effusive	192.84	0
6751,6762d4443
< 978-0-06-531456-4	angelfish	ChelseaJames	counterman|urgent|Puritan|corroborate	337.09	0
< 978-0-12-093877-3	ransom		urgent|Puritan	238.65	0
< 978-0-315-98351-9	concertina	KellyBowen	urgent|daffodil	370.60	17
< 978-0-324-36026-4	scurry	KimberlyWilliams	effusive|urgent	390.33	0
< 978-0-400-66291-6	utile	KellyBowen	oxygenate|urgent|daffodil|effusive	434.47	14
< 978-0-7084-6562-2	jealous	BrianCrawford	Giuliano|urgent|Puritan	0.00	0
< 978-0-7754-4166-6	burette	AmandaGonzalez	Puritan|daffodil|counterman|urgent|corroborate	198.44	8
< 978-0-89978-930-9	Acapulco	Mrs.LisaOsborne	daffodil|effusive|Giuliano|counterman|urgent	309.01	0
< 978-1-241-37155-5	maltose	KennethSmith	urgent|Puritan|Giuliano	78.58	0
< 978-1-314-91272-2	dragnet	CharlesMeyer	suitcase|urgent	285.12	9
< 978-1-77462-286-5		BrianCrawford	oxygenate|urgent|suitcase|Puritan	0.00	32
< 
6765,6776d4445
< 
< 978-0-06-531456-4	angelfish	ChelseaJames	counterman|urgent|Puritan|corroborate	337.09	0
< 978-0-12-093877-3	ransom		urgent|Puritan	238.65	0
< 978-0-315-98351-9	concertina	KellyBowen	urgent|daffodil	370.60	17
< 978-0-324-36026-4	scurry	KimberlyWilliams	effusive|urgent	390.33	0
< 978-0-400-66291-6	utile	KellyBowen	oxygenate|urgent|daffodil|effusive	434.47	14
< 978-0-7084-6562-2	jealous	BrianCrawford	Giuliano|urgent|Puritan	0.00	0
< 978-0-7754-4166-6	burette	AmandaGonzalez	Puritan|daffodil|counterman|urgent|corroborate	198.44	8
< 978-0-89978-930-9	Acapulco	Mrs.LisaOsborne	daffodil|effusive|Giuliano|counterman|urgent	309.01	0
< 978-1-241-37155-5	maltose	KennethSmith	urgent|Puritan|Giuliano	78.58	0
< 978-1-314-91272-2	dragnet	CharlesMeyer	suitcase|urgent	285.12	9
< 978-1-77462-286-5		BrianCrawford	oxygenate|urgent|suitcase|Puritan	0.00	32
6787d4455
< 
6789,6798d4456
< 978-0-06-531456-4	angelfish	ChelseaJames	counterman|urgent|Puritan|corroborate	337.09	0
< 978-0-7558-3718-2	authenticate	JacquelineCamacho	counterman	391.95	0
< 978-0-7754-4166-6	burette	AmandaGonzalez	Puritan|daffodil|counterman|urgent|corroborate	198.44	8
< 978-0-88476-538-7			suitcase|effusive|counterman	449.80	0
< 978-0-89978-930-9	Acapulco	Mrs.LisaOsborne	daffodil|effusive|Giuliano|counterman|urgent	309.01	0
< 978-1-08-021702-1	basketball	CharlesMeyer	daffodil|Magdalene|Puritan|counterman	438.48	0
< 978-1-337-93443-5			counterman|Giuliano	41.57	4
< 978-1-70943-147-0			corroborate|effusive|counterman	0.00	0
< 
< 
6800,6819d4457
< 978-0-06-531456-4	angelfish	ChelseaJames	counterman|urgent|Puritan|corroborate	337.09	0
< 978-0-12-093877-3	ransom		urgent|Puritan	238.65	0
< 978-0-315-98351-9	concertina	KellyBowen	urgent|daffodil	370.60	17
< 978-0-324-36026-4	scurry	KimberlyWilliams	effusive|urgent	390.33	0
< 978-0-400-66291-6	utile	KellyBowen	oxygenate|urgent|daffodil|effusive	434.47	14
< 978-0-7084-6562-2	jealous	BrianCrawford	Giuliano|urgent|Puritan	0.00	0
< 978-0-7754-4166-6	burette	AmandaGonzalez	Puritan|daffodil|counterman|urgent|corroborate	198.44	8
< 978-0-89978-930-9	Acapulco	Mrs.LisaOsborne	daffodil|effusive|Giuliano|counterman|urgent	309.01	0
< 978-1-241-37155-5	maltose	KennethSmith	urgent|Puritan|Giuliano	78.58	0
< 978-1-314-91272-2	dragnet	CharlesMeyer	suitcase|urgent	285.12	9
< 978-1-77462-286-5		BrianCrawford	oxygenate|urgent|suitcase|Puritan	0.00	32
< 978-0-531-15556-1	Arnold	MaryEvans	Puritan|oxygenate|effusive|Giuliano	37.60	15
< 978-0-615-83956-1			Giuliano|Magdalene	349.25	0
< 978-0-7084-6562-2	jealous	BrianCrawford	Giuliano|urgent|Puritan	0.00	0
< 978-0-89978-930-9	Acapulco	Mrs.LisaOsborne	daffodil|effusive|Giuliano|counterman|urgent	309.01	0
< 978-1-225-04033-0		Mr.ThomasVazquez	Giuliano|effusive	317.45	0
< 978-1-241-37155-5	maltose	KennethSmith	urgent|Puritan|Giuliano	78.58	0
< 978-1-308-48603-1	carpet	DerekReyes	Giuliano|effusive	192.84	0
< 978-1-337-93443-5			counterman|Giuliano	41.57	4
< 978-1-396-75284-1	Sagittarius	EmilyGriffith	Giuliano|oxygenate|suitcase|Magdalene	291.15	0
6831,6840d4468
< 
< 
< 978-0-06-531456-4	angelfish	ChelseaJames	counterman|urgent|Puritan|corroborate	337.09	0
< 978-0-7558-3718-2	authenticate	JacquelineCamacho	counterman	391.95	0
< 978-0-7754-4166-6	burette	AmandaGonzalez	Puritan|daffodil|counterman|urgent|corroborate	198.44	8
< 978-0-88476-538-7			suitcase|effusive|counterman	449.80	0
< 978-0-89978-930-9	Acapulco	Mrs.LisaOsborne	daffodil|effusive|Giuliano|counterman|urgent	309.01	0
< 978-1-08-021702-1	basketball	CharlesMeyer	daffodil|Magdalene|Puritan|counterman	438.48	0
< 978-1-337-93443-5			counterman|Giuliano	41.57	4
< 978-1-70943-147-0			corroborate|effusive|counterman	0.00	0
6843,6844d4470
< 978-0-341-47335-0	pilfer	JacquelineCamacho	Puritan|corroborate|effusive	141.03	12
< 978-0-7558-3718-2	authenticate	JacquelineCamacho	counterman	391.95	0
6857d4482
< 
6863d4487
< 
6866,6877d4489
< 978-0-06-531456-4	angelfish	ChelseaJames	counterman|urgent|Puritan|corroborate	337.09	0
< 978-0-12-093877-3	ransom		urgent|Puritan	238.65	0
< 978-0-341-47335-0	pilfer	JacquelineCamacho	Puritan|corroborate|effusive	141.03	12
< 978-0-405-93580-0	amass		daffodil|effusive|Puritan|oxygenate	0.00	17
< 978-0-531-15556-1	Arnold	MaryEvans	Puritan|oxygenate|effusive|Giuliano	37.60	15
< 978-0-7084-6562-2	jealous	BrianCrawford	Giuliano|urgent|Puritan	0.00	0
< 978-0-7754-4166-6	burette	AmandaGonzalez	Puritan|daffodil|counterman|urgent|corroborate	198.44	8
< 978-1-08-021702-1	basketball	CharlesMeyer	daffodil|Magdalene|Puritan|counterman	438.48	0
< 978-1-241-37155-5	maltose	KennethSmith	urgent|Puritan|Giuliano	78.58	0
< 978-1-77462-286-5		BrianCrawford	oxygenate|urgent|suitcase|Puritan	0.00	32
< 978-1-81825-413-7	infrequent	JeffJames	Puritan	451.53	0
< 978-1-933311-06-7		Mr.ThomasVazquez	Puritan|daffodil	222.81	0
6880,6882d4491
< 
< 
< 
6905d4513
< 
6907,6908d4514
< 
< 
6910,6913d4515
< 978-0-324-36026-4	scurry	KimberlyWilliams	effusive|urgent	390.33	0
< 
< 
< 
6920,6921d4521
< 
< 
6927,6931d4526
< 978-0-615-83956-1			Giuliano|Magdalene	349.25	0
< 978-0-669-45265-5	exclamatory		Magdalene	298.39	0
< 978-0-915703-25-8	stricken	MeganLee	Magdalene	69.47	0
< 978-1-08-021702-1	basketball	CharlesMeyer	daffodil|Magdalene|Puritan|counterman	438.48	0
< 978-1-396-75284-1	Sagittarius	EmilyGriffith	Giuliano|oxygenate|suitcase|Magdalene	291.15	0
6934d4528
< 
6937,6942d4530
< 978-0-06-531456-4	angelfish	ChelseaJames	counterman|urgent|Puritan|corroborate	337.09	0
< 978-0-341-47335-0	pilfer	JacquelineCamacho	Puritan|corroborate|effusive	141.03	12
< 978-0-7754-4166-6	burette	AmandaGonzalez	Puritan|daffodil|counterman|urgent|corroborate	198.44	8
< 978-1-00-796906-4	sheepherder	JeffJames	daffodil|corroborate	231.28	0
< 978-1-03-088495-2	Yeats	JohnnyLittle	suitcase|corroborate	465.35	0
< 978-1-70943-147-0			corroborate|effusive|counterman	0.00	0
6954,6964d4541
< 978-0-06-531456-4	angelfish	ChelseaJames	counterman|urgent|Puritan|corroborate	337.09	0
< 978-0-12-093877-3	ransom		urgent|Puritan	238.65	0
< 978-0-315-98351-9	concertina	KellyBowen	urgent|daffodil	370.60	17
< 978-0-324-36026-4	scurry	KimberlyWilliams	effusive|urgent	390.33	0
< 978-0-400-66291-6	utile	KellyBowen	oxygenate|urgent|daffodil|effusive	434.47	14
< 978-0-7084-6562-2	jealous	BrianCrawford	Giuliano|urgent|Puritan	0.00	0
< 978-0-7754-4166-6	burette	AmandaGonzalez	Puritan|daffodil|counterman|urgent|corroborate	198.44	8
< 978-0-89978-930-9	Acapulco	Mrs.LisaOsborne	daffodil|effusive|Giuliano|counterman|urgent	309.01	0
< 978-1-241-37155-5	maltose	KennethSmith	urgent|Puritan|Giuliano	78.58	0
< 978-1-314-91272-2	dragnet	CharlesMeyer	suitcase|urgent	285.12	9
< 978-1-77462-286-5		BrianCrawford	oxygenate|urgent|suitcase|Puritan	0.00	32
6966,6976d4542
< 978-0-06-531456-4	angelfish	ChelseaJames	counterman|urgent|Puritan|corroborate	337.09	0
< 978-0-12-093877-3	ransom		urgent|Puritan	238.65	0
< 978-0-315-98351-9	concertina	KellyBowen	urgent|daffodil	370.60	17
< 978-0-324-36026-4	scurry	KimberlyWilliams	effusive|urgent	390.33	0
< 978-0-400-66291-6	utile	KellyBowen	oxygenate|urgent|daffodil|effusive	434.47	14
< 978-0-7084-6562-2	jealous	BrianCrawford	Giuliano|urgent|Puritan	0.00	0
< 978-0-7754-4166-6	burette	AmandaGonzalez	Puritan|daffodil|counterman|urgent|corroborate	198.44	8
< 978-0-89978-930-9	Acapulco	Mrs.LisaOsborne	daffodil|effusive|Giuliano|counterman|urgent	309.01	0
< 978-1-241-37155-5	maltose	KennethSmith	urgent|Puritan|Giuliano	78.58	0
< 978-1-314-91272-2	dragnet	CharlesMeyer	suitcase|urgent	285.12	9
< 978-1-77462-286-5		BrianCrawford	oxygenate|urgent|suitcase|Puritan	0.00	32
6989d4554
< 
6995d4559
< 978-0-16-880017-9	obsequious	AshleyStanley	effusive	60.49	0
7008,7017d4571
< 978-0-561-95494-3	conveyance	CharlesMeyer	suitcase	0.00	0
< 978-0-88476-538-7			suitcase|effusive|counterman	449.80	0
< 978-1-03-088495-2	Yeats	JohnnyLittle	suitcase|corroborate	465.35	0
< 978-1-314-91272-2	dragnet	CharlesMeyer	suitcase|urgent	285.12	9
< 978-1-396-75284-1	Sagittarius	EmilyGriffith	Giuliano|oxygenate|suitcase|Magdalene	291.15	0
< 978-1-56502-324-6	minuteman	BrookeWilson	suitcase	0.00	0
< 978-1-77462-286-5		BrianCrawford	oxygenate|urgent|suitcase|Puritan	0.00	32
< 
< 
< 
7022,7031d4575
< 978-0-531-15556-1	Arnold	MaryEvans	Puritan|oxygenate|effusive|Giuliano	37.60	15
< 978-0-615-83956-1			Giuliano|Magdalene	349.25	0
< 978-0-7084-6562-2	jealous	BrianCrawford	Giuliano|urgent|Puritan	0.00	0
< 978-0-89978-930-9	Acapulco	Mrs.LisaOsborne	daffodil|effusive|Giuliano|counterman|urgent	309.01	0
< 978-1-225-04033-0		Mr.ThomasVazquez	Giuliano|effusive	317.45	0
< 978-1-241-37155-5	maltose	KennethSmith	urgent|Puritan|Giuliano	78.58	0
< 978-1-308-48603-1	carpet	DerekReyes	Giuliano|effusive	192.84	0
< 978-1-337-93443-5			counterman|Giuliano	41.57	4
< 978-1-396-75284-1	Sagittarius	EmilyGriffith	Giuliano|oxygenate|suitcase|Magdalene	291.15	0
< 978-1-78671-729-0	heroism	MaryEvans	corroborate|suitcase|Puritan|Giuliano	286.20	0
7036,7039d4579
< 
< 
< 
< 
7041,7042d4580
< 978-1-230-11209-1		BrianOwens		282.26	0
< 978-1-396-75284-1	Sagittarius	EmilyGriffith	Giuliano|oxygenate|suitcase|Magdalene	291.15	0
7046d4583
< 
7067d4603
< 978-0-920159-35-4	storytelling	PennyWilliams	oxygenate	161.92	0
7073,7075d4608
< 978-0-341-47335-0	pilfer	JacquelineCamacho	Puritan|corroborate|effusive	141.03	12
< 978-0-7558-3718-2	authenticate	JacquelineCamacho	counterman	391.95	0
< 
7083d4615
< 
7088d4619
< 
7093,7116d4623
< 978-0-16-880017-9	obsequious	AshleyStanley	effusive	60.49	0
< 978-0-324-36026-4	scurry	KimberlyWilliams	effusive|urgent	390.33	0
< 978-0-341-47335-0	pilfer	JacquelineCamacho	Puritan|corroborate|effusive	141.03	12
< 978-0-400-66291-6	utile	KellyBowen	oxygenate|urgent|daffodil|effusive	434.47	14
< 978-0-405-93580-0	amass		daffodil|effusive|Puritan|oxygenate	0.00	17
< 978-0-531-15556-1	Arnold	MaryEvans	Puritan|oxygenate|effusive|Giuliano	37.60	15
< 978-0-88476-538-7			suitcase|effusive|counterman	449.80	0
< 978-0-89978-930-9	Acapulco	Mrs.LisaOsborne	daffodil|effusive|Giuliano|counterman|urgent	309.01	0
< 978-1-225-04033-0		Mr.ThomasVazquez	Giuliano|effusive	317.45	0
< 978-1-308-48603-1	carpet	DerekReyes	Giuliano|effusive	192.84	0
< 978-1-70943-147-0			corroborate|effusive|counterman	0.00	0
< 978-0-06-531456-4	angelfish	ChelseaJames	counterman|urgent|Puritan|corroborate	337.09	0
< 978-0-12-093877-3	ransom		urgent|Puritan	238.65	0
< 978-0-341-47335-0	pilfer	JacquelineCamacho	Puritan|corroborate|effusive	141.03	12
< 978-0-405-93580-0	amass		daffodil|effusive|Puritan|oxygenate	0.00	17
< 978-0-531-15556-1	Arnold	MaryEvans	Puritan|oxygenate|effusive|Giuliano	37.60	15
< 978-0-7084-6562-2	jealous	BrianCrawford	Giuliano|urgent|Puritan	0.00	0
< 978-0-7754-4166-6	burette	AmandaGonzalez	Puritan|daffodil|counterman|urgent|corroborate	198.44	8
< 978-1-08-021702-1	basketball	CharlesMeyer	daffodil|Magdalene|Puritan|counterman	438.48	0
< 978-1-241-37155-5	maltose	KennethSmith	urgent|Puritan|Giuliano	78.58	0
< 978-1-77462-286-5		BrianCrawford	oxygenate|urgent|suitcase|Puritan	0.00	32
< 978-1-78671-729-0	heroism	MaryEvans	corroborate|suitcase|Puritan|Giuliano	286.20	0
< 978-1-81825-413-7	infrequent	JeffJames	Puritan	451.53	0
< 978-1-933311-06-7		Mr.ThomasVazquez	Puritan|daffodil	222.81	0
7118,7125d4624
< 978-0-561-95494-3	conveyance	CharlesMeyer	suitcase	0.00	0
< 978-0-88476-538-7			suitcase|effusive|counterman	449.80	0
< 978-1-03-088495-2	Yeats	JohnnyLittle	suitcase|corroborate	465.35	0
< 978-1-314-91272-2	dragnet	CharlesMeyer	suitcase|urgent	285.12	9
< 978-1-396-75284-1	Sagittarius	EmilyGriffith	Giuliano|oxygenate|suitcase|Magdalene	291.15	0
< 978-1-56502-324-6	minuteman	BrookeWilson	suitcase	0.00	0
< 978-1-77462-286-5		BrianCrawford	oxygenate|urgent|suitcase|Puritan	0.00	32
< 978-1-78671-729-0	heroism	MaryEvans	corroborate|suitcase|Puritan|Giuliano	286.20	0
7140d4638
< 
7151,7176d4648
< 978-0-06-531456-4	angelfish	ChelseaJames	counterman|urgent|Puritan|corroborate	337.09	0
< 978-0-12-093877-3	ransom		urgent|Puritan	238.65	0
< 978-0-341-47335-0	pilfer	JacquelineCamacho	Puritan|corroborate|effusive	141.03	12
< 978-0-405-93580-0	amass		daffodil|effusive|Puritan|oxygenate	0.00	17
< 978-0-531-15556-1	Arnold	MaryEvans	Puritan|oxygenate|effusive|Giuliano	37.60	15
< 978-0-7084-6562-2	jealous	BrianCrawford	Giuliano|urgent|Puritan	0.00	0
< 978-0-7754-4166-6	burette	AmandaGonzalez	Puritan|daffodil|counterman|urgent|corroborate	198.44	8
< 978-1-08-021702-1	basketball	CharlesMeyer	daffodil|Magdalene|Puritan|counterman	438.48	0
< 978-1-241-37155-5	maltose	KennethSmith	urgent|Puritan|Giuliano	78.58	0
< 978-1-77462-286-5		BrianCrawford	oxygenate|urgent|suitcase|Puritan	0.00	32
< 978-1-78671-729-0	heroism	MaryEvans	corroborate|suitcase|Puritan|Giuliano	286.20	0
< 978-1-81825-413-7	infrequent	JeffJames	Puritan	451.53	0
< 978-1-933311-06-7		Mr.ThomasVazquez	Puritan|daffodil	222.81	0
< 978-0-06-531456-4	angelfish	ChelseaJames	counterman|urgent|Puritan|corroborate	337.09	0
< 978-0-12-093877-3	ransom		urgent|Puritan	238.65	0
< 978-0-341-47335-0	pilfer	JacquelineCamacho	Puritan|corroborate|effusive	141.03	12
< 978-0-405-93580-0	amass		daffodil|effusive|Puritan|oxygenate	0.00	17
< 978-0-531-15556-1	Arnold	MaryEvans	Puritan|oxygenate|effusive|Giuliano	37.60	15
< 978-0-7084-6562-2	jealous	BrianCrawford	Giuliano|urgent|Puritan	0.00	0
< 978-0-7754-4166-6	burette	AmandaGonzalez	Puritan|daffodil|counterman|urgent|corroborate	198.44	8
< 978-1-08-021702-1	basketball	CharlesMeyer	daffodil|Magdalene|Puritan|counterman	438.48	0
< 978-1-241-37155-5	maltose	KennethSmith	urgent|Puritan|Giuliano	78.58	0
< 978-1-77462-286-5		BrianCrawford	oxygenate|urgent|suitcase|Puritan	0.00	32
< 978-1-78671-729-0	heroism	MaryEvans	corroborate|suitcase|Puritan|Giuliano	286.20	0
< 978-1-81825-413-7	infrequent	JeffJames	Puritan	451.53	0
< 978-1-933311-06-7		Mr.ThomasVazquez	Puritan|daffodil	222.81	0
7181d4652
< 
7188,7195d4658
< 978-0-06-531456-4	angelfish	ChelseaJames	counterman|urgent|Puritan|corroborate	337.09	0
< 978-0-7558-3718-2	authenticate	JacquelineCamacho	counterman	391.95	0
< 978-0-7754-4166-6	burette	AmandaGonzalez	Puritan|daffodil|counterman|urgent|corroborate	198.44	8
< 978-0-88476-538-7			suitcase|effusive|counterman	449.80	0
< 978-0-89978-930-9	Acapulco	Mrs.LisaOsborne	daffodil|effusive|Giuliano|counterman|urgent	309.01	0
< 978-1-08-021702-1	basketball	CharlesMeyer	daffodil|Magdalene|Puritan|counterman	438.48	0
< 978-1-337-93443-5			counterman|Giuliano	41.57	4
< 978-1-70943-147-0			corroborate|effusive|counterman	0.00	0
7207,7209d4669
< 
< 434.47
< 
7212,7214d4671
< 0.00
< 
< 
7218,7227d4674
< 978-0-531-15556-1	Arnold	MaryEvans	Puritan|oxygenate|effusive|Giuliano	37.60	15
< 978-0-615-83956-1			Giuliano|Magdalene	349.25	0
< 978-0-7084-6562-2	jealous	BrianCrawford	Giuliano|urgent|Puritan	0.00	0
< 978-0-89978-930-9	Acapulco	Mrs.LisaOsborne	daffodil|effusive|Giuliano|counterman|urgent	309.01	0
< 978-1-225-04033-0		Mr.ThomasVazquez	Giuliano|effusive	317.45	0
< 978-1-241-37155-5	maltose	KennethSmith	urgent|Puritan|Giuliano	78.58	0
< 978-1-308-48603-1	carpet	DerekReyes	Giuliano|effusive	192.84	0
< 978-1-337-93443-5			counterman|Giuliano	41.57	4
< 978-1-396-75284-1	Sagittarius	EmilyGriffith	Giuliano|oxygenate|suitcase|Magdalene	291.15	0
< 978-1-78671-729-0	heroism	MaryEvans	corroborate|suitcase|Puritan|Giuliano	286.20	0
7234,7236d4680
< 
< 
< 978-0-640-41077-3	postposition	BrandyLynn		0.00	0
7273,7286d4716
< 978-0-324-36026-4	scurry	KimberlyWilliams	effusive|urgent	390.33	0
< 978-0-06-531456-4	angelfish	ChelseaJames	counterman|urgent|Puritan|corroborate	337.09	0
< 978-0-12-093877-3	ransom		urgent|Puritan	238.65	0
< 978-0-341-47335-0	pilfer	JacquelineCamacho	Puritan|corroborate|effusive	141.03	12
< 978-0-405-93580-0	amass		daffodil|effusive|Puritan|oxygenate	0.00	17
< 978-0-531-15556-1	Arnold	MaryEvans	Puritan|oxygenate|effusive|Giuliano	37.60	15
< 978-0-7084-6562-2	jealous	BrianCrawford	Giuliano|urgent|Puritan	0.00	0
< 978-0-7754-4166-6	burette	AmandaGonzalez	Puritan|daffodil|counterman|urgent|corroborate	198.44	8
< 978-1-08-021702-1	basketball	CharlesMeyer	daffodil|Magdalene|Puritan|counterman	438.48	0
< 978-1-241-37155-5	maltose	KennethSmith	urgent|Puritan|Giuliano	78.58	0
< 978-1-77462-286-5		BrianCrawford	oxygenate|urgent|suitcase|Puritan	0.00	32
< 978-1-78671-729-0	heroism	MaryEvans	corroborate|suitcase|Puritan|Giuliano	286.20	0
< 978-1-81825-413-7	infrequent	JeffJames	Puritan	451.53	0
< 978-1-933311-06-7		Mr.ThomasVazquez	Puritan|daffodil	222.81	0
7298d4727
< 
7306,7307d4734
< 
< 
7317,7322d4743
< 978-0-615-83956-1			Giuliano|Magdalene	349.25	0
< 978-0-669-45265-5	exclamatory		Magdalene	298.39	0
< 978-0-915703-25-8	stricken	MeganLee	Magdalene	69.47	0
< 978-1-08-021702-1	basketball	CharlesMeyer	daffodil|Magdalene|Puritan|counterman	438.48	0
< 978-1-396-75284-1	Sagittarius	EmilyGriffith	Giuliano|oxygenate|suitcase|Magdalene	291.15	0
< 
7334,7336d4754
< 978-0-255-84374-4		JeffJames		0.00	33
< 978-1-00-796906-4	sheepherder	JeffJames	daffodil|corroborate	231.28	0
< 978-1-81825-413-7	infrequent	JeffJames	Puritan	451.53	0
7344,7346d4761
< 
< 
< 
7348,7356d4762
< 978-0-06-531456-4	angelfish	ChelseaJames	counterman|urgent|Puritan|corroborate	337.09	0
< 978-0-7558-3718-2	authenticate	JacquelineCamacho	counterman	391.95	0
< 978-0-7754-4166-6	burette	AmandaGonzalez	Puritan|daffodil|counterman|urgent|corroborate	198.44	8
< 978-0-88476-538-7			suitcase|effusive|counterman	449.80	0
< 978-0-89978-930-9	Acapulco	Mrs.LisaOsborne	daffodil|effusive|Giuliano|counterman|urgent	309.01	0
< 978-1-08-021702-1	basketball	CharlesMeyer	daffodil|Magdalene|Puritan|counterman	438.48	0
< 978-1-337-93443-5			counterman|Giuliano	41.57	4
< 978-1-70943-147-0			corroborate|effusive|counterman	0.00	0
< 
7359d4764
< 978-1-396-75284-1	Sagittarius	EmilyGriffith	Giuliano|oxygenate|suitcase|Magdalene	291.15	0
7364d4768
< 
7368d4771
< 
7372d4774
< 978-1-396-75284-1	Sagittarius	EmilyGriffith	Giuliano|oxygenate|suitcase|Magdalene	291.15	0
7378d4779
< 
7386,7390d4786
< 978-0-7084-6562-2	jealous	BrianCrawford	Giuliano|urgent|Puritan	0.00	0
< 978-1-77462-286-5		BrianCrawford	oxygenate|urgent|suitcase|Puritan	0.00	32
< 978-0-561-95494-3	conveyance	CharlesMeyer	suitcase	0.00	0
< 978-1-08-021702-1	basketball	CharlesMeyer	daffodil|Magdalene|Puritan|counterman	438.48	0
< 978-1-314-91272-2	dragnet	CharlesMeyer	suitcase|urgent	285.12	9
7392d4787
< 
7395,7400d4789
< 
< 978-0-615-83956-1			Giuliano|Magdalene	349.25	0
< 978-0-669-45265-5	exclamatory		Magdalene	298.39	0
< 978-0-915703-25-8	stricken	MeganLee	Magdalene	69.47	0
< 978-1-08-021702-1	basketball	CharlesMeyer	daffodil|Magdalene|Puritan|counterman	438.48	0
< 978-1-396-75284-1	Sagittarius	EmilyGriffith	Giuliano|oxygenate|suitcase|Magdalene	291.15	0
7404d4792
< 
7407d4794
< 
7409,7418d4795
< 
< 978-0-315-98351-9	concertina	KellyBowen	urgent|daffodil	370.60	17
< 978-0-400-66291-6	utile	KellyBowen	oxygenate|urgent|daffodil|effusive	434.47	13
< 978-0-405-93580-0	amass		daffodil|effusive|Puritan|oxygenate	0.00	17
< 978-0-566-18251-8	bookmark	KennethSmith	daffodil	298.13	0
< 978-0-7754-4166-6	burette	AmandaGonzalez	Puritan|daffodil|counterman|urgent|corroborate	198.44	8
< 978-0-89978-930-9	Acapulco	Mrs.LisaOsborne	daffodil|effusive|Giuliano|counterman|urgent	309.01	0
< 978-1-00-796906-4	sheepherder	JeffJames	daffodil|corroborate	231.28	0
< 978-1-08-021702-1	basketball	CharlesMeyer	daffodil|Magdalene|Puritan|counterman	438.48	0
< 978-1-933311-06-7		Mr.ThomasVazquez	Puritan|daffodil	222.81	0
7424d4800
< 
7427,7450d4802
< 978-0-06-531456-4	angelfish	ChelseaJames	counterman|urgent|Puritan|corroborate	337.09	0
< 978-0-12-093877-3	ransom		urgent|Puritan	238.65	0
< 978-0-341-47335-0	pilfer	JacquelineCamacho	Puritan|corroborate|effusive	141.03	12
< 978-0-405-93580-0	amass		daffodil|effusive|Puritan|oxygenate	0.00	17
< 978-0-531-15556-1	Arnold	MaryEvans	Puritan|oxygenate|effusive|Giuliano	37.60	15
< 978-0-7084-6562-2	jealous	BrianCrawford	Giuliano|urgent|Puritan	0.00	0
< 978-0-7754-4166-6	burette	AmandaGonzalez	Puritan|daffodil|counterman|urgent|corroborate	198.44	8
< 978-1-08-021702-1	basketball	CharlesMeyer	daffodil|Magdalene|Puritan|counterman	438.48	0
< 978-1-241-37155-5	maltose	KennethSmith	urgent|Puritan|Giuliano	78.58	0
< 978-1-77462-286-5		BrianCrawford	oxygenate|urgent|suitcase|Puritan	0.00	32
< 978-1-78671-729-0	heroism	MaryEvans	corroborate|suitcase|Puritan|Giuliano	286.20	0
< 978-1-81825-413-7	infrequent	JeffJames	Puritan	451.53	0
< 978-1-933311-06-7		Mr.ThomasVazquez	Puritan|daffodil	222.81	0
< 
< 978-0-531-15556-1	Arnold	MaryEvans	Puritan|oxygenate|effusive|Giuliano	37.60	15
< 978-0-615-83956-1			Giuliano|Magdalene	349.25	0
< 978-0-7084-6562-2	jealous	BrianCrawford	Giuliano|urgent|Puritan	0.00	0
< 978-0-89978-930-9	Acapulco	Mrs.LisaOsborne	daffodil|effusive|Giuliano|counterman|urgent	309.01	0
< 978-1-225-04033-0		Mr.ThomasVazquez	Giuliano|effusive	317.45	0
< 978-1-241-37155-5	maltose	KennethSmith	urgent|Puritan|Giuliano	78.58	0
< 978-1-308-48603-1	carpet	DerekReyes	Giuliano|effusive	192.84	0
< 978-1-337-93443-5			counterman|Giuliano	41.57	4
< 978-1-396-75284-1	Sagittarius	EmilyGriffith	Giuliano|oxygenate|suitcase|Magdalene	291.15	0
< 978-1-78671-729-0	heroism	MaryEvans	corroborate|suitcase|Puritan|Giuliano	286.20	0
7453,7463d4804
< 
< 978-0-531-15556-1	Arnold	MaryEvans	Puritan|oxygenate|effusive|Giuliano	37.60	15
< 978-0-615-83956-1			Giuliano|Magdalene	349.25	0
< 978-0-7084-6562-2	jealous	BrianCrawford	Giuliano|urgent|Puritan	0.00	0
< 978-0-89978-930-9	Acapulco	Mrs.LisaOsborne	daffodil|effusive|Giuliano|counterman|urgent	309.01	0
< 978-1-225-04033-0		Mr.ThomasVazquez	Giuliano|effusive	317.45	0
< 978-1-241-37155-5	maltose	KennethSmith	urgent|Puritan|Giuliano	78.58	0
< 978-1-308-48603-1	carpet	DerekReyes	Giuliano|effusive	192.84	0
< 978-1-337-93443-5			counterman|Giuliano	41.57	4
< 978-1-396-75284-1	Sagittarius	EmilyGriffith	Giuliano|oxygenate|suitcase|Magdalene	291.15	0
< 978-1-78671-729-0	heroism	MaryEvans	corroborate|suitcase|Puritan|Giuliano	286.20	0
7466d4806
< 
7469,7472d4808
< 978-0-566-18251-8	bookmark	KennethSmith	daffodil	298.13	0
< 978-1-241-37155-5	maltose	KennethSmith	urgent|Puritan|Giuliano	78.58	0
< 
< 
7476d4811
< 978-0-640-41077-3	postposition	BrandyLynn		0.00	0
7480,7482d4814
< 
< 
< 0.00
7491,7498d4822
< 978-0-561-95494-3	conveyance	CharlesMeyer	suitcase	0.00	0
< 978-0-88476-538-7			suitcase|effusive|counterman	449.80	0
< 978-1-03-088495-2	Yeats	JohnnyLittle	suitcase|corroborate	465.35	0
< 978-1-314-91272-2	dragnet	CharlesMeyer	suitcase|urgent	285.12	9
< 978-1-396-75284-1	Sagittarius	EmilyGriffith	Giuliano|oxygenate|suitcase|Magdalene	291.15	0
< 978-1-56502-324-6	minuteman	BrookeWilson	suitcase	0.00	0
< 978-1-77462-286-5		BrianCrawford	oxygenate|urgent|suitcase|Puritan	0.00	32
< 978-1-78671-729-0	heroism	MaryEvans	corroborate|suitcase|Puritan|Giuliano	286.20	0
7503d4826
< 978-0-640-41077-3	postposition	BrandyLynn		0.00	0
7506,7513d4828
< 978-0-324-36026-4	scurry	KimberlyWilliams	effusive|urgent	390.33	0
< 978-0-06-531456-4	angelfish	ChelseaJames	counterman|urgent|Puritan|corroborate	337.09	0
< 978-0-341-47335-0	pilfer	JacquelineCamacho	Puritan|corroborate|effusive	141.03	12
< 978-0-7754-4166-6	burette	AmandaGonzalez	Puritan|daffodil|counterman|urgent|corroborate	198.44	8
< 978-1-00-796906-4	sheepherder	JeffJames	daffodil|corroborate	231.28	0
< 978-1-03-088495-2	Yeats	JohnnyLittle	suitcase|corroborate	465.35	0
< 978-1-70943-147-0			corroborate|effusive|counterman	0.00	0
< 978-1-78671-729-0	heroism	MaryEvans	corroborate|suitcase|Puritan|Giuliano	286.20	0
7520,7521d4834
< 978-1-03-088495-2	Yeats	JohnnyLittle	suitcase|corroborate	465.35	0
< 978-1-86497-466-9	conjure	JohnnyLittle		220.90	0
7524,7530d4836
< 978-0-06-531456-4	angelfish	ChelseaJames	counterman|urgent|Puritan|corroborate	337.09	0
< 978-0-341-47335-0	pilfer	JacquelineCamacho	Puritan|corroborate|effusive	141.03	12
< 978-0-7754-4166-6	burette	AmandaGonzalez	Puritan|daffodil|counterman|urgent|corroborate	198.44	8
< 978-1-00-796906-4	sheepherder	JeffJames	daffodil|corroborate	231.28	0
< 978-1-03-088495-2	Yeats	JohnnyLittle	suitcase|corroborate	465.35	0
< 978-1-70943-147-0			corroborate|effusive|counterman	0.00	0
< 978-1-78671-729-0	heroism	MaryEvans	corroborate|suitcase|Puritan|Giuliano	286.20	0
7540,7552d4845
< 978-0-06-531456-4	angelfish	ChelseaJames	counterman|urgent|Puritan|corroborate	337.09	0
< 978-0-12-093877-3	ransom		urgent|Puritan	238.65	0
< 978-0-315-98351-9	concertina	KellyBowen	urgent|daffodil	370.60	17
< 978-0-324-36026-4	scurry	KimberlyWilliams	effusive|urgent	390.33	0
< 978-0-400-66291-6	utile	KellyBowen	oxygenate|urgent|daffodil|effusive	434.47	13
< 978-0-7084-6562-2	jealous	BrianCrawford	Giuliano|urgent|Puritan	0.00	0
< 978-0-7754-4166-6	burette	AmandaGonzalez	Puritan|daffodil|counterman|urgent|corroborate	198.44	8
< 978-0-89978-930-9	Acapulco	Mrs.LisaOsborne	daffodil|effusive|Giuliano|counterman|urgent	309.01	0
< 978-1-241-37155-5	maltose	KennethSmith	urgent|Puritan|Giuliano	78.58	0
< 978-1-314-91272-2	dragnet	CharlesMeyer	suitcase|urgent	285.12	9
< 978-1-77462-286-5		BrianCrawford	oxygenate|urgent|suitcase|Puritan	0.00	32
< 978-0-89978-930-9	Acapulco	Mrs.LisaOsborne	daffodil|effusive|Giuliano|counterman|urgent	309.01	0
< 285.12
7554,7555d4846
< 978-0-17-231226-2				0.00	4
< 
7558d4848
< 
7572,7579d4861
< 978-0-561-95494-3	conveyance	CharlesMeyer	suitcase	0.00	0
< 978-0-88476-538-7			suitcase|effusive|counterman	449.80	0
< 978-1-03-088495-2	Yeats	JohnnyLittle	suitcase|corroborate	465.35	0
< 978-1-314-91272-2	dragnet	CharlesMeyer	suitcase|urgent	285.12	8
< 978-1-396-75284-1	Sagittarius	EmilyGriffith	Giuliano|oxygenate|suitcase|Magdalene	291.15	0
< 978-1-56502-324-6	minuteman	BrookeWilson	suitcase	0.00	0
< 978-1-77462-286-5		BrianCrawford	oxygenate|urgent|suitcase|Puritan	0.00	32
< 978-1-78671-729-0	heroism	MaryEvans	corroborate|suitcase|Puritan|Giuliano	286.20	0
7585d4866
< 
7592,7593d4872
< 
< 978-0-16-880017-9	obsequious	AshleyStanley	effusive	60.49	0
7607,7619d4885
< 
< 
< 978-0-16-880017-9	obsequious	AshleyStanley	effusive	60.49	0
< 978-0-324-36026-4	scurry	KimberlyWilliams	effusive|urgent	390.33	0
< 978-0-341-47335-0	pilfer	JacquelineCamacho	Puritan|corroborate|effusive	141.03	12
< 978-0-400-66291-6	utile	KellyBowen	oxygenate|urgent|daffodil|effusive	434.47	13
< 978-0-405-93580-0	amass		daffodil|effusive|Puritan|oxygenate	0.00	16
< 978-0-531-15556-1	Arnold	MaryEvans	Puritan|oxygenate|effusive|Giuliano	37.60	15
< 978-0-88476-538-7			suitcase|effusive|counterman	449.80	0
< 978-0-89978-930-9	Acapulco	Mrs.LisaOsborne	daffodil|effusive|Giuliano|counterman|urgent	309.01	0
< 978-1-225-04033-0		Mr.ThomasVazquez	Giuliano|effusive	317.45	0
< 978-1-308-48603-1	carpet	DerekReyes	Giuliano|effusive	192.84	0
< 978-1-70943-147-0			corroborate|effusive|counterman	0.00	0
7622d4887
< 370.60
7624,7626d4888
< 
< 978-0-920159-35-4	storytelling	PennyWilliams	oxygenate	161.92	0
< 
7628d4889
< 
7637,7645d4897
< 978-0-315-98351-9	concertina	KellyBowen	urgent|daffodil	370.60	16
< 978-0-400-66291-6	utile	KellyBowen	oxygenate|urgent|daffodil|effusive	434.47	13
< 978-0-405-93580-0	amass		daffodil|effusive|Puritan|oxygenate	0.00	16
< 978-0-566-18251-8	bookmark	KennethSmith	daffodil	298.13	0
< 978-0-7754-4166-6	burette	AmandaGonzalez	Puritan|daffodil|counterman|urgent|corroborate	198.44	8
< 978-0-89978-930-9	Acapulco	Mrs.LisaOsborne	daffodil|effusive|Giuliano|counterman|urgent	309.01	0
< 978-1-00-796906-4	sheepherder	JeffJames	daffodil|corroborate	231.28	0
< 978-1-08-021702-1	basketball	CharlesMeyer	daffodil|Magdalene|Puritan|counterman	438.48	0
< 978-1-933311-06-7		Mr.ThomasVazquez	Puritan|daffodil	222.81	0
7647,7654d4898
< 978-0-06-531456-4	angelfish	ChelseaJames	counterman|urgent|Puritan|corroborate	337.09	0
< 978-0-7558-3718-2	authenticate	JacquelineCamacho	counterman	391.95	0
< 978-0-7754-4166-6	burette	AmandaGonzalez	Puritan|daffodil|counterman|urgent|corroborate	198.44	8
< 978-0-88476-538-7			suitcase|effusive|counterman	449.80	0
< 978-0-89978-930-9	Acapulco	Mrs.LisaOsborne	daffodil|effusive|Giuliano|counterman|urgent	309.01	0
< 978-1-08-021702-1	basketball	CharlesMeyer	daffodil|Magdalene|Puritan|counterman	438.48	0
< 978-1-337-93443-5			counterman|Giuliano	41.57	4
< 978-1-70943-147-0			corroborate|effusive|counterman	0.00	0
7656d4899
< 
7660,7663d4902
< 0.00
< 
< 
< 
7666d4904
< 
7668d4905
< 978-0-640-41077-3	postposition	BrandyLynn		0.00	0
7671,7681d4907
< 978-0-16-880017-9	obsequious	AshleyStanley	effusive	60.49	0
< 978-0-324-36026-4	scurry	KimberlyWilliams	effusive|urgent	390.33	0
< 978-0-341-47335-0	pilfer	JacquelineCamacho	Puritan|corroborate|effusive	141.03	12
< 978-0-400-66291-6	utile	KellyBowen	oxygenate|urgent|daffodil|effusive	434.47	13
< 978-0-405-93580-0	amass		daffodil|effusive|Puritan|oxygenate	0.00	16
< 978-0-531-15556-1	Arnold	MaryEvans	Puritan|oxygenate|effusive|Giuliano	37.60	15
< 978-0-88476-538-7			suitcase|effusive|counterman	449.80	0
< 978-0-89978-930-9	Acapulco	Mrs.LisaOsborne	daffodil|effusive|Giuliano|counterman|urgent	309.01	0
< 978-1-225-04033-0		Mr.ThomasVazquez	Giuliano|effusive	317.45	0
< 978-1-308-48603-1	carpet	DerekReyes	Giuliano|effusive	192.84	0
< 978-1-70943-147-0			corroborate|effusive|counterman	0.00	0
7686,7687d4911
< 
< 
7690d4913
< 978-0-88476-538-7			suitcase|effusive|counterman	449.80	0
7692,7695d4914
< 
< 978-0-255-84374-4		JeffJames		0.00	33
< 978-1-00-796906-4	sheepherder	JeffJames	daffodil|corroborate	231.28	0
< 978-1-81825-413-7	infrequent	JeffJames	Puritan	451.53	0
7702d4920
< 978-1-56502-324-6	minuteman	BrookeWilson	suitcase	0.00	0
7708,7728d4925
< 978-0-06-531456-4	angelfish	ChelseaJames	counterman|urgent|Puritan|corroborate	337.09	0
< 978-0-12-093877-3	ransom		urgent|Puritan	238.65	0
< 978-0-315-98351-9	concertina	KellyBowen	urgent|daffodil	370.60	16
< 978-0-324-36026-4	scurry	KimberlyWilliams	effusive|urgent	390.33	0
< 978-0-400-66291-6	utile	KellyBowen	oxygenate|urgent|daffodil|effusive	434.47	13
< 978-0-7084-6562-2	jealous	BrianCrawford	Giuliano|urgent|Puritan	0.00	0
< 978-0-7754-4166-6	burette	AmandaGonzalez	Puritan|daffodil|counterman|urgent|corroborate	198.44	8
< 978-0-89978-930-9	Acapulco	Mrs.LisaOsborne	daffodil|effusive|Giuliano|counterman|urgent	309.01	0
< 978-1-241-37155-5	maltose	KennethSmith	urgent|Puritan|Giuliano	78.58	0
< 978-1-314-91272-2	dragnet	CharlesMeyer	suitcase|urgent	285.12	8
< 978-1-77462-286-5		BrianCrawford	oxygenate|urgent|suitcase|Puritan	0.00	32
< 978-0-531-15556-1	Arnold	MaryEvans	Puritan|oxygenate|effusive|Giuliano	37.60	15
< 978-0-615-83956-1			Giuliano|Magdalene	349.25	0
< 978-0-7084-6562-2	jealous	BrianCrawford	Giuliano|urgent|Puritan	0.00	0
< 978-0-89978-930-9	Acapulco	Mrs.LisaOsborne	daffodil|effusive|Giuliano|counterman|urgent	309.01	0
< 978-1-225-04033-0		Mr.ThomasVazquez	Giuliano|effusive	317.45	0
< 978-1-241-37155-5	maltose	KennethSmith	urgent|Puritan|Giuliano	78.58	0
< 978-1-308-48603-1	carpet	DerekReyes	Giuliano|effusive	192.84	0
< 978-1-337-93443-5			counterman|Giuliano	41.57	4
< 978-1-396-75284-1	Sagittarius	EmilyGriffith	Giuliano|oxygenate|suitcase|Magdalene	291.15	0
< 978-1-78671-729-0	heroism	MaryEvans	corroborate|suitcase|Puritan|Giuliano	286.20	0
7750,7751d4946
< 
< 
7753,7762d4947
< 978-0-315-98351-9	concertina	KellyBowen	urgent|daffodil	370.60	16
< 978-0-400-66291-6	utile	KellyBowen	oxygenate|urgent|daffodil|effusive	434.47	13
< 978-0-405-93580-0	amass		daffodil|effusive|Puritan|oxygenate	0.00	16
< 978-0-566-18251-8	bookmark	KennethSmith	daffodil	298.13	0
< 978-0-7754-4166-6	burette	AmandaGonzalez	Puritan|daffodil|counterman|urgent|corroborate	198.44	8
< 978-0-89978-930-9	Acapulco	Mrs.LisaOsborne	daffodil|effusive|Giuliano|counterman|urgent	309.01	0
< 978-1-00-796906-4	sheepherder	JeffJames	daffodil|corroborate	231.28	0
< 978-1-08-021702-1	basketball	CharlesMeyer	daffodil|Magdalene|Puritan|counterman	438.48	0
< 978-1-933311-06-7		Mr.ThomasVazquez	Puritan|daffodil	222.81	0
< 978-0-324-36026-4	scurry	KimberlyWilliams	effusive|urgent	390.33	0
7765,7774d4949
< 978-0-531-15556-1	Arnold	MaryEvans	Puritan|oxygenate|effusive|Giuliano	37.60	15
< 978-0-615-83956-1			Giuliano|Magdalene	349.25	0
< 978-0-7084-6562-2	jealous	BrianCrawford	Giuliano|urgent|Puritan	0.00	0
< 978-0-89978-930-9	Acapulco	Mrs.LisaOsborne	daffodil|effusive|Giuliano|counterman|urgent	309.01	0
< 978-1-225-04033-0		Mr.ThomasVazquez	Giuliano|effusive	317.45	0
< 978-1-241-37155-5	maltose	KennethSmith	urgent|Puritan|Giuliano	78.58	0
< 978-1-308-48603-1	carpet	DerekReyes	Giuliano|effusive	192.84	0
< 978-1-337-93443-5			counterman|Giuliano	41.57	4
< 978-1-396-75284-1	Sagittarius	EmilyGriffith	Giuliano|oxygenate|suitcase|Magdalene	291.15	0
< 978-1-78671-729-0	heroism	MaryEvans	corroborate|suitcase|Puritan|Giuliano	286.20	0
7777,7779d4951
< 978-1-396-75284-1	Sagittarius	EmilyGriffith	Giuliano|oxygenate|suitcase|Magdalene	291.15	0
< 
< 
7782,7792d4953
< 978-0-16-880017-9	obsequious	AshleyStanley	effusive	60.49	0
< 978-0-324-36026-4	scurry	KimberlyWilliams	effusive|urgent	390.33	0
< 978-0-341-47335-0	pilfer	JacquelineCamacho	Puritan|corroborate|effusive	141.03	12
< 978-0-400-66291-6	utile	KellyBowen	oxygenate|urgent|daffodil|effusive	434.47	13
< 978-0-405-93580-0	amass		daffodil|effusive|Puritan|oxygenate	0.00	16
< 978-0-531-15556-1	Arnold	MaryEvans	Puritan|oxygenate|effusive|Giuliano	37.60	15
< 978-0-88476-538-7			suitcase|effusive|counterman	449.80	0
< 978-0-89978-930-9	Acapulco	Mrs.LisaOsborne	daffodil|effusive|Giuliano|counterman|urgent	309.01	0
< 978-1-225-04033-0		Mr.ThomasVazquez	Giuliano|effusive	317.45	0
< 978-1-308-48603-1	carpet	DerekReyes	Giuliano|effusive	192.84	0
< 978-1-70943-147-0			corroborate|effusive|counterman	0.00	0
7817d4977
< 978-0-920159-35-4	storytelling	PennyWilliams	oxygenate	161.92	0
7831d4990
< 
7837,7838d4995
< 
< 
7844,7851d5000
< 978-0-561-95494-3	conveyance	CharlesMeyer	suitcase	0.00	0
< 978-0-88476-538-7			suitcase|effusive|counterman	449.80	0
< 978-1-03-088495-2	Yeats	JohnnyLittle	suitcase|corroborate	465.35	0
< 978-1-314-91272-2	dragnet	CharlesMeyer	suitcase|urgent	285.12	8
< 978-1-396-75284-1	Sagittarius	EmilyGriffith	Giuliano|oxygenate|suitcase|Magdalene	291.15	0
< 978-1-56502-324-6	minuteman	BrookeWilson	suitcase	0.00	0
< 978-1-77462-286-5		BrianCrawford	oxygenate|urgent|suitcase|Puritan	0.00	32
< 978-1-78671-729-0	heroism	MaryEvans	corroborate|suitcase|Puritan|Giuliano	286.20	0
7863d5011
< 978-1-308-48603-1	carpet	DerekReyes	Giuliano|effusive	192.84	0
7871,7881d5018
< 978-0-06-531456-4	angelfish	ChelseaJames	counterman|urgent|Puritan|corroborate	337.09	0
< 978-0-12-093877-3	ransom		urgent|Puritan	238.65	0
< 978-0-315-98351-9	concertina	KellyBowen	urgent|daffodil	370.60	16
< 978-0-324-36026-4	scurry	KimberlyWilliams	effusive|urgent	390.33	0
< 978-0-400-66291-6	utile	KellyBowen	oxygenate|urgent|daffodil|effusive	434.47	13
< 978-0-7084-6562-2	jealous	BrianCrawford	Giuliano|urgent|Puritan	0.00	0
< 978-0-7754-4166-6	burette	AmandaGonzalez	Puritan|daffodil|counterman|urgent|corroborate	198.44	8
< 978-0-89978-930-9	Acapulco	Mrs.LisaOsborne	daffodil|effusive|Giuliano|counterman|urgent	309.01	0
< 978-1-241-37155-5	maltose	KennethSmith	urgent|Puritan|Giuliano	78.58	0
< 978-1-314-91272-2	dragnet	CharlesMeyer	suitcase|urgent	285.12	8
< 978-1-77462-286-5		BrianCrawford	oxygenate|urgent|suitcase|Puritan	0.00	32
7883d5019
< 
7891,7900d5026
< 978-0-315-98351-9	concertina	KellyBowen	urgent|daffodil	370.60	16
< 978-0-400-66291-6	utile	KellyBowen	oxygenate|urgent|daffodil|effusive	434.47	13
< 978-0-405-93580-0	amass		daffodil|effusive|Puritan|oxygenate	0.00	16
< 978-0-566-18251-8	bookmark	KennethSmith	daffodil	298.13	0
< 978-0-7715-6229-7	occupy	JohnnyLittle	suitcase|effusive|Magdalene|daffodil	0.00	8
< 978-0-7754-4166-6	burette	AmandaGonzalez	Puritan|daffodil|counterman|urgent|corroborate	198.44	8
< 978-0-89978-930-9	Acapulco	Mrs.LisaOsborne	daffodil|effusive|Giuliano|counterman|urgent	309.01	0
< 978-1-00-796906-4	sheepherder	JeffJames	daffodil|corroborate	231.28	0
< 978-1-08-021702-1	basketball	CharlesMeyer	daffodil|Magdalene|Puritan|counterman	438.48	0
< 978-1-933311-06-7		Mr.ThomasVazquez	Puritan|daffodil	222.81	0
7905,7906d5030
< 
< 
7911,7921d5034
< 978-0-561-95494-3	conveyance	CharlesMeyer	suitcase	0.00	0
< 978-0-7715-6229-7	occupy	JohnnyLittle	suitcase|effusive|Magdalene|daffodil	0.00	8
< 978-0-88476-538-7			suitcase|effusive|counterman	449.80	0
< 978-1-03-088495-2	Yeats	JohnnyLittle	suitcase|corroborate	465.35	0
< 978-1-314-91272-2	dragnet	CharlesMeyer	suitcase|urgent	285.12	8
< 978-1-396-75284-1	Sagittarius	EmilyGriffith	Giuliano|oxygenate|suitcase|Magdalene	291.15	0
< 978-1-56502-324-6	minuteman	BrookeWilson	suitcase	0.00	0
< 978-1-77462-286-5		BrianCrawford	oxygenate|urgent|suitcase|Puritan	0.00	32
< 978-1-78671-729-0	heroism	MaryEvans	corroborate|suitcase|Puritan|Giuliano	286.20	0
< 978-1-225-04033-0		Mr.ThomasVazquez	Giuliano|effusive	317.45	0
< 978-1-933311-06-7		Mr.ThomasVazquez	Puritan|daffodil	222.81	0
7931d5043
< 
7941,7950d5052
< 978-0-531-15556-1	Arnold	MaryEvans	Puritan|oxygenate|effusive|Giuliano	37.60	15
< 978-0-615-83956-1			Giuliano|Magdalene	349.25	0
< 978-0-7084-6562-2	jealous	BrianCrawford	Giuliano|urgent|Puritan	0.00	0
< 978-0-89978-930-9	Acapulco	Mrs.LisaOsborne	daffodil|effusive|Giuliano|counterman|urgent	309.01	0
< 978-1-225-04033-0		Mr.ThomasVazquez	Giuliano|effusive	317.45	0
< 978-1-241-37155-5	maltose	KennethSmith	urgent|Puritan|Giuliano	78.58	0
< 978-1-308-48603-1	carpet	DerekReyes	Giuliano|effusive	192.84	0
< 978-1-337-93443-5			counterman|Giuliano	41.57	4
< 978-1-396-75284-1	Sagittarius	EmilyGriffith	Giuliano|oxygenate|suitcase|Magdalene	291.15	0
< 978-1-78671-729-0	heroism	MaryEvans	corroborate|suitcase|Puritan|Giuliano	286.20	0
7953d5054
< 
7958d5058
< 
7967d5066
< 
7969,7987d5067
< 978-0-06-531456-4	angelfish	ChelseaJames	counterman|urgent|Puritan|corroborate	337.09	0
< 978-0-12-093877-3	ransom		urgent|Puritan	238.65	0
< 978-0-225-96608-4	manuscript	ChelseaJames	counterman|urgent|daffodil	289.46	0
< 978-0-315-98351-9	concertina	KellyBowen	urgent|daffodil	370.60	16
< 978-0-324-36026-4	scurry	KimberlyWilliams	effusive|urgent	390.33	0
< 978-0-400-66291-6	utile	KellyBowen	oxygenate|urgent|daffodil|effusive	434.47	13
< 978-0-7084-6562-2	jealous	BrianCrawford	Giuliano|urgent|Puritan	0.00	0
< 978-0-7754-4166-6	burette	AmandaGonzalez	Puritan|daffodil|counterman|urgent|corroborate	198.44	8
< 978-0-89978-930-9	Acapulco	Mrs.LisaOsborne	daffodil|effusive|Giuliano|counterman|urgent	309.01	0
< 978-1-241-37155-5	maltose	KennethSmith	urgent|Puritan|Giuliano	78.58	0
< 978-1-314-91272-2	dragnet	CharlesMeyer	suitcase|urgent	285.12	8
< 978-1-77462-286-5		BrianCrawford	oxygenate|urgent|suitcase|Puritan	0.00	32
< 978-0-06-531456-4	angelfish	ChelseaJames	counterman|urgent|Puritan|corroborate	337.09	0
< 978-0-341-47335-0	pilfer	JacquelineCamacho	Puritan|corroborate|effusive	141.03	12
< 978-0-7754-4166-6	burette	AmandaGonzalez	Puritan|daffodil|counterman|urgent|corroborate	198.44	8
< 978-1-00-796906-4	sheepherder	JeffJames	daffodil|corroborate	231.28	0
< 978-1-03-088495-2	Yeats	JohnnyLittle	suitcase|corroborate	465.35	0
< 978-1-70943-147-0			corroborate|effusive|counterman	0.00	0
< 978-1-78671-729-0	heroism	MaryEvans	corroborate|suitcase|Puritan|Giuliano	286.20	0
7992,7993d5071
< 
< 0.00
7998,8009d5075
< 978-0-16-880017-9	obsequious	AshleyStanley	effusive	60.49	0
< 978-0-324-36026-4	scurry	KimberlyWilliams	effusive|urgent	390.33	0
< 978-0-341-47335-0	pilfer	JacquelineCamacho	Puritan|corroborate|effusive	141.03	12
< 978-0-400-66291-6	utile	KellyBowen	oxygenate|urgent|daffodil|effusive	434.47	13
< 978-0-405-93580-0	amass		daffodil|effusive|Puritan|oxygenate	0.00	16
< 978-0-531-15556-1	Arnold	MaryEvans	Puritan|oxygenate|effusive|Giuliano	37.60	15
< 978-0-7715-6229-7	occupy	JohnnyLittle	suitcase|effusive|Magdalene|daffodil	0.00	7
< 978-0-88476-538-7			suitcase|effusive|counterman	449.80	0
< 978-0-89978-930-9	Acapulco	Mrs.LisaOsborne	daffodil|effusive|Giuliano|counterman|urgent	309.01	0
< 978-1-225-04033-0		Mr.ThomasVazquez	Giuliano|effusive	317.45	0
< 978-1-308-48603-1	carpet	DerekReyes	Giuliano|effusive	192.84	0
< 978-1-70943-147-0			corroborate|effusive|counterman	0.00	0
8013d5078
< 
8019,8021d5083
< 
< 
< 
8026d5087
< 
8029d5089
< 
8035d5094
< 
8038,8040d5096
< 978-0-255-84374-4		JeffJames		0.00	33
< 978-1-00-796906-4	sheepherder	JeffJames	daffodil|corroborate	231.28	0
< 978-1-81825-413-7	infrequent	JeffJames	Puritan	451.53	0
8043d5098
< 370.60
8045d5099
< 
8056d5109
< 
8061,8072d5113
< 978-0-225-96608-4	manuscript	ChelseaJames	counterman|urgent|daffodil	289.46	0
< 978-0-315-98351-9	concertina	KellyBowen	urgent|daffodil	370.60	15
< 978-0-400-66291-6	utile	KellyBowen	oxygenate|urgent|daffodil|effusive	434.47	13
< 978-0-405-93580-0	amass		daffodil|effusive|Puritan|oxygenate	0.00	16
< 978-0-566-18251-8	bookmark	KennethSmith	daffodil	298.13	0
< 978-0-7715-6229-7	occupy	JohnnyLittle	suitcase|effusive|Magdalene|daffodil	0.00	7
< 978-0-7754-4166-6	burette	AmandaGonzalez	Puritan|daffodil|counterman|urgent|corroborate	198.44	8
< 978-0-89978-930-9	Acapulco	Mrs.LisaOsborne	daffodil|effusive|Giuliano|counterman|urgent	309.01	0
< 978-1-00-796906-4	sheepherder	JeffJames	daffodil|corroborate	231.28	0
< 978-1-08-021702-1	basketball	CharlesMeyer	daffodil|Magdalene|Puritan|counterman	438.48	0
< 978-1-933311-06-7		Mr.ThomasVazquez	Puritan|daffodil	222.81	0
< 
8081,8083d5121
< 978-0-561-95494-3	conveyance	CharlesMeyer	suitcase	0.00	0
< 978-1-08-021702-1	basketball	CharlesMeyer	daffodil|Magdalene|Puritan|counterman	438.48	0
< 978-1-314-91272-2	dragnet	CharlesMeyer	suitcase|urgent	285.12	8
8086d5123
< 
8088,8096d5124
< 978-0-16-880017-9	obsequious	AshleyStanley	effusive	60.49	0
< 978-1-225-04033-0		Mr.ThomasVazquez	Giuliano|effusive	317.45	0
< 978-1-933311-06-7		Mr.ThomasVazquez	Puritan|daffodil	222.81	0
< 978-0-615-83956-1			Giuliano|Magdalene	349.25	0
< 978-0-669-45265-5	exclamatory		Magdalene	298.39	0
< 978-0-7715-6229-7	occupy	JohnnyLittle	suitcase|effusive|Magdalene|daffodil	0.00	7
< 978-0-915703-25-8	stricken	MeganLee	Magdalene	69.47	0
< 978-1-08-021702-1	basketball	CharlesMeyer	daffodil|Magdalene|Puritan|counterman	438.48	0
< 978-1-396-75284-1	Sagittarius	EmilyGriffith	Giuliano|oxygenate|suitcase|Magdalene	291.15	0
8108d5135
< 
8119d5145
< 
8124,8126d5149
< 
< 
< 
8129,8141d5151
< 
< 978-0-06-531456-4	angelfish	ChelseaJames	counterman|urgent|Puritan|corroborate	337.09	0
< 978-0-12-093877-3	ransom		urgent|Puritan	238.65	0
< 978-0-225-96608-4	manuscript	ChelseaJames	counterman|urgent|daffodil	289.46	0
< 978-0-315-98351-9	concertina	KellyBowen	urgent|daffodil	370.60	15
< 978-0-324-36026-4	scurry	KimberlyWilliams	effusive|urgent	390.33	0
< 978-0-400-66291-6	utile	KellyBowen	oxygenate|urgent|daffodil|effusive	434.47	13
< 978-0-7084-6562-2	jealous	BrianCrawford	Giuliano|urgent|Puritan	0.00	0
< 978-0-7754-4166-6	burette	AmandaGonzalez	Puritan|daffodil|counterman|urgent|corroborate	198.44	8
< 978-0-89978-930-9	Acapulco	Mrs.LisaOsborne	daffodil|effusive|Giuliano|counterman|urgent	309.01	0
< 978-1-241-37155-5	maltose	KennethSmith	urgent|Puritan|Giuliano	78.58	0
< 978-1-314-91272-2	dragnet	CharlesMeyer	suitcase|urgent	285.12	8
< 978-1-77462-286-5		BrianCrawford	oxygenate|urgent|suitcase|Puritan	0.00	32
8149,8150d5158
< 978-1-225-04033-0		Mr.ThomasVazquez	Giuliano|effusive	317.45	0
< 978-1-933311-06-7		Mr.ThomasVazquez	Puritan|daffodil	222.81	0
8159,8177d5166
< 978-0-06-531456-4	angelfish	ChelseaJames	counterman|urgent|Puritan|corroborate	337.09	0
< 978-0-225-96608-4	manuscript	ChelseaJames	counterman|urgent|daffodil	289.46	0
< 978-0-7558-3718-2	authenticate	JacquelineCamacho	counterman	391.95	0
< 978-0-7754-4166-6	burette	AmandaGonzalez	Puritan|daffodil|counterman|urgent|corroborate	198.44	8
< 978-0-88476-538-7			suitcase|effusive|counterman	449.80	0
< 978-0-89978-930-9	Acapulco	Mrs.LisaOsborne	daffodil|effusive|Giuliano|counterman|urgent	309.01	0
< 978-1-08-021702-1	basketball	CharlesMeyer	daffodil|Magdalene|Puritan|counterman	438.48	0
< 978-1-337-93443-5			counterman|Giuliano	41.57	4
< 978-1-70943-147-0			corroborate|effusive|counterman	0.00	0
< 0.00
< 
< 
< 978-0-400-66291-6	utile	KellyBowen	oxygenate|urgent|daffodil|effusive	434.47	13
< 978-0-405-93580-0	amass		daffodil|effusive|Puritan|oxygenate	0.00	16
< 978-0-531-15556-1	Arnold	MaryEvans	Puritan|oxygenate|effusive|Giuliano	37.60	15
< 978-0-920159-35-4	storytelling	PennyWilliams	oxygenate	161.92	0
< 978-1-396-75284-1	Sagittarius	EmilyGriffith	Giuliano|oxygenate|suitcase|Magdalene	291.15	0
< 978-1-77462-286-5		BrianCrawford	oxygenate|urgent|suitcase|Puritan	0.00	32
< 
8187,8198d5175
< 978-0-16-880017-9	obsequious	AshleyStanley	effusive	60.49	0
< 978-0-324-36026-4	scurry	KimberlyWilliams	effusive|urgent	390.33	0
< 978-0-341-47335-0	pilfer	JacquelineCamacho	Puritan|corroborate|effusive	141.03	12
< 978-0-400-66291-6	utile	KellyBowen	oxygenate|urgent|daffodil|effusive	434.47	13
< 978-0-405-93580-0	amass		daffodil|effusive|Puritan|oxygenate	0.00	16
< 978-0-531-15556-1	Arnold	MaryEvans	Puritan|oxygenate|effusive|Giuliano	37.60	15
< 978-0-7715-6229-7	occupy	JohnnyLittle	suitcase|effusive|Magdalene|daffodil	0.00	7
< 978-0-88476-538-7			suitcase|effusive|counterman	449.80	0
< 978-0-89978-930-9	Acapulco	Mrs.LisaOsborne	daffodil|effusive|Giuliano|counterman|urgent	309.01	0
< 978-1-225-04033-0		Mr.ThomasVazquez	Giuliano|effusive	317.45	0
< 978-1-308-48603-1	carpet	DerekReyes	Giuliano|effusive	192.84	0
< 978-1-70943-147-0			corroborate|effusive|counterman	0.00	0
8205d5181
< 978-0-920159-35-4	storytelling	PennyWilliams	oxygenate	161.92	0
8207,8208d5182
< 
< 
8213,8224d5186
< 978-0-16-880017-9	obsequious	AshleyStanley	effusive	60.49	0
< 978-0-324-36026-4	scurry	KimberlyWilliams	effusive|urgent	390.33	0
< 978-0-341-47335-0	pilfer	JacquelineCamacho	Puritan|corroborate|effusive	141.03	12
< 978-0-400-66291-6	utile	KellyBowen	oxygenate|urgent|daffodil|effusive	434.47	13
< 978-0-405-93580-0	amass		daffodil|effusive|Puritan|oxygenate	0.00	16
< 978-0-531-15556-1	Arnold	MaryEvans	Puritan|oxygenate|effusive|Giuliano	37.60	15
< 978-0-7715-6229-7	occupy	JohnnyLittle	suitcase|effusive|Magdalene|daffodil	0.00	7
< 978-0-88476-538-7			suitcase|effusive|counterman	449.80	0
< 978-0-89978-930-9	Acapulco	Mrs.LisaOsborne	daffodil|effusive|Giuliano|counterman|urgent	309.01	0
< 978-1-225-04033-0		Mr.ThomasVazquez	Giuliano|effusive	317.45	0
< 978-1-308-48603-1	carpet	DerekReyes	Giuliano|effusive	192.84	0
< 978-1-70943-147-0			corroborate|effusive|counterman	0.00	0
8228,8239d5189
< 978-0-16-880017-9	obsequious	AshleyStanley	effusive	60.49	0
< 978-0-324-36026-4	scurry	KimberlyWilliams	effusive|urgent	390.33	0
< 978-0-341-47335-0	pilfer	JacquelineCamacho	Puritan|corroborate|effusive	141.03	12
< 978-0-400-66291-6	utile	KellyBowen	oxygenate|urgent|daffodil|effusive	434.47	13
< 978-0-405-93580-0	amass		daffodil|effusive|Puritan|oxygenate	0.00	16
< 978-0-531-15556-1	Arnold	MaryEvans	Puritan|oxygenate|effusive|Giuliano	37.60	15
< 978-0-7715-6229-7	occupy	JohnnyLittle	suitcase|effusive|Magdalene|daffodil	0.00	7
< 978-0-88476-538-7			suitcase|effusive|counterman	449.80	0
< 978-0-89978-930-9	Acapulco	Mrs.LisaOsborne	daffodil|effusive|Giuliano|counterman|urgent	309.01	0
< 978-1-225-04033-0		Mr.ThomasVazquez	Giuliano|effusive	317.45	0
< 978-1-308-48603-1	carpet	DerekReyes	Giuliano|effusive	192.84	0
< 978-1-70943-147-0			corroborate|effusive|counterman	0.00	0
8241,8246d5190
< 978-0-615-83956-1			Giuliano|Magdalene	349.25	0
< 978-0-669-45265-5	exclamatory		Magdalene	298.39	0
< 978-0-7715-6229-7	occupy	JohnnyLittle	suitcase|effusive|Magdalene|daffodil	0.00	7
< 978-0-915703-25-8	stricken	MeganLee	Magdalene	69.47	0
< 978-1-08-021702-1	basketball	CharlesMeyer	daffodil|Magdalene|Puritan|counterman	438.48	0
< 978-1-396-75284-1	Sagittarius	EmilyGriffith	Giuliano|oxygenate|suitcase|Magdalene	291.15	0
8249,8250d5192
< 
< 
8254,8259d5195
< 978-0-615-83956-1			Giuliano|Magdalene	349.25	0
< 978-0-669-45265-5	exclamatory		Magdalene	298.39	0
< 978-0-7715-6229-7	occupy	JohnnyLittle	suitcase|effusive|Magdalene|daffodil	0.00	7
< 978-0-915703-25-8	stricken	MeganLee	Magdalene	69.47	0
< 978-1-08-021702-1	basketball	CharlesMeyer	daffodil|Magdalene|Puritan|counterman	438.48	0
< 978-1-396-75284-1	Sagittarius	EmilyGriffith	Giuliano|oxygenate|suitcase|Magdalene	291.15	0
8261d5196
< 
8263d5197
< 
8271,8279d5204
< 978-0-561-95494-3	conveyance	CharlesMeyer	suitcase	0.00	0
< 978-0-7715-6229-7	occupy	JohnnyLittle	suitcase|effusive|Magdalene|daffodil	0.00	7
< 978-0-88476-538-7			suitcase|effusive|counterman	449.80	0
< 978-1-03-088495-2	Yeats	JohnnyLittle	suitcase|corroborate	465.35	0
< 978-1-314-91272-2	dragnet	CharlesMeyer	suitcase|urgent	285.12	8
< 978-1-396-75284-1	Sagittarius	EmilyGriffith	Giuliano|oxygenate|suitcase|Magdalene	291.15	0
< 978-1-56502-324-6	minuteman	BrookeWilson	suitcase	0.00	0
< 978-1-77462-286-5		BrianCrawford	oxygenate|urgent|suitcase|Puritan	0.00	32
< 978-1-78671-729-0	heroism	MaryEvans	corroborate|suitcase|Puritan|Giuliano	286.20	0
8283,8284d5207
< 978-0-06-531456-4	angelfish	ChelseaJames	counterman|urgent|Puritan|corroborate	337.09	0
< 978-0-225-96608-4	manuscript	ChelseaJames	counterman|urgent|daffodil	289.46	0
8291,8303d5213
< 978-0-06-531456-4	angelfish	ChelseaJames	counterman|urgent|Puritan|corroborate	337.09	0
< 978-0-12-093877-3	ransom		urgent|Puritan	238.65	0
< 978-0-341-47335-0	pilfer	JacquelineCamacho	Puritan|corroborate|effusive	141.03	12
< 978-0-405-93580-0	amass		daffodil|effusive|Puritan|oxygenate	0.00	16
< 978-0-531-15556-1	Arnold	MaryEvans	Puritan|oxygenate|effusive|Giuliano	37.60	15
< 978-0-7084-6562-2	jealous	BrianCrawford	Giuliano|urgent|Puritan	0.00	0
< 978-0-7754-4166-6	burette	AmandaGonzalez	Puritan|daffodil|counterman|urgent|corroborate	198.44	8
< 978-1-08-021702-1	basketball	CharlesMeyer	daffodil|Magdalene|Puritan|counterman	438.48	0
< 978-1-241-37155-5	maltose	KennethSmith	urgent|Puritan|Giuliano	78.58	0
< 978-1-77462-286-5		BrianCrawford	oxygenate|urgent|suitcase|Puritan	0.00	32
< 978-1-78671-729-0	heroism	MaryEvans	corroborate|suitcase|Puritan|Giuliano	286.20	0
< 978-1-81825-413-7	infrequent	JeffJames	Puritan	451.53	0
< 978-1-933311-06-7		Mr.ThomasVazquez	Puritan|daffodil	222.81	0
8309,8310d5218
< 978-0-06-531456-4	angelfish	ChelseaJames	counterman|urgent|Puritan|corroborate	337.09	0
< 978-0-225-96608-4	manuscript	ChelseaJames	counterman|urgent|daffodil	289.46	0
8313d5220
< 
8319d5225
< 
8321,8332d5226
< 978-0-06-531456-4	angelfish	ChelseaJames	counterman|urgent|Puritan|corroborate	337.09	0
< 978-0-12-093877-3	ransom		urgent|Puritan	238.65	0
< 978-0-225-96608-4	manuscript	ChelseaJames	counterman|urgent|daffodil	289.46	0
< 978-0-315-98351-9	concertina	KellyBowen	urgent|daffodil	370.60	15
< 978-0-324-36026-4	scurry	KimberlyWilliams	effusive|urgent	390.33	0
< 978-0-400-66291-6	utile	KellyBowen	oxygenate|urgent|daffodil|effusive	434.47	13
< 978-0-7084-6562-2	jealous	BrianCrawford	Giuliano|urgent|Puritan	0.00	0
< 978-0-7754-4166-6	burette	AmandaGonzalez	Puritan|daffodil|counterman|urgent|corroborate	198.44	8
< 978-0-89978-930-9	Acapulco	Mrs.LisaOsborne	daffodil|effusive|Giuliano|counterman|urgent	309.01	0
< 978-1-241-37155-5	maltose	KennethSmith	urgent|Puritan|Giuliano	78.58	0
< 978-1-314-91272-2	dragnet	CharlesMeyer	suitcase|urgent	285.12	8
< 978-1-77462-286-5		BrianCrawford	oxygenate|urgent|suitcase|Puritan	0.00	32
8337d5230
< 978-0-324-36026-4	scurry	KimberlyWilliams	effusive|urgent	390.33	0
8341,8342d5233
< 978-0-566-18251-8	bookmark	KennethSmith	daffodil	298.13	0
< 978-1-241-37155-5	maltose	KennethSmith	urgent|Puritan|Giuliano	78.58	0
8345d5235
< 
8354d5243
< 
8358,8360d5246
< 978-0-255-84374-4		JeffJames		0.00	33
< 978-1-00-796906-4	sheepherder	JeffJames	daffodil|corroborate	231.28	0
< 978-1-81825-413-7	infrequent	JeffJames	Puritan	451.53	0
8366d5251
< 41.57
8370d5254
< 
8381,8382d5264
< 
< 
8392d5273
< 41.57
8396d5276
< 978-0-13-884961-0	wane			137.95	0
8398,8407d5277
< 
< 
< 
< 
< 978-0-400-66291-6	utile	KellyBowen	oxygenate|urgent|daffodil|effusive	434.47	13
< 978-0-405-93580-0	amass		daffodil|effusive|Puritan|oxygenate	0.00	16
< 978-0-531-15556-1	Arnold	MaryEvans	Puritan|oxygenate|effusive|Giuliano	37.60	15
< 978-0-920159-35-4	storytelling	PennyWilliams	oxygenate	161.92	0
< 978-1-396-75284-1	Sagittarius	EmilyGriffith	Giuliano|oxygenate|suitcase|Magdalene	291.15	0
< 978-1-77462-286-5		BrianCrawford	oxygenate|urgent|suitcase|Puritan	0.00	32
8411d5280
< 978-0-16-880017-9	obsequious	AshleyStanley	effusive	60.49	0
8414d5282
< 
8420,8425d5287
< 978-0-400-66291-6	utile	KellyBowen	oxygenate|urgent|daffodil|effusive	434.47	13
< 978-0-405-93580-0	amass		daffodil|effusive|Puritan|oxygenate	0.00	16
< 978-0-531-15556-1	Arnold	MaryEvans	Puritan|oxygenate|effusive|Giuliano	37.60	15
< 978-0-920159-35-4	storytelling	PennyWilliams	oxygenate	161.92	0
< 978-1-396-75284-1	Sagittarius	EmilyGriffith	Giuliano|oxygenate|suitcase|Magdalene	291.15	0
< 978-1-77462-286-5		BrianCrawford	oxygenate|urgent|suitcase|Puritan	0.00	32
8452,8461d5313
< 978-0-531-15556-1	Arnold	MaryEvans	Puritan|oxygenate|effusive|Giuliano	37.60	15
< 978-0-615-83956-1			Giuliano|Magdalene	349.25	0
< 978-0-7084-6562-2	jealous	BrianCrawford	Giuliano|urgent|Puritan	0.00	0
< 978-0-89978-930-9	Acapulco	Mrs.LisaOsborne	daffodil|effusive|Giuliano|counterman|urgent	309.01	0
< 978-1-225-04033-0		Mr.ThomasVazquez	Giuliano|effusive	317.45	0
< 978-1-241-37155-5	maltose	KennethSmith	urgent|Puritan|Giuliano	78.58	0
< 978-1-308-48603-1	carpet	DerekReyes	Giuliano|effusive	192.84	0
< 978-1-337-93443-5			counterman|Giuliano	41.57	2
< 978-1-396-75284-1	Sagittarius	EmilyGriffith	Giuliano|oxygenate|suitcase|Magdalene	291.15	0
< 978-1-78671-729-0	heroism	MaryEvans	corroborate|suitcase|Puritan|Giuliano	286.20	0
8464,8466d5315
< 978-0-255-84374-4		JeffJames		0.00	33
< 978-1-00-796906-4	sheepherder	JeffJames	daffodil|corroborate	231.28	0
< 978-1-81825-413-7	infrequent	JeffJames	Puritan	451.53	0
8472d5320
< 
8483,8497d5330
< 
< 
< 978-0-06-531456-4	angelfish	ChelseaJames	counterman|urgent|Puritan|corroborate	337.09	0
< 978-0-12-093877-3	ransom		urgent|Puritan	238.65	0
< 978-0-341-47335-0	pilfer	JacquelineCamacho	Puritan|corroborate|effusive	141.03	12
< 978-0-405-93580-0	amass		daffodil|effusive|Puritan|oxygenate	0.00	16
< 978-0-531-15556-1	Arnold	MaryEvans	Puritan|oxygenate|effusive|Giuliano	37.60	15
< 978-0-7084-6562-2	jealous	BrianCrawford	Giuliano|urgent|Puritan	0.00	0
< 978-0-7754-4166-6	burette	AmandaGonzalez	Puritan|daffodil|counterman|urgent|corroborate	198.44	8
< 978-1-08-021702-1	basketball	CharlesMeyer	daffodil|Magdalene|Puritan|counterman	438.48	0
< 978-1-241-37155-5	maltose	KennethSmith	urgent|Puritan|Giuliano	78.58	0
< 978-1-77462-286-5		BrianCrawford	oxygenate|urgent|suitcase|Puritan	0.00	32
< 978-1-78671-729-0	heroism	MaryEvans	corroborate|suitcase|Puritan|Giuliano	286.20	0
< 978-1-81825-413-7	infrequent	JeffJames	Puritan	451.53	0
< 978-1-933311-06-7		Mr.ThomasVazquez	Puritan|daffodil	222.81	0
8502,8513d5334
< 978-0-06-531456-4	angelfish	ChelseaJames	counterman|urgent|Puritan|corroborate	337.09	0
< 978-0-12-093877-3	ransom		urgent|Puritan	238.65	0
< 978-0-225-96608-4	manuscript	ChelseaJames	counterman|urgent|daffodil	289.46	0
< 978-0-315-98351-9	concertina	KellyBowen	urgent|daffodil	370.60	15
< 978-0-324-36026-4	scurry	KimberlyWilliams	effusive|urgent	390.33	0
< 978-0-400-66291-6	utile	KellyBowen	oxygenate|urgent|daffodil|effusive	434.47	13
< 978-0-7084-6562-2	jealous	BrianCrawford	Giuliano|urgent|Puritan	0.00	0
< 978-0-7754-4166-6	burette	AmandaGonzalez	Puritan|daffodil|counterman|urgent|corroborate	198.44	8
< 978-0-89978-930-9	Acapulco	Mrs.LisaOsborne	daffodil|effusive|Giuliano|counterman|urgent	309.01	0
< 978-1-241-37155-5	maltose	KennethSmith	urgent|Puritan|Giuliano	78.58	0
< 978-1-314-91272-2	dragnet	CharlesMeyer	suitcase|urgent	285.12	8
< 978-1-77462-286-5		BrianCrawford	oxygenate|urgent|suitcase|Puritan	0.00	32
8525,8526d5345
< 
< 
8529d5347
< 
8532d5349
< 
8534,8536d5350
< 978-0-255-84374-4		JeffJames		0.00	33
< 978-1-00-796906-4	sheepherder	JeffJames	daffodil|corroborate	231.28	0
< 978-1-81825-413-7	infrequent	JeffJames	Puritan	451.53	0
8539,8550d5352
< 978-0-06-531456-4	angelfish	ChelseaJames	counterman|urgent|Puritan|corroborate	337.09	0
< 978-0-12-093877-3	ransom		urgent|Puritan	238.65	0
< 978-0-225-96608-4	manuscript	ChelseaJames	counterman|urgent|daffodil	289.46	0
< 978-0-315-98351-9	concertina	KellyBowen	urgent|daffodil	370.60	15
< 978-0-324-36026-4	scurry	KimberlyWilliams	effusive|urgent	390.33	0
< 978-0-400-66291-6	utile	KellyBowen	oxygenate|urgent|daffodil|effusive	434.47	13
< 978-0-7084-6562-2	jealous	BrianCrawford	Giuliano|urgent|Puritan	0.00	0
< 978-0-7754-4166-6	burette	AmandaGonzalez	Puritan|daffodil|counterman|urgent|corroborate	198.44	8
< 978-0-89978-930-9	Acapulco	Mrs.LisaOsborne	daffodil|effusive|Giuliano|counterman|urgent	309.01	0
< 978-1-241-37155-5	maltose	KennethSmith	urgent|Puritan|Giuliano	78.58	0
< 978-1-314-91272-2	dragnet	CharlesMeyer	suitcase|urgent	285.12	8
< 978-1-77462-286-5		BrianCrawford	oxygenate|urgent|suitcase|Puritan	0.00	32
8558d5359
< 
8567d5367
< 
8569d5368
< 
8577,8583d5375
< 978-0-06-531456-4	angelfish	ChelseaJames	counterman|urgent|Puritan|corroborate	337.09	0
< 978-0-341-47335-0	pilfer	JacquelineCamacho	Puritan|corroborate|effusive	141.03	12
< 978-0-7754-4166-6	burette	AmandaGonzalez	Puritan|daffodil|counterman|urgent|corroborate	198.44	8
< 978-1-00-796906-4	sheepherder	JeffJames	daffodil|corroborate	231.28	0
< 978-1-03-088495-2	Yeats	JohnnyLittle	suitcase|corroborate	465.35	0
< 978-1-70943-147-0			corroborate|effusive|counterman	0.00	0
< 978-1-78671-729-0	heroism	MaryEvans	corroborate|suitcase|Puritan|Giuliano	286.20	0
8596,8597d5387
< 
< 
8602d5391
< 
8614,8627d5402
< 978-0-06-531456-4	angelfish	ChelseaJames	counterman|urgent|Puritan|corroborate	337.09	0
< 978-0-341-47335-0	pilfer	JacquelineCamacho	Puritan|corroborate|effusive	141.03	12
< 978-0-7754-4166-6	burette	AmandaGonzalez	Puritan|daffodil|counterman|urgent|corroborate	198.44	8
< 978-1-00-796906-4	sheepherder	JeffJames	daffodil|corroborate	231.28	0
< 978-1-03-088495-2	Yeats	JohnnyLittle	suitcase|corroborate	465.35	0
< 978-1-70943-147-0			corroborate|effusive|counterman	0.00	0
< 978-1-78671-729-0	heroism	MaryEvans	corroborate|suitcase|Puritan|Giuliano	286.20	0
< 
< 978-0-615-83956-1			Giuliano|Magdalene	349.25	0
< 978-0-669-45265-5	exclamatory		Magdalene	298.39	0
< 978-0-7715-6229-7	occupy	JohnnyLittle	suitcase|effusive|Magdalene|daffodil	0.00	7
< 978-0-915703-25-8	stricken	MeganLee	Magdalene	69.47	0
< 978-1-08-021702-1	basketball	CharlesMeyer	daffodil|Magdalene|Puritan|counterman	438.48	0
< 978-1-396-75284-1	Sagittarius	EmilyGriffith	Giuliano|oxygenate|suitcase|Magdalene	291.15	0
8634,8635d5408
< 978-0-531-15556-1	Arnold	MaryEvans	Puritan|oxygenate|effusive|Giuliano	37.60	15
< 978-1-78671-729-0	heroism	MaryEvans	corroborate|suitcase|Puritan|Giuliano	286.20	0
8637d5409
< 
8640d5411
< 
8643,8649d5413
< 978-0-06-531456-4	angelfish	ChelseaJames	counterman|urgent|Puritan|corroborate	337.09	0
< 978-0-341-47335-0	pilfer	JacquelineCamacho	Puritan|corroborate|effusive	141.03	12
< 978-0-7754-4166-6	burette	AmandaGonzalez	Puritan|daffodil|counterman|urgent|corroborate	198.44	8
< 978-1-00-796906-4	sheepherder	JeffJames	daffodil|corroborate	231.28	0
< 978-1-03-088495-2	Yeats	JohnnyLittle	suitcase|corroborate	465.35	0
< 978-1-70943-147-0			corroborate|effusive|counterman	0.00	0
< 978-1-78671-729-0	heroism	MaryEvans	corroborate|suitcase|Puritan|Giuliano	286.20	0
8652d5415
< 
8674d5436
< 978-0-920159-35-4	storytelling	PennyWilliams	oxygenate	161.92	0
8682d5443
< 
8686d5446
< 
8688d5447
< 
8692,8699d5450
< 
< 
< 978-0-615-83956-1			Giuliano|Magdalene	349.25	0
< 978-0-669-45265-5	exclamatory		Magdalene	298.39	0
< 978-0-7715-6229-7	occupy	JohnnyLittle	suitcase|effusive|Magdalene|daffodil	0.00	7
< 978-0-915703-25-8	stricken	MeganLee	Magdalene	69.47	0
< 978-1-08-021702-1	basketball	CharlesMeyer	daffodil|Magdalene|Puritan|counterman	438.48	0
< 978-1-396-75284-1	Sagittarius	EmilyGriffith	Giuliano|oxygenate|suitcase|Magdalene	291.15	0
8704,8729d5454
< 978-0-06-531456-4	angelfish	ChelseaJames	counterman|urgent|Puritan|corroborate	337.09	0
< 978-0-12-093877-3	ransom		urgent|Puritan	238.65	0
< 978-0-341-47335-0	pilfer	JacquelineCamacho	Puritan|corroborate|effusive	141.03	12
< 978-0-405-93580-0	amass		daffodil|effusive|Puritan|oxygenate	0.00	16
< 978-0-531-15556-1	Arnold	MaryEvans	Puritan|oxygenate|effusive|Giuliano	37.60	15
< 978-0-7084-6562-2	jealous	BrianCrawford	Giuliano|urgent|Puritan	0.00	0
< 978-0-7754-4166-6	burette	AmandaGonzalez	Puritan|daffodil|counterman|urgent|corroborate	198.44	8
< 978-1-08-021702-1	basketball	CharlesMeyer	daffodil|Magdalene|Puritan|counterman	438.48	0
< 978-1-241-37155-5	maltose	KennethSmith	urgent|Puritan|Giuliano	78.58	0
< 978-1-77462-286-5		BrianCrawford	oxygenate|urgent|suitcase|Puritan	0.00	32
< 978-1-78671-729-0	heroism	MaryEvans	corroborate|suitcase|Puritan|Giuliano	286.20	0
< 978-1-81825-413-7	infrequent	JeffJames	Puritan	451.53	0
< 978-1-933311-06-7		Mr.ThomasVazquez	Puritan|daffodil	222.81	0
< 978-0-06-531456-4	angelfish	ChelseaJames	counterman|urgent|Puritan|corroborate	337.09	0
< 978-0-12-093877-3	ransom		urgent|Puritan	238.65	0
< 978-0-341-47335-0	pilfer	JacquelineCamacho	Puritan|corroborate|effusive	141.03	12
< 978-0-405-93580-0	amass		daffodil|effusive|Puritan|oxygenate	0.00	16
< 978-0-531-15556-1	Arnold	MaryEvans	Puritan|oxygenate|effusive|Giuliano	37.60	15
< 978-0-7084-6562-2	jealous	BrianCrawford	Giuliano|urgent|Puritan	0.00	0
< 978-0-7754-4166-6	burette	AmandaGonzalez	Puritan|daffodil|counterman|urgent|corroborate	198.44	8
< 978-1-08-021702-1	basketball	CharlesMeyer	daffodil|Magdalene|Puritan|counterman	438.48	0
< 978-1-241-37155-5	maltose	KennethSmith	urgent|Puritan|Giuliano	78.58	0
< 978-1-77462-286-5		BrianCrawford	oxygenate|urgent|suitcase|Puritan	0.00	32
< 978-1-78671-729-0	heroism	MaryEvans	corroborate|suitcase|Puritan|Giuliano	286.20	0
< 978-1-81825-413-7	infrequent	JeffJames	Puritan	451.53	0
< 978-1-933311-06-7		Mr.ThomasVazquez	Puritan|daffodil	222.81	0
8732d5456
< 
8735d5458
< 
8740,8751d5462
< 978-0-225-96608-4	manuscript	ChelseaJames	counterman|urgent|daffodil	289.46	0
< 978-0-315-98351-9	concertina	KellyBowen	urgent|daffodil	370.60	15
< 978-0-400-66291-6	utile	KellyBowen	oxygenate|urgent|daffodil|effusive	434.47	13
< 978-0-405-93580-0	amass		daffodil|effusive|Puritan|oxygenate	0.00	16
< 978-0-566-18251-8	bookmark	KennethSmith	daffodil	298.13	0
< 978-0-7715-6229-7	occupy	JohnnyLittle	suitcase|effusive|Magdalene|daffodil	0.00	7
< 978-0-7754-4166-6	burette	AmandaGonzalez	Puritan|daffodil|counterman|urgent|corroborate	198.44	8
< 978-0-89978-930-9	Acapulco	Mrs.LisaOsborne	daffodil|effusive|Giuliano|counterman|urgent	309.01	0
< 978-1-00-796906-4	sheepherder	JeffJames	daffodil|corroborate	231.28	0
< 978-1-08-021702-1	basketball	CharlesMeyer	daffodil|Magdalene|Puritan|counterman	438.48	0
< 978-1-933311-06-7		Mr.ThomasVazquez	Puritan|daffodil	222.81	0
< 
8755,8768d5465
< 
< 978-0-06-531456-4	angelfish	ChelseaJames	counterman|urgent|Puritan|corroborate	337.09	0
< 978-0-12-093877-3	ransom		urgent|Puritan	238.65	0
< 978-0-341-47335-0	pilfer	JacquelineCamacho	Puritan|corroborate|effusive	141.03	12
< 978-0-405-93580-0	amass		daffodil|effusive|Puritan|oxygenate	0.00	16
< 978-0-531-15556-1	Arnold	MaryEvans	Puritan|oxygenate|effusive|Giuliano	37.60	15
< 978-0-7084-6562-2	jealous	BrianCrawford	Giuliano|urgent|Puritan	0.00	0
< 978-0-7754-4166-6	burette	AmandaGonzalez	Puritan|daffodil|counterman|urgent|corroborate	198.44	8
< 978-1-08-021702-1	basketball	CharlesMeyer	daffodil|Magdalene|Puritan|counterman	438.48	0
< 978-1-241-37155-5	maltose	KennethSmith	urgent|Puritan|Giuliano	78.58	0
< 978-1-77462-286-5		BrianCrawford	oxygenate|urgent|suitcase|Puritan	0.00	32
< 978-1-78671-729-0	heroism	MaryEvans	corroborate|suitcase|Puritan|Giuliano	286.20	0
< 978-1-81825-413-7	infrequent	JeffJames	Puritan	451.53	0
< 978-1-933311-06-7		Mr.ThomasVazquez	Puritan|daffodil	222.81	0
8772,8780d5468
< 
< 978-0-06-531456-4	angelfish	ChelseaJames	counterman|urgent|Puritan|corroborate	337.09	0
< 978-0-341-47335-0	pilfer	JacquelineCamacho	Puritan|corroborate|effusive	141.03	12
< 978-0-7754-4166-6	burette	AmandaGonzalez	Puritan|daffodil|counterman|urgent|corroborate	198.44	8
< 978-1-00-796906-4	sheepherder	JeffJames	daffodil|corroborate	231.28	0
< 978-1-03-088495-2	Yeats	JohnnyLittle	suitcase|corroborate	465.35	0
< 978-1-70943-147-0			corroborate|effusive|counterman	0.00	0
< 978-1-78671-729-0	heroism	MaryEvans	corroborate|suitcase|Puritan|Giuliano	286.20	0
< 
8783d5470
< 
8786,8787d5472
< 
< 978-0-915703-25-8	stricken	MeganLee	Magdalene	69.47	0
8790,8796d5474
< 978-0-06-531456-4	angelfish	ChelseaJames	counterman|urgent|Puritan|corroborate	337.09	0
< 978-0-341-47335-0	pilfer	JacquelineCamacho	Puritan|corroborate|effusive	141.03	12
< 978-0-7754-4166-6	burette	AmandaGonzalez	Puritan|daffodil|counterman|urgent|corroborate	198.44	8
< 978-1-00-796906-4	sheepherder	JeffJames	daffodil|corroborate	231.28	0
< 978-1-03-088495-2	Yeats	JohnnyLittle	suitcase|corroborate	465.35	0
< 978-1-70943-147-0			corroborate|effusive|counterman	0.00	0
< 978-1-78671-729-0	heroism	MaryEvans	corroborate|suitcase|Puritan|Giuliano	286.20	0
8808d5485
< 
8813,8826d5489
< 978-0-7084-6562-2	jealous	BrianCrawford	Giuliano|urgent|Puritan	0.00	0
< 978-1-77462-286-5		BrianCrawford	oxygenate|urgent|suitcase|Puritan	0.00	32
< 978-0-16-880017-9	obsequious	AshleyStanley	effusive	60.49	0
< 978-0-324-36026-4	scurry	KimberlyWilliams	effusive|urgent	390.33	0
< 978-0-341-47335-0	pilfer	JacquelineCamacho	Puritan|corroborate|effusive	141.03	12
< 978-0-400-66291-6	utile	KellyBowen	oxygenate|urgent|daffodil|effusive	434.47	13
< 978-0-405-93580-0	amass		daffodil|effusive|Puritan|oxygenate	0.00	16
< 978-0-531-15556-1	Arnold	MaryEvans	Puritan|oxygenate|effusive|Giuliano	37.60	15
< 978-0-7715-6229-7	occupy	JohnnyLittle	suitcase|effusive|Magdalene|daffodil	0.00	7
< 978-0-88476-538-7			suitcase|effusive|counterman	449.80	0
< 978-0-89978-930-9	Acapulco	Mrs.LisaOsborne	daffodil|effusive|Giuliano|counterman|urgent	309.01	0
< 978-1-225-04033-0		Mr.ThomasVazquez	Giuliano|effusive	317.45	0
< 978-1-308-48603-1	carpet	DerekReyes	Giuliano|effusive	192.84	0
< 978-1-70943-147-0			corroborate|effusive|counterman	0.00	0
8828,8842d5490
< 
< 978-0-16-880017-9	obsequious	AshleyStanley	effusive	60.49	0
< 
< 978-0-16-880017-9	obsequious	AshleyStanley	effusive	60.49	0
< 978-0-324-36026-4	scurry	KimberlyWilliams	effusive|urgent	390.33	0
< 978-0-341-47335-0	pilfer	JacquelineCamacho	Puritan|corroborate|effusive	141.03	12
< 978-0-400-66291-6	utile	KellyBowen	oxygenate|urgent|daffodil|effusive	434.47	13
< 978-0-405-93580-0	amass		daffodil|effusive|Puritan|oxygenate	0.00	16
< 978-0-531-15556-1	Arnold	MaryEvans	Puritan|oxygenate|effusive|Giuliano	37.60	15
< 978-0-7715-6229-7	occupy	JohnnyLittle	suitcase|effusive|Magdalene|daffodil	0.00	7
< 978-0-88476-538-7			suitcase|effusive|counterman	449.80	0
< 978-0-89978-930-9	Acapulco	Mrs.LisaOsborne	daffodil|effusive|Giuliano|counterman|urgent	309.01	0
< 978-1-225-04033-0		Mr.ThomasVazquez	Giuliano|effusive	317.45	0
< 978-1-308-48603-1	carpet	DerekReyes	Giuliano|effusive	192.84	0
< 978-1-70943-147-0			corroborate|effusive|counterman	0.00	0
8847d5494
< 
8850,8851d5496
< 
< 978-0-400-66291-6	utile	KellyBowen	oxygenate|urgent|daffodil|effusive	434.47	13
8854d5498
< 978-0-89978-930-9	Acapulco	Mrs.LisaOsborne	daffodil|effusive|Giuliano|counterman|urgent	309.01	0
8873,8890d5516
< 978-0-400-66291-6	utile	KellyBowen	oxygenate|urgent|daffodil|effusive	434.47	13
< 978-0-405-93580-0	amass		daffodil|effusive|Puritan|oxygenate	0.00	16
< 978-0-531-15556-1	Arnold	MaryEvans	Puritan|oxygenate|effusive|Giuliano	37.60	15
< 978-0-920159-35-4	storytelling	PennyWilliams	oxygenate	161.92	0
< 978-1-396-75284-1	Sagittarius	EmilyGriffith	Giuliano|oxygenate|suitcase|Magdalene	291.15	0
< 978-1-77462-286-5		BrianCrawford	oxygenate|urgent|suitcase|Puritan	0.00	32
< 978-0-06-531456-4	angelfish	ChelseaJames	counterman|urgent|Puritan|corroborate	337.09	0
< 978-0-225-96608-4	manuscript	ChelseaJames	counterman|urgent|daffodil	289.46	0
< 978-0-7558-3718-2	authenticate	JacquelineCamacho	counterman	391.95	0
< 978-0-7754-4166-6	burette	AmandaGonzalez	Puritan|daffodil|counterman|urgent|corroborate	198.44	8
< 978-0-88476-538-7			suitcase|effusive|counterman	449.80	0
< 978-0-89978-930-9	Acapulco	Mrs.LisaOsborne	daffodil|effusive|Giuliano|counterman|urgent	309.01	0
< 978-1-08-021702-1	basketball	CharlesMeyer	daffodil|Magdalene|Puritan|counterman	438.48	0
< 978-1-337-93443-5			counterman|Giuliano	41.57	2
< 978-1-70943-147-0			corroborate|effusive|counterman	0.00	0
< 
< 
< 
8896,8897d5521
< 
< 
8901d5524
< 
8908d5530
< 0.00
8915,8916d5536
< 978-0-16-880017-9	obsequious	AshleyStanley	effusive	60.49	0
< 
8959d5578
< 
8968d5586
< 198.44
8978,8979d5595
< 978-1-00-796906-4	sheepherder	JeffJames	daffodil|corroborate	231.28	0
< 978-0-324-36026-4	scurry	KimberlyWilliams	effusive|urgent	390.33	0
8988,9009d5603
< 
< 
< 
< 978-0-06-531456-4	angelfish	ChelseaJames	counterman|urgent|Puritan|corroborate	337.09	0
< 978-0-12-093877-3	ransom		urgent|Puritan	238.65	0
< 978-0-341-47335-0	pilfer	JacquelineCamacho	Puritan|corroborate|effusive	141.03	12
< 978-0-405-93580-0	amass		daffodil|effusive|Puritan|oxygenate	0.00	16
< 978-0-531-15556-1	Arnold	MaryEvans	Puritan|oxygenate|effusive|Giuliano	37.60	15
< 978-0-7084-6562-2	jealous	BrianCrawford	Giuliano|urgent|Puritan	0.00	0
< 978-0-7754-4166-6	burette	AmandaGonzalez	Puritan|daffodil|counterman|urgent|corroborate	198.44	7
< 978-1-08-021702-1	basketball	CharlesMeyer	daffodil|Magdalene|Puritan|counterman	438.48	0
< 978-1-241-37155-5	maltose	KennethSmith	urgent|Puritan|Giuliano	78.58	0
< 978-1-77462-286-5		BrianCrawford	oxygenate|urgent|suitcase|Puritan	0.00	32
< 978-1-78671-729-0	heroism	MaryEvans	corroborate|suitcase|Puritan|Giuliano	286.20	0
< 978-1-81825-413-7	infrequent	JeffJames	Puritan	451.53	0
< 978-1-933311-06-7		Mr.ThomasVazquez	Puritan|daffodil	222.81	0
< 978-0-255-84374-4		JeffJames		0.00	33
< 978-1-00-796906-4	sheepherder	JeffJames	daffodil|corroborate	231.28	0
< 978-1-81825-413-7	infrequent	JeffJames	Puritan	451.53	0
< 
< 
< 
9019,9025d5612
< 978-0-400-66291-6	utile	KellyBowen	oxygenate|urgent|daffodil|effusive	434.47	13
< 978-0-405-93580-0	amass		daffodil|effusive|Puritan|oxygenate	0.00	16
< 978-0-531-15556-1	Arnold	MaryEvans	Puritan|oxygenate|effusive|Giuliano	37.60	15
< 978-0-920159-35-4	storytelling	PennyWilliams	oxygenate	161.92	0
< 978-1-396-75284-1	Sagittarius	EmilyGriffith	Giuliano|oxygenate|suitcase|Magdalene	291.15	0
< 978-1-77462-286-5		BrianCrawford	oxygenate|urgent|suitcase|Puritan	0.00	32
< 
9028,9034d5614
< 978-1-9992274-9-4				0.00	18
< 978-0-400-66291-6	utile	KellyBowen	oxygenate|urgent|daffodil|effusive	434.47	13
< 978-0-405-93580-0	amass		daffodil|effusive|Puritan|oxygenate	0.00	16
< 978-0-531-15556-1	Arnold	MaryEvans	Puritan|oxygenate|effusive|Giuliano	37.60	15
< 978-0-920159-35-4	storytelling	PennyWilliams	oxygenate	161.92	0
< 978-1-396-75284-1	Sagittarius	EmilyGriffith	Giuliano|oxygenate|suitcase|Magdalene	291.15	0
< 978-1-77462-286-5		BrianCrawford	oxygenate|urgent|suitcase|Puritan	0.00	32
9037d5616
< 978-1-308-48603-1	carpet	DerekReyes	Giuliano|effusive	192.84	0
9053d5631
< 
9056,9069d5633
< 
< 978-0-06-531456-4	angelfish	ChelseaJames	counterman|urgent|Puritan|corroborate	337.09	0
< 978-0-12-093877-3	ransom		urgent|Puritan	238.65	0
< 978-0-341-47335-0	pilfer	JacquelineCamacho	Puritan|corroborate|effusive	141.03	12
< 978-0-405-93580-0	amass		daffodil|effusive|Puritan|oxygenate	0.00	16
< 978-0-531-15556-1	Arnold	MaryEvans	Puritan|oxygenate|effusive|Giuliano	37.60	15
< 978-0-7084-6562-2	jealous	BrianCrawford	Giuliano|urgent|Puritan	0.00	0
< 978-0-7754-4166-6	burette	AmandaGonzalez	Puritan|daffodil|counterman|urgent|corroborate	198.44	7
< 978-1-08-021702-1	basketball	CharlesMeyer	daffodil|Magdalene|Puritan|counterman	438.48	0
< 978-1-241-37155-5	maltose	KennethSmith	urgent|Puritan|Giuliano	78.58	0
< 978-1-77462-286-5		BrianCrawford	oxygenate|urgent|suitcase|Puritan	0.00	32
< 978-1-78671-729-0	heroism	MaryEvans	corroborate|suitcase|Puritan|Giuliano	286.20	0
< 978-1-81825-413-7	infrequent	JeffJames	Puritan	451.53	0
< 978-1-933311-06-7		Mr.ThomasVazquez	Puritan|daffodil	222.81	0
9074d5637
< 
9098,9109d5660
< 978-0-16-880017-9	obsequious	AshleyStanley	effusive	60.49	0
< 978-0-324-36026-4	scurry	KimberlyWilliams	effusive|urgent	390.33	0
< 978-0-341-47335-0	pilfer	JacquelineCamacho	Puritan|corroborate|effusive	141.03	12
< 978-0-400-66291-6	utile	KellyBowen	oxygenate|urgent|daffodil|effusive	434.47	13
< 978-0-405-93580-0	amass		daffodil|effusive|Puritan|oxygenate	0.00	16
< 978-0-531-15556-1	Arnold	MaryEvans	Puritan|oxygenate|effusive|Giuliano	37.60	15
< 978-0-7715-6229-7	occupy	JohnnyLittle	suitcase|effusive|Magdalene|daffodil	0.00	7
< 978-0-88476-538-7			suitcase|effusive|counterman	449.80	0
< 978-0-89978-930-9	Acapulco	Mrs.LisaOsborne	daffodil|effusive|Giuliano|counterman|urgent	309.01	0
< 978-1-225-04033-0		Mr.ThomasVazquez	Giuliano|effusive	317.45	0
< 978-1-308-48603-1	carpet	DerekReyes	Giuliano|effusive	192.84	0
< 978-1-70943-147-0			corroborate|effusive|counterman	0.00	0
9111,9121d5661
< 978-0-531-15556-1	Arnold	MaryEvans	Puritan|oxygenate|effusive|Giuliano	37.60	15
< 978-0-615-83956-1			Giuliano|Magdalene	349.25	0
< 978-0-7084-6562-2	jealous	BrianCrawford	Giuliano|urgent|Puritan	0.00	0
< 978-0-89978-930-9	Acapulco	Mrs.LisaOsborne	daffodil|effusive|Giuliano|counterman|urgent	309.01	0
< 978-1-225-04033-0		Mr.ThomasVazquez	Giuliano|effusive	317.45	0
< 978-1-241-37155-5	maltose	KennethSmith	urgent|Puritan|Giuliano	78.58	0
< 978-1-308-48603-1	carpet	DerekReyes	Giuliano|effusive	192.84	0
< 978-1-337-93443-5			counterman|Giuliano	41.57	2
< 978-1-396-75284-1	Sagittarius	EmilyGriffith	Giuliano|oxygenate|suitcase|Magdalene	291.15	0
< 978-1-78671-729-0	heroism	MaryEvans	corroborate|suitcase|Puritan|Giuliano	286.20	0
< 
9125,9131d5664
< 978-0-06-531456-4	angelfish	ChelseaJames	counterman|urgent|Puritan|corroborate	337.09	0
< 978-0-341-47335-0	pilfer	JacquelineCamacho	Puritan|corroborate|effusive	141.03	12
< 978-0-7754-4166-6	burette	AmandaGonzalez	Puritan|daffodil|counterman|urgent|corroborate	198.44	7
< 978-1-00-796906-4	sheepherder	JeffJames	daffodil|corroborate	231.28	0
< 978-1-03-088495-2	Yeats	JohnnyLittle	suitcase|corroborate	465.35	0
< 978-1-70943-147-0			corroborate|effusive|counterman	0.00	0
< 978-1-78671-729-0	heroism	MaryEvans	corroborate|suitcase|Puritan|Giuliano	286.20	0
9138d5670
< 978-0-324-36026-4	scurry	KimberlyWilliams	effusive|urgent	390.33	0
9144,9155d5675
< 978-0-16-880017-9	obsequious	AshleyStanley	effusive	60.49	0
< 978-0-324-36026-4	scurry	KimberlyWilliams	effusive|urgent	390.33	0
< 978-0-341-47335-0	pilfer	JacquelineCamacho	Puritan|corroborate|effusive	141.03	12
< 978-0-400-66291-6	utile	KellyBowen	oxygenate|urgent|daffodil|effusive	434.47	13
< 978-0-405-93580-0	amass		daffodil|effusive|Puritan|oxygenate	0.00	16
< 978-0-531-15556-1	Arnold	MaryEvans	Puritan|oxygenate|effusive|Giuliano	37.60	15
< 978-0-7715-6229-7	occupy	JohnnyLittle	suitcase|effusive|Magdalene|daffodil	0.00	7
< 978-0-88476-538-7			suitcase|effusive|counterman	449.80	0
< 978-0-89978-930-9	Acapulco	Mrs.LisaOsborne	daffodil|effusive|Giuliano|counterman|urgent	309.01	0
< 978-1-225-04033-0		Mr.ThomasVazquez	Giuliano|effusive	317.45	0
< 978-1-308-48603-1	carpet	DerekReyes	Giuliano|effusive	192.84	0
< 978-1-70943-147-0			corroborate|effusive|counterman	0.00	0
9157d5676
< 
9173,9176d5691
< 978-0-7715-6229-7	occupy	JohnnyLittle	suitcase|effusive|Magdalene|daffodil	0.00	7
< 978-1-03-088495-2	Yeats	JohnnyLittle	suitcase|corroborate	465.35	0
< 978-1-86497-466-9	conjure	JohnnyLittle		220.90	0
< 978-0-640-41077-3	postposition	BrandyLynn		0.00	0
9183d5697
< 978-0-324-36026-4	scurry	KimberlyWilliams	effusive|urgent	390.33	0
9185d5698
< 
9198,9207d5710
< 978-0-561-95494-3	conveyance	CharlesMeyer	suitcase	0.00	0
< 978-0-7715-6229-7	occupy	JohnnyLittle	suitcase|effusive|Magdalene|daffodil	0.00	7
< 978-0-88476-538-7			suitcase|effusive|counterman	449.80	0
< 978-1-03-088495-2	Yeats	JohnnyLittle	suitcase|corroborate	465.35	0
< 978-1-314-91272-2	dragnet	CharlesMeyer	suitcase|urgent	285.12	8
< 978-1-396-75284-1	Sagittarius	EmilyGriffith	Giuliano|oxygenate|suitcase|Magdalene	291.15	0
< 978-1-56502-324-6	minuteman	BrookeWilson	suitcase	0.00	0
< 978-1-77462-286-5		BrianCrawford	oxygenate|urgent|suitcase|Puritan	0.00	32
< 978-1-78671-729-0	heroism	MaryEvans	corroborate|suitcase|Puritan|Giuliano	286.20	0
< 
9222,9231d5724
< 978-0-06-531456-4	angelfish	ChelseaJames	counterman|urgent|Puritan|corroborate	337.09	0
< 978-0-225-96608-4	manuscript	ChelseaJames	counterman|urgent|daffodil	289.46	0
< 978-0-7558-3718-2	authenticate	JacquelineCamacho	counterman	391.95	0
< 978-0-7754-4166-6	burette	AmandaGonzalez	Puritan|daffodil|counterman|urgent|corroborate	198.44	7
< 978-0-88476-538-7			suitcase|effusive|counterman	449.80	0
< 978-0-89978-930-9	Acapulco	Mrs.LisaOsborne	daffodil|effusive|Giuliano|counterman|urgent	309.01	0
< 978-1-08-021702-1	basketball	CharlesMeyer	daffodil|Magdalene|Puritan|counterman	438.48	0
< 978-1-337-93443-5			counterman|Giuliano	41.57	2
< 978-1-70943-147-0			corroborate|effusive|counterman	0.00	0
< 
9234d5726
< 
9236d5727
< 0.00
9241d5731
< 978-0-7754-4166-6	burette	AmandaGonzalez	Puritan|daffodil|counterman|urgent|corroborate	198.44	7
9243d5732
< 
9249d5737
< 978-0-920159-35-4	storytelling	PennyWilliams	oxygenate	161.92	0
9254,9266d5741
< 978-0-06-531456-4	angelfish	ChelseaJames	counterman|urgent|Puritan|corroborate	337.09	0
< 978-0-12-093877-3	ransom		urgent|Puritan	238.65	0
< 978-0-341-47335-0	pilfer	JacquelineCamacho	Puritan|corroborate|effusive	141.03	12
< 978-0-405-93580-0	amass		daffodil|effusive|Puritan|oxygenate	0.00	16
< 978-0-531-15556-1	Arnold	MaryEvans	Puritan|oxygenate|effusive|Giuliano	37.60	15
< 978-0-7084-6562-2	jealous	BrianCrawford	Giuliano|urgent|Puritan	0.00	0
< 978-0-7754-4166-6	burette	AmandaGonzalez	Puritan|daffodil|counterman|urgent|corroborate	198.44	7
< 978-1-08-021702-1	basketball	CharlesMeyer	daffodil|Magdalene|Puritan|counterman	438.48	0
< 978-1-241-37155-5	maltose	KennethSmith	urgent|Puritan|Giuliano	78.58	0
< 978-1-77462-286-5		BrianCrawford	oxygenate|urgent|suitcase|Puritan	0.00	32
< 978-1-78671-729-0	heroism	MaryEvans	corroborate|suitcase|Puritan|Giuliano	286.20	0
< 978-1-81825-413-7	infrequent	JeffJames	Puritan	451.53	0
< 978-1-933311-06-7		Mr.ThomasVazquez	Puritan|daffodil	222.81	0
9276d5750
< 
9281d5754
< 
9307,9318d5779
< 978-0-06-531456-4	angelfish	ChelseaJames	counterman|urgent|Puritan|corroborate	337.09	0
< 978-0-12-093877-3	ransom		urgent|Puritan	238.65	0
< 978-0-225-96608-4	manuscript	ChelseaJames	counterman|urgent|daffodil	289.46	0
< 978-0-315-98351-9	concertina	KellyBowen	urgent|daffodil	370.60	15
< 978-0-324-36026-4	scurry	KimberlyWilliams	effusive|urgent	390.33	0
< 978-0-400-66291-6	utile	KellyBowen	oxygenate|urgent|daffodil|effusive	434.47	13
< 978-0-7084-6562-2	jealous	BrianCrawford	Giuliano|urgent|Puritan	0.00	0
< 978-0-7754-4166-6	burette	AmandaGonzalez	Puritan|daffodil|counterman|urgent|corroborate	198.44	7
< 978-0-89978-930-9	Acapulco	Mrs.LisaOsborne	daffodil|effusive|Giuliano|counterman|urgent	309.01	0
< 978-1-241-37155-5	maltose	KennethSmith	urgent|Puritan|Giuliano	78.58	0
< 978-1-314-91272-2	dragnet	CharlesMeyer	suitcase|urgent	285.12	8
< 978-1-77462-286-5		BrianCrawford	oxygenate|urgent|suitcase|Puritan	0.00	32
9327,9328d5787
< 
< 
9340,9350d5798
< 978-0-324-36026-4	scurry	KimberlyWilliams	effusive|urgent	390.33	0
< 978-0-531-15556-1	Arnold	MaryEvans	Puritan|oxygenate|effusive|Giuliano	37.60	15
< 978-0-615-83956-1			Giuliano|Magdalene	349.25	0
< 978-0-7084-6562-2	jealous	BrianCrawford	Giuliano|urgent|Puritan	0.00	0
< 978-0-89978-930-9	Acapulco	Mrs.LisaOsborne	daffodil|effusive|Giuliano|counterman|urgent	309.01	0
< 978-1-225-04033-0		Mr.ThomasVazquez	Giuliano|effusive	317.45	0
< 978-1-241-37155-5	maltose	KennethSmith	urgent|Puritan|Giuliano	78.58	0
< 978-1-308-48603-1	carpet	DerekReyes	Giuliano|effusive	192.84	0
< 978-1-337-93443-5			counterman|Giuliano	41.57	2
< 978-1-396-75284-1	Sagittarius	EmilyGriffith	Giuliano|oxygenate|suitcase|Magdalene	291.15	0
< 978-1-78671-729-0	heroism	MaryEvans	corroborate|suitcase|Puritan|Giuliano	286.20	0
9364,9365d5811
< 
< 
9367d5812
< 
9370d5814
< 978-0-640-41077-3	postposition	BrandyLynn		0.00	0
9383d5826
< 
9388,9390d5830
< 
< 978-0-06-531456-4	angelfish	ChelseaJames	counterman|urgent|Puritan|corroborate	337.09	0
< 978-0-225-96608-4	manuscript	ChelseaJames	counterman|urgent|daffodil	289.46	0
9393,9402d5832
< 978-0-06-531456-4	angelfish	ChelseaJames	counterman|urgent|Puritan|corroborate	337.09	0
< 978-0-225-96608-4	manuscript	ChelseaJames	counterman|urgent|daffodil	289.46	0
< 978-0-7558-3718-2	authenticate	JacquelineCamacho	counterman	391.95	0
< 978-0-7754-4166-6	burette	AmandaGonzalez	Puritan|daffodil|counterman|urgent|corroborate	198.44	7
< 978-0-88476-538-7			suitcase|effusive|counterman	449.80	0
< 978-0-89978-930-9	Acapulco	Mrs.LisaOsborne	daffodil|effusive|Giuliano|counterman|urgent	309.01	0
< 978-1-08-021702-1	basketball	CharlesMeyer	daffodil|Magdalene|Puritan|counterman	438.48	0
< 978-1-337-93443-5			counterman|Giuliano	41.57	2
< 978-1-70943-147-0			corroborate|effusive|counterman	0.00	0
< 
9407d5836
< 978-0-920159-35-4	storytelling	PennyWilliams	oxygenate	161.92	0
9412d5840
< 
9424d5851
< 
9429,9431d5855
< 978-0-7715-6229-7	occupy	JohnnyLittle	suitcase|effusive|Magdalene|daffodil	0.00	6
< 978-1-03-088495-2	Yeats	JohnnyLittle	suitcase|corroborate	465.35	0
< 978-1-86497-466-9	conjure	JohnnyLittle		220.90	0
9433d5856
< 978-0-640-41077-3	postposition	BrandyLynn		0.00	0
9439d5861
< 
9442,9443d5863
< 
< 
9447,9456d5866
< 978-0-561-95494-3	conveyance	CharlesMeyer	suitcase	0.00	0
< 978-0-7715-6229-7	occupy	JohnnyLittle	suitcase|effusive|Magdalene|daffodil	0.00	6
< 978-0-88476-538-7			suitcase|effusive|counterman	449.80	0
< 978-1-03-088495-2	Yeats	JohnnyLittle	suitcase|corroborate	465.35	0
< 978-1-314-91272-2	dragnet	CharlesMeyer	suitcase|urgent	285.12	8
< 978-1-396-75284-1	Sagittarius	EmilyGriffith	Giuliano|oxygenate|suitcase|Magdalene	291.15	0
< 978-1-56502-324-6	minuteman	BrookeWilson	suitcase	0.00	0
< 978-1-77462-286-5		BrianCrawford	oxygenate|urgent|suitcase|Puritan	0.00	32
< 978-1-78671-729-0	heroism	MaryEvans	corroborate|suitcase|Puritan|Giuliano	286.20	0
< 
9459,9467d5868
< 978-0-06-531456-4	angelfish	ChelseaJames	counterman|urgent|Puritan|corroborate	337.09	0
< 978-0-225-96608-4	manuscript	ChelseaJames	counterman|urgent|daffodil	289.46	0
< 978-0-7558-3718-2	authenticate	JacquelineCamacho	counterman	391.95	0
< 978-0-7754-4166-6	burette	AmandaGonzalez	Puritan|daffodil|counterman|urgent|corroborate	198.44	7
< 978-0-88476-538-7			suitcase|effusive|counterman	449.80	0
< 978-0-89978-930-9	Acapulco	Mrs.LisaOsborne	daffodil|effusive|Giuliano|counterman|urgent	309.01	0
< 978-1-08-021702-1	basketball	CharlesMeyer	daffodil|Magdalene|Puritan|counterman	438.48	0
< 978-1-337-93443-5			counterman|Giuliano	41.57	2
< 978-1-70943-147-0			corroborate|effusive|counterman	0.00	0
9472,9480d5872
< 978-0-06-531456-4	angelfish	ChelseaJames	counterman|urgent|Puritan|corroborate	337.09	0
< 978-0-225-96608-4	manuscript	ChelseaJames	counterman|urgent|daffodil	289.46	0
< 978-0-7558-3718-2	authenticate	JacquelineCamacho	counterman	391.95	0
< 978-0-7754-4166-6	burette	AmandaGonzalez	Puritan|daffodil|counterman|urgent|corroborate	198.44	7
< 978-0-88476-538-7			suitcase|effusive|counterman	449.80	0
< 978-0-89978-930-9	Acapulco	Mrs.LisaOsborne	daffodil|effusive|Giuliano|counterman|urgent	309.01	0
< 978-1-08-021702-1	basketball	CharlesMeyer	daffodil|Magdalene|Puritan|counterman	438.48	0
< 978-1-337-93443-5			counterman|Giuliano	41.57	2
< 978-1-70943-147-0			corroborate|effusive|counterman	0.00	0
9491,9499d5882
< 978-0-06-531456-4	angelfish	ChelseaJames	counterman|urgent|Puritan|corroborate	337.09	0
< 978-0-341-47335-0	pilfer	JacquelineCamacho	Puritan|corroborate|effusive	141.03	12
< 978-0-7754-4166-6	burette	AmandaGonzalez	Puritan|daffodil|counterman|urgent|corroborate	198.44	7
< 978-1-00-796906-4	sheepherder	JeffJames	daffodil|corroborate	231.28	0
< 978-1-03-088495-2	Yeats	JohnnyLittle	suitcase|corroborate	465.35	0
< 978-1-70943-147-0			corroborate|effusive|counterman	0.00	0
< 978-1-78671-729-0	heroism	MaryEvans	corroborate|suitcase|Puritan|Giuliano	286.20	0
< 
< 
9501,9502d5883
< 
< 
9506d5886
< 
9508d5887
< 285.12
9513,9524d5891
< 978-0-06-531456-4	angelfish	ChelseaJames	counterman|urgent|Puritan|corroborate	337.09	0
< 978-0-12-093877-3	ransom		urgent|Puritan	238.65	0
< 978-0-225-96608-4	manuscript	ChelseaJames	counterman|urgent|daffodil	289.46	0
< 978-0-315-98351-9	concertina	KellyBowen	urgent|daffodil	370.60	15
< 978-0-324-36026-4	scurry	KimberlyWilliams	effusive|urgent	390.33	0
< 978-0-400-66291-6	utile	KellyBowen	oxygenate|urgent|daffodil|effusive	434.47	13
< 978-0-7084-6562-2	jealous	BrianCrawford	Giuliano|urgent|Puritan	0.00	0
< 978-0-7754-4166-6	burette	AmandaGonzalez	Puritan|daffodil|counterman|urgent|corroborate	198.44	7
< 978-0-89978-930-9	Acapulco	Mrs.LisaOsborne	daffodil|effusive|Giuliano|counterman|urgent	309.01	0
< 978-1-241-37155-5	maltose	KennethSmith	urgent|Puritan|Giuliano	78.58	0
< 978-1-314-91272-2	dragnet	CharlesMeyer	suitcase|urgent	285.12	7
< 978-1-77462-286-5		BrianCrawford	oxygenate|urgent|suitcase|Puritan	0.00	32
9527d5893
< 
9533,9534d5898
< 
< 
9545,9560d5908
< 978-1-225-04033-0		Mr.ThomasVazquez	Giuliano|effusive	317.45	0
< 978-1-933311-06-7		Mr.ThomasVazquez	Puritan|daffodil	222.81	0
< 978-0-640-41077-3	postposition	BrandyLynn		0.00	0
< 978-0-06-531456-4	angelfish	ChelseaJames	counterman|urgent|Puritan|corroborate	337.09	0
< 978-0-12-093877-3	ransom		urgent|Puritan	238.65	0
< 978-0-341-47335-0	pilfer	JacquelineCamacho	Puritan|corroborate|effusive	141.03	12
< 978-0-405-93580-0	amass		daffodil|effusive|Puritan|oxygenate	0.00	16
< 978-0-531-15556-1	Arnold	MaryEvans	Puritan|oxygenate|effusive|Giuliano	37.60	15
< 978-0-7084-6562-2	jealous	BrianCrawford	Giuliano|urgent|Puritan	0.00	0
< 978-0-7754-4166-6	burette	AmandaGonzalez	Puritan|daffodil|counterman|urgent|corroborate	198.44	7
< 978-1-08-021702-1	basketball	CharlesMeyer	daffodil|Magdalene|Puritan|counterman	438.48	0
< 978-1-241-37155-5	maltose	KennethSmith	urgent|Puritan|Giuliano	78.58	0
< 978-1-77462-286-5		BrianCrawford	oxygenate|urgent|suitcase|Puritan	0.00	32
< 978-1-78671-729-0	heroism	MaryEvans	corroborate|suitcase|Puritan|Giuliano	286.20	0
< 978-1-81825-413-7	infrequent	JeffJames	Puritan	451.53	0
< 978-1-933311-06-7		Mr.ThomasVazquez	Puritan|daffodil	222.81	0
9563d5910
< 
9570,9575d5916
< 978-0-615-83956-1			Giuliano|Magdalene	349.25	0
< 978-0-669-45265-5	exclamatory		Magdalene	298.39	0
< 978-0-7715-6229-7	occupy	JohnnyLittle	suitcase|effusive|Magdalene|daffodil	0.00	6
< 978-0-915703-25-8	stricken	MeganLee	Magdalene	69.47	0
< 978-1-08-021702-1	basketball	CharlesMeyer	daffodil|Magdalene|Puritan|counterman	438.48	0
< 978-1-396-75284-1	Sagittarius	EmilyGriffith	Giuliano|oxygenate|suitcase|Magdalene	291.15	0
9580d5920
< 
9590d5929
< 
9593d5931
< 
9596,9597d5933
< 978-0-341-47335-0	pilfer	JacquelineCamacho	Puritan|corroborate|effusive	141.03	12
< 978-0-7558-3718-2	authenticate	JacquelineCamacho	counterman	391.95	0
9602d5937
< 
9605,9630d5939
< 
< 978-0-16-880017-9	obsequious	AshleyStanley	effusive	60.49	0
< 978-0-324-36026-4	scurry	KimberlyWilliams	effusive|urgent	390.33	0
< 978-0-341-47335-0	pilfer	JacquelineCamacho	Puritan|corroborate|effusive	141.03	12
< 978-0-400-66291-6	utile	KellyBowen	oxygenate|urgent|daffodil|effusive	434.47	13
< 978-0-405-93580-0	amass		daffodil|effusive|Puritan|oxygenate	0.00	16
< 978-0-531-15556-1	Arnold	MaryEvans	Puritan|oxygenate|effusive|Giuliano	37.60	15
< 978-0-7715-6229-7	occupy	JohnnyLittle	suitcase|effusive|Magdalene|daffodil	0.00	6
< 978-0-88476-538-7			suitcase|effusive|counterman	449.80	0
< 978-0-89978-930-9	Acapulco	Mrs.LisaOsborne	daffodil|effusive|Giuliano|counterman|urgent	309.01	0
< 978-1-225-04033-0		Mr.ThomasVazquez	Giuliano|effusive	317.45	0
< 978-1-308-48603-1	carpet	DerekReyes	Giuliano|effusive	192.84	0
< 978-1-70943-147-0			corroborate|effusive|counterman	0.00	0
< 978-0-06-531456-4	angelfish	ChelseaJames	counterman|urgent|Puritan|corroborate	337.09	0
< 978-0-12-093877-3	ransom		urgent|Puritan	238.65	0
< 978-0-341-47335-0	pilfer	JacquelineCamacho	Puritan|corroborate|effusive	141.03	12
< 978-0-405-93580-0	amass		daffodil|effusive|Puritan|oxygenate	0.00	16
< 978-0-531-15556-1	Arnold	MaryEvans	Puritan|oxygenate|effusive|Giuliano	37.60	15
< 978-0-7084-6562-2	jealous	BrianCrawford	Giuliano|urgent|Puritan	0.00	0
< 978-0-7754-4166-6	burette	AmandaGonzalez	Puritan|daffodil|counterman|urgent|corroborate	198.44	7
< 978-1-08-021702-1	basketball	CharlesMeyer	daffodil|Magdalene|Puritan|counterman	438.48	0
< 978-1-241-37155-5	maltose	KennethSmith	urgent|Puritan|Giuliano	78.58	0
< 978-1-77462-286-5		BrianCrawford	oxygenate|urgent|suitcase|Puritan	0.00	32
< 978-1-78671-729-0	heroism	MaryEvans	corroborate|suitcase|Puritan|Giuliano	286.20	0
< 978-1-81825-413-7	infrequent	JeffJames	Puritan	451.53	0
< 978-1-933311-06-7		Mr.ThomasVazquez	Puritan|daffodil	222.81	0
9641,9649d5949
< 
< 978-0-615-83956-1			Giuliano|Magdalene	349.25	0
< 978-0-669-45265-5	exclamatory		Magdalene	298.39	0
< 978-0-7715-6229-7	occupy	JohnnyLittle	suitcase|effusive|Magdalene|daffodil	0.00	6
< 978-0-915703-25-8	stricken	MeganLee	Magdalene	69.47	0
< 978-1-08-021702-1	basketball	CharlesMeyer	daffodil|Magdalene|Puritan|counterman	438.48	0
< 978-1-396-75284-1	Sagittarius	EmilyGriffith	Giuliano|oxygenate|suitcase|Magdalene	291.15	0
< 
< 
9652,9653d5951
< 
< 
9656d5953
< 
9663,9674d5959
< 978-0-16-880017-9	obsequious	AshleyStanley	effusive	60.49	0
< 978-0-324-36026-4	scurry	KimberlyWilliams	effusive|urgent	390.33	0
< 978-0-341-47335-0	pilfer	JacquelineCamacho	Puritan|corroborate|effusive	141.03	12
< 978-0-400-66291-6	utile	KellyBowen	oxygenate|urgent|daffodil|effusive	434.47	13
< 978-0-405-93580-0	amass		daffodil|effusive|Puritan|oxygenate	0.00	16
< 978-0-531-15556-1	Arnold	MaryEvans	Puritan|oxygenate|effusive|Giuliano	37.60	15
< 978-0-7715-6229-7	occupy	JohnnyLittle	suitcase|effusive|Magdalene|daffodil	0.00	6
< 978-0-88476-538-7			suitcase|effusive|counterman	449.80	0
< 978-0-89978-930-9	Acapulco	Mrs.LisaOsborne	daffodil|effusive|Giuliano|counterman|urgent	309.01	0
< 978-1-225-04033-0		Mr.ThomasVazquez	Giuliano|effusive	317.45	0
< 978-1-308-48603-1	carpet	DerekReyes	Giuliano|effusive	192.84	0
< 978-1-70943-147-0			corroborate|effusive|counterman	0.00	0
9678,9690d5962
< 978-0-06-531456-4	angelfish	ChelseaJames	counterman|urgent|Puritan|corroborate	337.09	0
< 978-0-12-093877-3	ransom		urgent|Puritan	238.65	0
< 978-0-225-96608-4	manuscript	ChelseaJames	counterman|urgent|daffodil	289.46	0
< 978-0-315-98351-9	concertina	KellyBowen	urgent|daffodil	370.60	15
< 978-0-324-36026-4	scurry	KimberlyWilliams	effusive|urgent	390.33	0
< 978-0-400-66291-6	utile	KellyBowen	oxygenate|urgent|daffodil|effusive	434.47	13
< 978-0-7084-6562-2	jealous	BrianCrawford	Giuliano|urgent|Puritan	0.00	0
< 978-0-7754-4166-6	burette	AmandaGonzalez	Puritan|daffodil|counterman|urgent|corroborate	198.44	7
< 978-0-89978-930-9	Acapulco	Mrs.LisaOsborne	daffodil|effusive|Giuliano|counterman|urgent	309.01	0
< 978-1-241-37155-5	maltose	KennethSmith	urgent|Puritan|Giuliano	78.58	0
< 978-1-314-91272-2	dragnet	CharlesMeyer	suitcase|urgent	285.12	7
< 978-1-77462-286-5		BrianCrawford	oxygenate|urgent|suitcase|Puritan	0.00	32
< 
9694d5965
< 
9699,9701d5969
< 978-0-7084-6562-2	jealous	BrianCrawford	Giuliano|urgent|Puritan	0.00	0
< 978-1-77462-286-5		BrianCrawford	oxygenate|urgent|suitcase|Puritan	0.00	32
< 
9707d5974
< 
9710d5976
< 
9712,9720d5977
< 978-0-561-95494-3	conveyance	CharlesMeyer	suitcase	0.00	0
< 978-0-7715-6229-7	occupy	JohnnyLittle	suitcase|effusive|Magdalene|daffodil	0.00	6
< 978-0-88476-538-7			suitcase|effusive|counterman	449.80	0
< 978-1-03-088495-2	Yeats	JohnnyLittle	suitcase|corroborate	465.35	0
< 978-1-314-91272-2	dragnet	CharlesMeyer	suitcase|urgent	285.12	7
< 978-1-396-75284-1	Sagittarius	EmilyGriffith	Giuliano|oxygenate|suitcase|Magdalene	291.15	0
< 978-1-56502-324-6	minuteman	BrookeWilson	suitcase	0.00	0
< 978-1-77462-286-5		BrianCrawford	oxygenate|urgent|suitcase|Puritan	0.00	32
< 978-1-78671-729-0	heroism	MaryEvans	corroborate|suitcase|Puritan|Giuliano	286.20	0
9731,9737d5987
< 978-0-06-531456-4	angelfish	ChelseaJames	counterman|urgent|Puritan|corroborate	337.09	0
< 978-0-341-47335-0	pilfer	JacquelineCamacho	Puritan|corroborate|effusive	141.03	12
< 978-0-7754-4166-6	burette	AmandaGonzalez	Puritan|daffodil|counterman|urgent|corroborate	198.44	7
< 978-1-00-796906-4	sheepherder	JeffJames	daffodil|corroborate	231.28	0
< 978-1-03-088495-2	Yeats	JohnnyLittle	suitcase|corroborate	465.35	0
< 978-1-70943-147-0			corroborate|effusive|counterman	0.00	0
< 978-1-78671-729-0	heroism	MaryEvans	corroborate|suitcase|Puritan|Giuliano	286.20	0
9749,9758d5998
< 978-0-531-15556-1	Arnold	MaryEvans	Puritan|oxygenate|effusive|Giuliano	37.60	15
< 978-0-615-83956-1			Giuliano|Magdalene	349.25	0
< 978-0-7084-6562-2	jealous	BrianCrawford	Giuliano|urgent|Puritan	0.00	0
< 978-0-89978-930-9	Acapulco	Mrs.LisaOsborne	daffodil|effusive|Giuliano|counterman|urgent	309.01	0
< 978-1-225-04033-0		Mr.ThomasVazquez	Giuliano|effusive	317.45	0
< 978-1-241-37155-5	maltose	KennethSmith	urgent|Puritan|Giuliano	78.58	0
< 978-1-308-48603-1	carpet	DerekReyes	Giuliano|effusive	192.84	0
< 978-1-337-93443-5			counterman|Giuliano	41.57	2
< 978-1-396-75284-1	Sagittarius	EmilyGriffith	Giuliano|oxygenate|suitcase|Magdalene	291.15	0
< 978-1-78671-729-0	heroism	MaryEvans	corroborate|suitcase|Puritan|Giuliano	286.20	0
9769d6008
< 978-0-16-880017-9	obsequious	AshleyStanley	effusive	60.49	0
9772d6010
< 
9780d6017
< 
9793,9800d6029
< 978-0-06-531456-4	angelfish	ChelseaJames	counterman|urgent|Puritan|corroborate	337.09	0
< 978-0-341-47335-0	pilfer	JacquelineCamacho	Puritan|corroborate|effusive	141.03	12
< 978-0-7754-4166-6	burette	AmandaGonzalez	Puritan|daffodil|counterman|urgent|corroborate	198.44	7
< 978-1-00-796906-4	sheepherder	JeffJames	daffodil|corroborate	231.28	0
< 978-1-03-088495-2	Yeats	JohnnyLittle	suitcase|corroborate	465.35	0
< 978-1-70943-147-0			corroborate|effusive|counterman	0.00	0
< 978-1-78671-729-0	heroism	MaryEvans	corroborate|suitcase|Puritan|Giuliano	286.20	0
< 
9804,9809d6032
< 978-0-400-66291-6	utile	KellyBowen	oxygenate|urgent|daffodil|effusive	434.47	13
< 978-0-405-93580-0	amass		daffodil|effusive|Puritan|oxygenate	0.00	16
< 978-0-531-15556-1	Arnold	MaryEvans	Puritan|oxygenate|effusive|Giuliano	37.60	15
< 978-0-920159-35-4	storytelling	PennyWilliams	oxygenate	161.92	0
< 978-1-396-75284-1	Sagittarius	EmilyGriffith	Giuliano|oxygenate|suitcase|Magdalene	291.15	0
< 978-1-77462-286-5		BrianCrawford	oxygenate|urgent|suitcase|Puritan	0.00	32
9811,9822d6033
< 978-0-06-531456-4	angelfish	ChelseaJames	counterman|urgent|Puritan|corroborate	337.09	0
< 978-0-12-093877-3	ransom		urgent|Puritan	238.65	0
< 978-0-225-96608-4	manuscript	ChelseaJames	counterman|urgent|daffodil	289.46	0
< 978-0-315-98351-9	concertina	KellyBowen	urgent|daffodil	370.60	15
< 978-0-324-36026-4	scurry	KimberlyWilliams	effusive|urgent	390.33	0
< 978-0-400-66291-6	utile	KellyBowen	oxygenate|urgent|daffodil|effusive	434.47	13
< 978-0-7084-6562-2	jealous	BrianCrawford	Giuliano|urgent|Puritan	0.00	0
< 978-0-7754-4166-6	burette	AmandaGonzalez	Puritan|daffodil|counterman|urgent|corroborate	198.44	7
< 978-0-89978-930-9	Acapulco	Mrs.LisaOsborne	daffodil|effusive|Giuliano|counterman|urgent	309.01	0
< 978-1-241-37155-5	maltose	KennethSmith	urgent|Puritan|Giuliano	78.58	0
< 978-1-314-91272-2	dragnet	CharlesMeyer	suitcase|urgent	285.12	7
< 978-1-77462-286-5		BrianCrawford	oxygenate|urgent|suitcase|Puritan	0.00	32
9831d6041
< 
9835d6044
< 
9855,9863d6063
< 978-0-06-531456-4	angelfish	ChelseaJames	counterman|urgent|Puritan|corroborate	337.09	0
< 978-0-225-96608-4	manuscript	ChelseaJames	counterman|urgent|daffodil	289.46	0
< 978-0-7558-3718-2	authenticate	JacquelineCamacho	counterman	391.95	0
< 978-0-7754-4166-6	burette	AmandaGonzalez	Puritan|daffodil|counterman|urgent|corroborate	198.44	7
< 978-0-88476-538-7			suitcase|effusive|counterman	449.80	0
< 978-0-89978-930-9	Acapulco	Mrs.LisaOsborne	daffodil|effusive|Giuliano|counterman|urgent	309.01	0
< 978-1-08-021702-1	basketball	CharlesMeyer	daffodil|Magdalene|Puritan|counterman	438.48	0
< 978-1-337-93443-5			counterman|Giuliano	41.57	2
< 978-1-70943-147-0			corroborate|effusive|counterman	0.00	0
9869d6068
< 
9873d6071
< 
9881,9891d6078
< 978-0-225-96608-4	manuscript	ChelseaJames	counterman|urgent|daffodil	289.46	0
< 978-0-315-98351-9	concertina	KellyBowen	urgent|daffodil	370.60	15
< 978-0-400-66291-6	utile	KellyBowen	oxygenate|urgent|daffodil|effusive	434.47	13
< 978-0-405-93580-0	amass		daffodil|effusive|Puritan|oxygenate	0.00	16
< 978-0-566-18251-8	bookmark	KennethSmith	daffodil	298.13	0
< 978-0-7715-6229-7	occupy	JohnnyLittle	suitcase|effusive|Magdalene|daffodil	0.00	6
< 978-0-7754-4166-6	burette	AmandaGonzalez	Puritan|daffodil|counterman|urgent|corroborate	198.44	7
< 978-0-89978-930-9	Acapulco	Mrs.LisaOsborne	daffodil|effusive|Giuliano|counterman|urgent	309.01	0
< 978-1-00-796906-4	sheepherder	JeffJames	daffodil|corroborate	231.28	0
< 978-1-08-021702-1	basketball	CharlesMeyer	daffodil|Magdalene|Puritan|counterman	438.48	0
< 978-1-933311-06-7		Mr.ThomasVazquez	Puritan|daffodil	222.81	0
9894d6080
< 
9900,9908d6085
< 978-0-06-531456-4	angelfish	ChelseaJames	counterman|urgent|Puritan|corroborate	337.09	0
< 978-0-341-47335-0	pilfer	JacquelineCamacho	Puritan|corroborate|effusive	141.03	12
< 978-0-7754-4166-6	burette	AmandaGonzalez	Puritan|daffodil|counterman|urgent|corroborate	198.44	7
< 978-1-00-796906-4	sheepherder	JeffJames	daffodil|corroborate	231.28	0
< 978-1-03-088495-2	Yeats	JohnnyLittle	suitcase|corroborate	465.35	0
< 978-1-70943-147-0			corroborate|effusive|counterman	0.00	0
< 978-1-78671-729-0	heroism	MaryEvans	corroborate|suitcase|Puritan|Giuliano	286.20	0
< 978-0-06-531456-4	angelfish	ChelseaJames	counterman|urgent|Puritan|corroborate	337.09	0
< 978-0-225-96608-4	manuscript	ChelseaJames	counterman|urgent|daffodil	289.46	0
9917,9928d6093
< 978-0-16-880017-9	obsequious	AshleyStanley	effusive	60.49	0
< 978-0-324-36026-4	scurry	KimberlyWilliams	effusive|urgent	390.33	0
< 978-0-341-47335-0	pilfer	JacquelineCamacho	Puritan|corroborate|effusive	141.03	12
< 978-0-400-66291-6	utile	KellyBowen	oxygenate|urgent|daffodil|effusive	434.47	13
< 978-0-405-93580-0	amass		daffodil|effusive|Puritan|oxygenate	0.00	16
< 978-0-531-15556-1	Arnold	MaryEvans	Puritan|oxygenate|effusive|Giuliano	37.60	15
< 978-0-7715-6229-7	occupy	JohnnyLittle	suitcase|effusive|Magdalene|daffodil	0.00	6
< 978-0-88476-538-7			suitcase|effusive|counterman	449.80	0
< 978-0-89978-930-9	Acapulco	Mrs.LisaOsborne	daffodil|effusive|Giuliano|counterman|urgent	309.01	0
< 978-1-225-04033-0		Mr.ThomasVazquez	Giuliano|effusive	317.45	0
< 978-1-308-48603-1	carpet	DerekReyes	Giuliano|effusive	192.84	0
< 978-1-70943-147-0			corroborate|effusive|counterman	0.00	0
9931,9937d6095
< 978-0-06-531456-4	angelfish	ChelseaJames	counterman|urgent|Puritan|corroborate	337.09	0
< 978-0-341-47335-0	pilfer	JacquelineCamacho	Puritan|corroborate|effusive	141.03	12
< 978-0-7754-4166-6	burette	AmandaGonzalez	Puritan|daffodil|counterman|urgent|corroborate	198.44	7
< 978-1-00-796906-4	sheepherder	JeffJames	daffodil|corroborate	231.28	0
< 978-1-03-088495-2	Yeats	JohnnyLittle	suitcase|corroborate	465.35	0
< 978-1-70943-147-0			corroborate|effusive|counterman	0.00	0
< 978-1-78671-729-0	heroism	MaryEvans	corroborate|suitcase|Puritan|Giuliano	286.20	0
9943,9952d6100
< 
< 978-0-561-95494-3	conveyance	CharlesMeyer	suitcase	0.00	0
< 978-0-7715-6229-7	occupy	JohnnyLittle	suitcase|effusive|Magdalene|daffodil	0.00	6
< 978-0-88476-538-7			suitcase|effusive|counterman	449.80	0
< 978-1-03-088495-2	Yeats	JohnnyLittle	suitcase|corroborate	465.35	0
< 978-1-314-91272-2	dragnet	CharlesMeyer	suitcase|urgent	285.12	7
< 978-1-396-75284-1	Sagittarius	EmilyGriffith	Giuliano|oxygenate|suitcase|Magdalene	291.15	0
< 978-1-56502-324-6	minuteman	BrookeWilson	suitcase	0.00	0
< 978-1-77462-286-5		BrianCrawford	oxygenate|urgent|suitcase|Puritan	0.00	32
< 978-1-78671-729-0	heroism	MaryEvans	corroborate|suitcase|Puritan|Giuliano	286.20	0
9956,9964d6103
< 978-0-06-531456-4	angelfish	ChelseaJames	counterman|urgent|Puritan|corroborate	337.09	0
< 978-0-225-96608-4	manuscript	ChelseaJames	counterman|urgent|daffodil	289.46	0
< 978-0-7558-3718-2	authenticate	JacquelineCamacho	counterman	391.95	0
< 978-0-7754-4166-6	burette	AmandaGonzalez	Puritan|daffodil|counterman|urgent|corroborate	198.44	7
< 978-0-88476-538-7			suitcase|effusive|counterman	449.80	0
< 978-0-89978-930-9	Acapulco	Mrs.LisaOsborne	daffodil|effusive|Giuliano|counterman|urgent	309.01	0
< 978-1-08-021702-1	basketball	CharlesMeyer	daffodil|Magdalene|Puritan|counterman	438.48	0
< 978-1-337-93443-5			counterman|Giuliano	41.57	2
< 978-1-70943-147-0			corroborate|effusive|counterman	0.00	0
9968,9970d6106
< 978-0-7715-6229-7	occupy	JohnnyLittle	suitcase|effusive|Magdalene|daffodil	0.00	6
< 978-1-03-088495-2	Yeats	JohnnyLittle	suitcase|corroborate	465.35	0
< 978-1-86497-466-9	conjure	JohnnyLittle		220.90	0
9974d6109
< 
9979,9980d6113
< 
< 978-1-00-796906-4	sheepherder	JeffJames	daffodil|corroborate	231.28	0
9987,9993d6119
< 978-0-06-531456-4	angelfish	ChelseaJames	counterman|urgent|Puritan|corroborate	337.09	0
< 978-0-341-47335-0	pilfer	JacquelineCamacho	Puritan|corroborate|effusive	141.03	12
< 978-0-7754-4166-6	burette	AmandaGonzalez	Puritan|daffodil|counterman|urgent|corroborate	198.44	7
< 978-1-00-796906-4	sheepherder	JeffJames	daffodil|corroborate	231.28	0
< 978-1-03-088495-2	Yeats	JohnnyLittle	suitcase|corroborate	465.35	0
< 978-1-70943-147-0			corroborate|effusive|counterman	0.00	0
< 978-1-78671-729-0	heroism	MaryEvans	corroborate|suitcase|Puritan|Giuliano	286.20	0
9996,9998d6121
< 978-0-255-84374-4		JeffJames		0.00	33
< 978-1-00-796906-4	sheepherder	JeffJames	daffodil|corroborate	231.28	0
< 978-1-81825-413-7	infrequent	JeffJames	Puritan	451.53	0
10003d6125
< 
10005,10017d6126
< 978-0-06-531456-4	angelfish	ChelseaJames	counterman|urgent|Puritan|corroborate	337.09	0
< 978-0-12-093877-3	ransom		urgent|Puritan	238.65	0
< 978-0-341-47335-0	pilfer	JacquelineCamacho	Puritan|corroborate|effusive	141.03	12
< 978-0-405-93580-0	amass		daffodil|effusive|Puritan|oxygenate	0.00	16
< 978-0-531-15556-1	Arnold	MaryEvans	Puritan|oxygenate|effusive|Giuliano	37.60	15
< 978-0-7084-6562-2	jealous	BrianCrawford	Giuliano|urgent|Puritan	0.00	0
< 978-0-7754-4166-6	burette	AmandaGonzalez	Puritan|daffodil|counterman|urgent|corroborate	198.44	7
< 978-1-08-021702-1	basketball	CharlesMeyer	daffodil|Magdalene|Puritan|counterman	438.48	0
< 978-1-241-37155-5	maltose	KennethSmith	urgent|Puritan|Giuliano	78.58	0
< 978-1-77462-286-5		BrianCrawford	oxygenate|urgent|suitcase|Puritan	0.00	32
< 978-1-78671-729-0	heroism	MaryEvans	corroborate|suitcase|Puritan|Giuliano	286.20	0
< 978-1-81825-413-7	infrequent	JeffJames	Puritan	451.53	0
< 978-1-933311-06-7		Mr.ThomasVazquez	Puritan|daffodil	222.81	0
10020d6128
< 
10025d6132
< 978-1-230-11209-1		BrianOwens		282.26	0
10034,10045d6140
< 978-0-06-531456-4	angelfish	ChelseaJames	counterman|urgent|Puritan|corroborate	337.09	0
< 978-0-225-96608-4	manuscript	ChelseaJames	counterman|urgent|daffodil	289.46	0
< 
< 978-0-06-531456-4	angelfish	ChelseaJames	counterman|urgent|Puritan|corroborate	337.09	0
< 978-0-225-96608-4	manuscript	ChelseaJames	counterman|urgent|daffodil	289.46	0
< 978-0-7558-3718-2	authenticate	JacquelineCamacho	counterman	391.95	0
< 978-0-7754-4166-6	burette	AmandaGonzalez	Puritan|daffodil|counterman|urgent|corroborate	198.44	7
< 978-0-88476-538-7			suitcase|effusive|counterman	449.80	0
< 978-0-89978-930-9	Acapulco	Mrs.LisaOsborne	daffodil|effusive|Giuliano|counterman|urgent	309.01	0
< 978-1-08-021702-1	basketball	CharlesMeyer	daffodil|Magdalene|Puritan|counterman	438.48	0
< 978-1-337-93443-5			counterman|Giuliano	41.57	2
< 978-1-70943-147-0			corroborate|effusive|counterman	0.00	0
10063d6157
< 
10074,10075d6167
< 
< 
10090d6181
< 
10101,10102d6191
< 978-0-16-880017-9	obsequious	AshleyStanley	effusive	60.49	0
< 370.60
10107,10115d6195
< 978-0-561-95494-3	conveyance	CharlesMeyer	suitcase	0.00	0
< 978-0-7715-6229-7	occupy	JohnnyLittle	suitcase|effusive|Magdalene|daffodil	0.00	6
< 978-0-88476-538-7			suitcase|effusive|counterman	449.80	0
< 978-1-03-088495-2	Yeats	JohnnyLittle	suitcase|corroborate	465.35	0
< 978-1-314-91272-2	dragnet	CharlesMeyer	suitcase|urgent	285.12	7
< 978-1-396-75284-1	Sagittarius	EmilyGriffith	Giuliano|oxygenate|suitcase|Magdalene	291.15	0
< 978-1-56502-324-6	minuteman	BrookeWilson	suitcase	0.00	0
< 978-1-77462-286-5		BrianCrawford	oxygenate|urgent|suitcase|Puritan	0.00	32
< 978-1-78671-729-0	heroism	MaryEvans	corroborate|suitcase|Puritan|Giuliano	286.20	0
10120,10133d6199
< 
< 
< 978-0-531-15556-1	Arnold	MaryEvans	Puritan|oxygenate|effusive|Giuliano	37.60	15
< 978-0-615-83956-1			Giuliano|Magdalene	349.25	0
< 978-0-7084-6562-2	jealous	BrianCrawford	Giuliano|urgent|Puritan	0.00	0
< 978-0-89978-930-9	Acapulco	Mrs.LisaOsborne	daffodil|effusive|Giuliano|counterman|urgent	309.01	0
< 978-1-225-04033-0		Mr.ThomasVazquez	Giuliano|effusive	317.45	0
< 978-1-241-37155-5	maltose	KennethSmith	urgent|Puritan|Giuliano	78.58	0
< 978-1-308-48603-1	carpet	DerekReyes	Giuliano|effusive	192.84	0
< 978-1-337-93443-5			counterman|Giuliano	41.57	2
< 978-1-396-75284-1	Sagittarius	EmilyGriffith	Giuliano|oxygenate|suitcase|Magdalene	291.15	0
< 978-1-78671-729-0	heroism	MaryEvans	corroborate|suitcase|Puritan|Giuliano	286.20	0
< 
< 978-0-89978-930-9	Acapulco	Mrs.LisaOsborne	daffodil|effusive|Giuliano|counterman|urgent	309.01	0
10142d6207
< 978-0-89978-930-9	Acapulco	Mrs.LisaOsborne	daffodil|effusive|Giuliano|counterman|urgent	309.01	0
10151d6215
< 
10165d6228
< 
10168,10169d6230
< 978-0-315-98351-9	concertina	KellyBowen	urgent|daffodil	370.60	14
< 978-0-400-66291-6	utile	KellyBowen	oxygenate|urgent|daffodil|effusive	434.47	13
10172d6232
< 
10182d6241
< 
10188d6246
< 978-0-920159-35-4	storytelling	PennyWilliams	oxygenate	161.92	0
10201d6258
< 978-1-241-37155-5	maltose	KennethSmith	urgent|Puritan|Giuliano	78.58	0
10204,10216d6260
< 
< 978-0-531-15556-1	Arnold	MaryEvans	Puritan|oxygenate|effusive|Giuliano	37.60	15
< 978-0-615-83956-1			Giuliano|Magdalene	349.25	0
< 978-0-7084-6562-2	jealous	BrianCrawford	Giuliano|urgent|Puritan	0.00	0
< 978-0-89978-930-9	Acapulco	Mrs.LisaOsborne	daffodil|effusive|Giuliano|counterman|urgent	309.01	0
< 978-1-225-04033-0		Mr.ThomasVazquez	Giuliano|effusive	317.45	0
< 978-1-241-37155-5	maltose	KennethSmith	urgent|Puritan|Giuliano	78.58	0
< 978-1-308-48603-1	carpet	DerekReyes	Giuliano|effusive	192.84	0
< 978-1-337-93443-5			counterman|Giuliano	41.57	2
< 978-1-396-75284-1	Sagittarius	EmilyGriffith	Giuliano|oxygenate|suitcase|Magdalene	291.15	0
< 978-1-78671-729-0	heroism	MaryEvans	corroborate|suitcase|Puritan|Giuliano	286.20	0
< 
< 978-0-7754-4166-6	burette	AmandaGonzalez	Puritan|daffodil|counterman|urgent|corroborate	198.44	7
10225d6268
< 
10231d6273
< 
10245,10273d6286
< 978-0-16-880017-9	obsequious	AshleyStanley	effusive	60.49	0
< 978-0-324-36026-4	scurry	KimberlyWilliams	effusive|urgent	390.33	0
< 978-0-341-47335-0	pilfer	JacquelineCamacho	Puritan|corroborate|effusive	141.03	12
< 978-0-400-66291-6	utile	KellyBowen	oxygenate|urgent|daffodil|effusive	434.47	13
< 978-0-405-93580-0	amass		daffodil|effusive|Puritan|oxygenate	0.00	16
< 978-0-531-15556-1	Arnold	MaryEvans	Puritan|oxygenate|effusive|Giuliano	37.60	15
< 978-0-7715-6229-7	occupy	JohnnyLittle	suitcase|effusive|Magdalene|daffodil	0.00	6
< 978-0-88476-538-7			suitcase|effusive|counterman	449.80	0
< 978-0-89978-930-9	Acapulco	Mrs.LisaOsborne	daffodil|effusive|Giuliano|counterman|urgent	309.01	0
< 978-1-225-04033-0		Mr.ThomasVazquez	Giuliano|effusive	317.45	0
< 978-1-308-48603-1	carpet	DerekReyes	Giuliano|effusive	192.84	0
< 978-1-70943-147-0			corroborate|effusive|counterman	0.00	0
< 978-0-324-36026-4	scurry	KimberlyWilliams	effusive|urgent	390.33	0
< 978-0-06-531456-4	angelfish	ChelseaJames	counterman|urgent|Puritan|corroborate	337.09	0
< 978-0-341-47335-0	pilfer	JacquelineCamacho	Puritan|corroborate|effusive	141.03	12
< 978-0-7754-4166-6	burette	AmandaGonzalez	Puritan|daffodil|counterman|urgent|corroborate	198.44	7
< 978-1-00-796906-4	sheepherder	JeffJames	daffodil|corroborate	231.28	0
< 978-1-03-088495-2	Yeats	JohnnyLittle	suitcase|corroborate	465.35	0
< 978-1-70943-147-0			corroborate|effusive|counterman	0.00	0
< 978-1-78671-729-0	heroism	MaryEvans	corroborate|suitcase|Puritan|Giuliano	286.20	0
< 
< 
< 978-0-400-66291-6	utile	KellyBowen	oxygenate|urgent|daffodil|effusive	434.47	13
< 978-0-405-93580-0	amass		daffodil|effusive|Puritan|oxygenate	0.00	16
< 978-0-531-15556-1	Arnold	MaryEvans	Puritan|oxygenate|effusive|Giuliano	37.60	15
< 978-0-920159-35-4	storytelling	PennyWilliams	oxygenate	161.92	0
< 978-1-396-75284-1	Sagittarius	EmilyGriffith	Giuliano|oxygenate|suitcase|Magdalene	291.15	0
< 978-1-77462-286-5		BrianCrawford	oxygenate|urgent|suitcase|Puritan	0.00	32
< 
10304d6316
< 
10306,10315d6317
< 978-0-531-15556-1	Arnold	MaryEvans	Puritan|oxygenate|effusive|Giuliano	37.60	15
< 978-0-615-83956-1			Giuliano|Magdalene	349.25	0
< 978-0-7084-6562-2	jealous	BrianCrawford	Giuliano|urgent|Puritan	0.00	0
< 978-0-89978-930-9	Acapulco	Mrs.LisaOsborne	daffodil|effusive|Giuliano|counterman|urgent	309.01	0
< 978-1-225-04033-0		Mr.ThomasVazquez	Giuliano|effusive	317.45	0
< 978-1-241-37155-5	maltose	KennethSmith	urgent|Puritan|Giuliano	78.58	0
< 978-1-308-48603-1	carpet	DerekReyes	Giuliano|effusive	192.84	0
< 978-1-337-93443-5			counterman|Giuliano	41.57	2
< 978-1-396-75284-1	Sagittarius	EmilyGriffith	Giuliano|oxygenate|suitcase|Magdalene	291.15	0
< 978-1-78671-729-0	heroism	MaryEvans	corroborate|suitcase|Puritan|Giuliano	286.20	0
10329,10339d6330
< 978-0-225-96608-4	manuscript	ChelseaJames	counterman|urgent|daffodil	289.46	0
< 978-0-315-98351-9	concertina	KellyBowen	urgent|daffodil	370.60	14
< 978-0-400-66291-6	utile	KellyBowen	oxygenate|urgent|daffodil|effusive	434.47	13
< 978-0-405-93580-0	amass		daffodil|effusive|Puritan|oxygenate	0.00	16
< 978-0-566-18251-8	bookmark	KennethSmith	daffodil	298.13	0
< 978-0-7715-6229-7	occupy	JohnnyLittle	suitcase|effusive|Magdalene|daffodil	0.00	6
< 978-0-7754-4166-6	burette	AmandaGonzalez	Puritan|daffodil|counterman|urgent|corroborate	198.44	7
< 978-0-89978-930-9	Acapulco	Mrs.LisaOsborne	daffodil|effusive|Giuliano|counterman|urgent	309.01	0
< 978-1-00-796906-4	sheepherder	JeffJames	daffodil|corroborate	231.28	0
< 978-1-08-021702-1	basketball	CharlesMeyer	daffodil|Magdalene|Puritan|counterman	438.48	0
< 978-1-933311-06-7		Mr.ThomasVazquez	Puritan|daffodil	222.81	0
10342d6332
< 
10344,10345d6333
< 
< 
10350d6337
< 978-1-308-48603-1	carpet	DerekReyes	Giuliano|effusive	192.84	0
10358d6344
< 
10361d6346
< 
10369,10383d6353
< 978-0-06-531456-4	angelfish	ChelseaJames	counterman|urgent|Puritan|corroborate	337.09	0
< 978-0-12-093877-3	ransom		urgent|Puritan	238.65	0
< 978-0-341-47335-0	pilfer	JacquelineCamacho	Puritan|corroborate|effusive	141.03	12
< 978-0-405-93580-0	amass		daffodil|effusive|Puritan|oxygenate	0.00	16
< 978-0-531-15556-1	Arnold	MaryEvans	Puritan|oxygenate|effusive|Giuliano	37.60	15
< 978-0-7084-6562-2	jealous	BrianCrawford	Giuliano|urgent|Puritan	0.00	0
< 978-0-7754-4166-6	burette	AmandaGonzalez	Puritan|daffodil|counterman|urgent|corroborate	198.44	7
< 978-1-08-021702-1	basketball	CharlesMeyer	daffodil|Magdalene|Puritan|counterman	438.48	0
< 978-1-241-37155-5	maltose	KennethSmith	urgent|Puritan|Giuliano	78.58	0
< 978-1-77462-286-5		BrianCrawford	oxygenate|urgent|suitcase|Puritan	0.00	32
< 978-1-78671-729-0	heroism	MaryEvans	corroborate|suitcase|Puritan|Giuliano	286.20	0
< 978-1-81825-413-7	infrequent	JeffJames	Puritan	451.53	0
< 978-1-933311-06-7		Mr.ThomasVazquez	Puritan|daffodil	222.81	0
< 
< 
10395,10401d6364
< 978-0-06-531456-4	angelfish	ChelseaJames	counterman|urgent|Puritan|corroborate	337.09	0
< 978-0-341-47335-0	pilfer	JacquelineCamacho	Puritan|corroborate|effusive	141.03	12
< 978-0-7754-4166-6	burette	AmandaGonzalez	Puritan|daffodil|counterman|urgent|corroborate	198.44	7
< 978-1-00-796906-4	sheepherder	JeffJames	daffodil|corroborate	231.28	0
< 978-1-03-088495-2	Yeats	JohnnyLittle	suitcase|corroborate	465.35	0
< 978-1-70943-147-0			corroborate|effusive|counterman	0.00	0
< 978-1-78671-729-0	heroism	MaryEvans	corroborate|suitcase|Puritan|Giuliano	286.20	0
10415,10449d6377
< 978-0-06-531456-4	angelfish	ChelseaJames	counterman|urgent|Puritan|corroborate	337.09	0
< 978-0-12-093877-3	ransom		urgent|Puritan	238.65	0
< 978-0-341-47335-0	pilfer	JacquelineCamacho	Puritan|corroborate|effusive	141.03	12
< 978-0-405-93580-0	amass		daffodil|effusive|Puritan|oxygenate	0.00	16
< 978-0-531-15556-1	Arnold	MaryEvans	Puritan|oxygenate|effusive|Giuliano	37.60	15
< 978-0-7084-6562-2	jealous	BrianCrawford	Giuliano|urgent|Puritan	0.00	0
< 978-0-7754-4166-6	burette	AmandaGonzalez	Puritan|daffodil|counterman|urgent|corroborate	198.44	7
< 978-1-08-021702-1	basketball	CharlesMeyer	daffodil|Magdalene|Puritan|counterman	438.48	0
< 978-1-241-37155-5	maltose	KennethSmith	urgent|Puritan|Giuliano	78.58	0
< 978-1-77462-286-5		BrianCrawford	oxygenate|urgent|suitcase|Puritan	0.00	32
< 978-1-78671-729-0	heroism	MaryEvans	corroborate|suitcase|Puritan|Giuliano	286.20	0
< 978-1-81825-413-7	infrequent	JeffJames	Puritan	451.53	0
< 978-1-933311-06-7		Mr.ThomasVazquez	Puritan|daffodil	222.81	0
< 978-0-06-531456-4	angelfish	ChelseaJames	counterman|urgent|Puritan|corroborate	337.09	0
< 978-0-12-093877-3	ransom		urgent|Puritan	238.65	0
< 978-0-341-47335-0	pilfer	JacquelineCamacho	Puritan|corroborate|effusive	141.03	12
< 978-0-405-93580-0	amass		daffodil|effusive|Puritan|oxygenate	0.00	16
< 978-0-531-15556-1	Arnold	MaryEvans	Puritan|oxygenate|effusive|Giuliano	37.60	15
< 978-0-7084-6562-2	jealous	BrianCrawford	Giuliano|urgent|Puritan	0.00	0
< 978-0-7754-4166-6	burette	AmandaGonzalez	Puritan|daffodil|counterman|urgent|corroborate	198.44	7
< 978-1-08-021702-1	basketball	CharlesMeyer	daffodil|Magdalene|Puritan|counterman	438.48	0
< 978-1-241-37155-5	maltose	KennethSmith	urgent|Puritan|Giuliano	78.58	0
< 978-1-77462-286-5		BrianCrawford	oxygenate|urgent|suitcase|Puritan	0.00	32
< 978-1-78671-729-0	heroism	MaryEvans	corroborate|suitcase|Puritan|Giuliano	286.20	0
< 978-1-81825-413-7	infrequent	JeffJames	Puritan	451.53	0
< 978-1-933311-06-7		Mr.ThomasVazquez	Puritan|daffodil	222.81	0
< 
< 
< 
< 978-0-400-66291-6	utile	KellyBowen	oxygenate|urgent|daffodil|effusive	434.47	13
< 978-0-405-93580-0	amass		daffodil|effusive|Puritan|oxygenate	0.00	16
< 978-0-531-15556-1	Arnold	MaryEvans	Puritan|oxygenate|effusive|Giuliano	37.60	15
< 978-0-920159-35-4	storytelling	PennyWilliams	oxygenate	161.92	0
< 978-1-396-75284-1	Sagittarius	EmilyGriffith	Giuliano|oxygenate|suitcase|Magdalene	291.15	0
< 978-1-77462-286-5		BrianCrawford	oxygenate|urgent|suitcase|Puritan	0.00	32
10462,10463d6389
< 978-1-230-11209-1		BrianOwens		282.26	0
< 
10465,10471d6390
< 978-0-06-531456-4	angelfish	ChelseaJames	counterman|urgent|Puritan|corroborate	337.09	0
< 978-0-341-47335-0	pilfer	JacquelineCamacho	Puritan|corroborate|effusive	141.03	12
< 978-0-7754-4166-6	burette	AmandaGonzalez	Puritan|daffodil|counterman|urgent|corroborate	198.44	7
< 978-1-00-796906-4	sheepherder	JeffJames	daffodil|corroborate	231.28	0
< 978-1-03-088495-2	Yeats	JohnnyLittle	suitcase|corroborate	465.35	0
< 978-1-70943-147-0			corroborate|effusive|counterman	0.00	0
< 978-1-78671-729-0	heroism	MaryEvans	corroborate|suitcase|Puritan|Giuliano	286.20	0
10476,10487d6394
< 978-0-16-880017-9	obsequious	AshleyStanley	effusive	60.49	0
< 978-0-324-36026-4	scurry	KimberlyWilliams	effusive|urgent	390.33	0
< 978-0-341-47335-0	pilfer	JacquelineCamacho	Puritan|corroborate|effusive	141.03	12
< 978-0-400-66291-6	utile	KellyBowen	oxygenate|urgent|daffodil|effusive	434.47	13
< 978-0-405-93580-0	amass		daffodil|effusive|Puritan|oxygenate	0.00	16
< 978-0-531-15556-1	Arnold	MaryEvans	Puritan|oxygenate|effusive|Giuliano	37.60	15
< 978-0-7715-6229-7	occupy	JohnnyLittle	suitcase|effusive|Magdalene|daffodil	0.00	6
< 978-0-88476-538-7			suitcase|effusive|counterman	449.80	0
< 978-0-89978-930-9	Acapulco	Mrs.LisaOsborne	daffodil|effusive|Giuliano|counterman|urgent	309.01	0
< 978-1-225-04033-0		Mr.ThomasVazquez	Giuliano|effusive	317.45	0
< 978-1-308-48603-1	carpet	DerekReyes	Giuliano|effusive	192.84	0
< 978-1-70943-147-0			corroborate|effusive|counterman	0.00	0
10490d6396
< 
10498d6403
< 978-0-7754-4166-6	burette	AmandaGonzalez	Puritan|daffodil|counterman|urgent|corroborate	198.44	7
10503d6407
< 
10506,10513d6409
< 
< 978-0-06-531456-4	angelfish	ChelseaJames	counterman|urgent|Puritan|corroborate	337.09	0
< 978-0-341-47335-0	pilfer	JacquelineCamacho	Puritan|corroborate|effusive	141.03	12
< 978-0-7754-4166-6	burette	AmandaGonzalez	Puritan|daffodil|counterman|urgent|corroborate	198.44	7
< 978-1-00-796906-4	sheepherder	JeffJames	daffodil|corroborate	231.28	0
< 978-1-03-088495-2	Yeats	JohnnyLittle	suitcase|corroborate	465.35	0
< 978-1-70943-147-0			corroborate|effusive|counterman	0.00	0
< 978-1-78671-729-0	heroism	MaryEvans	corroborate|suitcase|Puritan|Giuliano	286.20	0
10515d6410
< 
10519d6413
< 
10521d6414
< 
10528,10529d6420
< 
< 
10531,10541d6421
< 978-0-561-95494-3	conveyance	CharlesMeyer	suitcase	0.00	0
< 978-0-7715-6229-7	occupy	JohnnyLittle	suitcase|effusive|Magdalene|daffodil	0.00	6
< 978-0-88476-538-7			suitcase|effusive|counterman	449.80	0
< 978-1-03-088495-2	Yeats	JohnnyLittle	suitcase|corroborate	465.35	0
< 978-1-314-91272-2	dragnet	CharlesMeyer	suitcase|urgent	285.12	7
< 978-1-396-75284-1	Sagittarius	EmilyGriffith	Giuliano|oxygenate|suitcase|Magdalene	291.15	0
< 978-1-56502-324-6	minuteman	BrookeWilson	suitcase	0.00	0
< 978-1-77462-286-5		BrianCrawford	oxygenate|urgent|suitcase|Puritan	0.00	32
< 978-1-78671-729-0	heroism	MaryEvans	corroborate|suitcase|Puritan|Giuliano	286.20	0
< 
< 
10547d6426
< 
10549d6427
< 
10558d6435
< 978-1-230-11209-1		BrianOwens		282.26	0
10561d6437
< 
10567,10573d6442
< 
< 978-0-400-66291-6	utile	KellyBowen	oxygenate|urgent|daffodil|effusive	434.47	13
< 978-0-405-93580-0	amass		daffodil|effusive|Puritan|oxygenate	0.00	16
< 978-0-531-15556-1	Arnold	MaryEvans	Puritan|oxygenate|effusive|Giuliano	37.60	15
< 978-0-920159-35-4	storytelling	PennyWilliams	oxygenate	161.92	0
< 978-1-396-75284-1	Sagittarius	EmilyGriffith	Giuliano|oxygenate|suitcase|Magdalene	291.15	0
< 978-1-77462-286-5		BrianCrawford	oxygenate|urgent|suitcase|Puritan	0.00	32
10576,10585d6444
< 978-0-531-15556-1	Arnold	MaryEvans	Puritan|oxygenate|effusive|Giuliano	37.60	15
< 978-0-615-83956-1			Giuliano|Magdalene	349.25	0
< 978-0-7084-6562-2	jealous	BrianCrawford	Giuliano|urgent|Puritan	0.00	0
< 978-0-89978-930-9	Acapulco	Mrs.LisaOsborne	daffodil|effusive|Giuliano|counterman|urgent	309.01	0
< 978-1-225-04033-0		Mr.ThomasVazquez	Giuliano|effusive	317.45	0
< 978-1-241-37155-5	maltose	KennethSmith	urgent|Puritan|Giuliano	78.58	0
< 978-1-308-48603-1	carpet	DerekReyes	Giuliano|effusive	192.84	0
< 978-1-337-93443-5			counterman|Giuliano	41.57	2
< 978-1-396-75284-1	Sagittarius	EmilyGriffith	Giuliano|oxygenate|suitcase|Magdalene	291.15	0
< 978-1-78671-729-0	heroism	MaryEvans	corroborate|suitcase|Puritan|Giuliano	286.20	0
10588d6446
< 
10596,10601d6453
< 978-0-400-66291-6	utile	KellyBowen	oxygenate|urgent|daffodil|effusive	434.47	13
< 978-0-405-93580-0	amass		daffodil|effusive|Puritan|oxygenate	0.00	16
< 978-0-531-15556-1	Arnold	MaryEvans	Puritan|oxygenate|effusive|Giuliano	37.60	15
< 978-0-920159-35-4	storytelling	PennyWilliams	oxygenate	161.92	0
< 978-1-396-75284-1	Sagittarius	EmilyGriffith	Giuliano|oxygenate|suitcase|Magdalene	291.15	0
< 978-1-77462-286-5		BrianCrawford	oxygenate|urgent|suitcase|Puritan	0.00	32
10605,10611d6456
< 
< 978-0-400-66291-6	utile	KellyBowen	oxygenate|urgent|daffodil|effusive	434.47	13
< 978-0-405-93580-0	amass		daffodil|effusive|Puritan|oxygenate	0.00	16
< 978-0-531-15556-1	Arnold	MaryEvans	Puritan|oxygenate|effusive|Giuliano	37.60	15
< 978-0-920159-35-4	storytelling	PennyWilliams	oxygenate	161.92	0
< 978-1-396-75284-1	Sagittarius	EmilyGriffith	Giuliano|oxygenate|suitcase|Magdalene	291.15	0
< 978-1-77462-286-5		BrianCrawford	oxygenate|urgent|suitcase|Puritan	0.00	32
10618,10619d6462
< 978-1-308-48603-1	carpet	DerekReyes	Giuliano|effusive	192.84	0
< 
10622d6464
< 
10631d6472
< 
10640,10645d6480
< 978-0-615-83956-1			Giuliano|Magdalene	349.25	0
< 978-0-669-45265-5	exclamatory		Magdalene	298.39	0
< 978-0-7715-6229-7	occupy	JohnnyLittle	suitcase|effusive|Magdalene|daffodil	0.00	6
< 978-0-915703-25-8	stricken	MeganLee	Magdalene	69.47	0
< 978-1-08-021702-1	basketball	CharlesMeyer	daffodil|Magdalene|Puritan|counterman	438.48	0
< 978-1-396-75284-1	Sagittarius	EmilyGriffith	Giuliano|oxygenate|suitcase|Magdalene	291.15	0
10671,10673d6505
< 978-0-341-47335-0	pilfer	JacquelineCamacho	Puritan|corroborate|effusive	141.03	12
< 978-0-7558-3718-2	authenticate	JacquelineCamacho	counterman	391.95	0
< 
10722,10724d6553
< 978-0-7715-6229-7	occupy	JohnnyLittle	suitcase|effusive|Magdalene|daffodil	0.00	6
< 978-1-03-088495-2	Yeats	JohnnyLittle	suitcase|corroborate	465.35	0
< 978-1-86497-466-9	conjure	JohnnyLittle		220.90	0
10730,10731d6558
< 978-0-16-880017-9	obsequious	AshleyStanley	effusive	60.49	0
< 
10734d6560
< 978-0-7754-4166-6	burette	AmandaGonzalez	Puritan|daffodil|counterman|urgent|corroborate	198.44	7
10742,10744d6567
< 978-0-7715-6229-7	occupy	JohnnyLittle	suitcase|effusive|Magdalene|daffodil	0.00	6
< 978-1-03-088495-2	Yeats	JohnnyLittle	suitcase|corroborate	465.35	0
< 978-1-86497-466-9	conjure	JohnnyLittle		220.90	0
10753d6575
< 
10755,10772d6576
< 978-1-396-75284-1	Sagittarius	EmilyGriffith	Giuliano|oxygenate|suitcase|Magdalene	291.15	0
< 
< 978-0-561-95494-3	conveyance	CharlesMeyer	suitcase	0.00	0
< 978-1-08-021702-1	basketball	CharlesMeyer	daffodil|Magdalene|Puritan|counterman	438.48	0
< 978-1-314-91272-2	dragnet	CharlesMeyer	suitcase|urgent	285.12	7
< 
< 978-0-16-880017-9	obsequious	AshleyStanley	effusive	60.49	0
< 978-0-324-36026-4	scurry	KimberlyWilliams	effusive|urgent	390.33	0
< 978-0-341-47335-0	pilfer	JacquelineCamacho	Puritan|corroborate|effusive	141.03	12
< 978-0-400-66291-6	utile	KellyBowen	oxygenate|urgent|daffodil|effusive	434.47	13
< 978-0-405-93580-0	amass		daffodil|effusive|Puritan|oxygenate	0.00	16
< 978-0-531-15556-1	Arnold	MaryEvans	Puritan|oxygenate|effusive|Giuliano	37.60	15
< 978-0-7715-6229-7	occupy	JohnnyLittle	suitcase|effusive|Magdalene|daffodil	0.00	6
< 978-0-88476-538-7			suitcase|effusive|counterman	449.80	0
< 978-0-89978-930-9	Acapulco	Mrs.LisaOsborne	daffodil|effusive|Giuliano|counterman|urgent	309.01	0
< 978-1-225-04033-0		Mr.ThomasVazquez	Giuliano|effusive	317.45	0
< 978-1-308-48603-1	carpet	DerekReyes	Giuliano|effusive	192.84	0
< 978-1-70943-147-0			corroborate|effusive|counterman	0.00	0
10776,10784d6579
< 978-0-561-95494-3	conveyance	CharlesMeyer	suitcase	0.00	0
< 978-0-7715-6229-7	occupy	JohnnyLittle	suitcase|effusive|Magdalene|daffodil	0.00	6
< 978-0-88476-538-7			suitcase|effusive|counterman	449.80	0
< 978-1-03-088495-2	Yeats	JohnnyLittle	suitcase|corroborate	465.35	0
< 978-1-314-91272-2	dragnet	CharlesMeyer	suitcase|urgent	285.12	7
< 978-1-396-75284-1	Sagittarius	EmilyGriffith	Giuliano|oxygenate|suitcase|Magdalene	291.15	0
< 978-1-56502-324-6	minuteman	BrookeWilson	suitcase	0.00	0
< 978-1-77462-286-5		BrianCrawford	oxygenate|urgent|suitcase|Puritan	0.00	32
< 978-1-78671-729-0	heroism	MaryEvans	corroborate|suitcase|Puritan|Giuliano	286.20	0
10796,10808d6590
< 978-0-06-531456-4	angelfish	ChelseaJames	counterman|urgent|Puritan|corroborate	337.09	0
< 978-0-12-093877-3	ransom		urgent|Puritan	238.65	0
< 978-0-225-96608-4	manuscript	ChelseaJames	counterman|urgent|daffodil	289.46	0
< 978-0-315-98351-9	concertina	KellyBowen	urgent|daffodil	370.60	14
< 978-0-324-36026-4	scurry	KimberlyWilliams	effusive|urgent	390.33	0
< 978-0-400-66291-6	utile	KellyBowen	oxygenate|urgent|daffodil|effusive	434.47	13
< 978-0-7084-6562-2	jealous	BrianCrawford	Giuliano|urgent|Puritan	0.00	0
< 978-0-7754-4166-6	burette	AmandaGonzalez	Puritan|daffodil|counterman|urgent|corroborate	198.44	7
< 978-0-89978-930-9	Acapulco	Mrs.LisaOsborne	daffodil|effusive|Giuliano|counterman|urgent	309.01	0
< 978-1-241-37155-5	maltose	KennethSmith	urgent|Puritan|Giuliano	78.58	0
< 978-1-314-91272-2	dragnet	CharlesMeyer	suitcase|urgent	285.12	7
< 978-1-77462-286-5		BrianCrawford	oxygenate|urgent|suitcase|Puritan	0.00	32
< 
10813d6594
< 
10824d6604
< 
10835d6614
< 
10843d6621
< 
10845,10846d6622
< 
< 
10850d6625
< 
10853,10854d6627
< 
< 
10872d6644
< 
10876d6647
< 
10887d6657
< 
10895,10897d6664
< 978-0-255-84374-4		JeffJames		0.00	33
< 978-1-00-796906-4	sheepherder	JeffJames	daffodil|corroborate	231.28	0
< 978-1-81825-413-7	infrequent	JeffJames	Puritan	451.53	0
10903,10915d6669
< 978-0-06-531456-4	angelfish	ChelseaJames	counterman|urgent|Puritan|corroborate	337.09	0
< 978-0-12-093877-3	ransom		urgent|Puritan	238.65	0
< 978-0-341-47335-0	pilfer	JacquelineCamacho	Puritan|corroborate|effusive	141.03	12
< 978-0-405-93580-0	amass		daffodil|effusive|Puritan|oxygenate	0.00	16
< 978-0-531-15556-1	Arnold	MaryEvans	Puritan|oxygenate|effusive|Giuliano	37.60	15
< 978-0-7084-6562-2	jealous	BrianCrawford	Giuliano|urgent|Puritan	0.00	0
< 978-0-7754-4166-6	burette	AmandaGonzalez	Puritan|daffodil|counterman|urgent|corroborate	198.44	7
< 978-1-08-021702-1	basketball	CharlesMeyer	daffodil|Magdalene|Puritan|counterman	438.48	0
< 978-1-241-37155-5	maltose	KennethSmith	urgent|Puritan|Giuliano	78.58	0
< 978-1-77462-286-5		BrianCrawford	oxygenate|urgent|suitcase|Puritan	0.00	32
< 978-1-78671-729-0	heroism	MaryEvans	corroborate|suitcase|Puritan|Giuliano	286.20	0
< 978-1-81825-413-7	infrequent	JeffJames	Puritan	451.53	0
< 978-1-933311-06-7		Mr.ThomasVazquez	Puritan|daffodil	222.81	0
10926,10937d6679
< 978-0-06-531456-4	angelfish	ChelseaJames	counterman|urgent|Puritan|corroborate	337.09	0
< 978-0-12-093877-3	ransom		urgent|Puritan	238.65	0
< 978-0-225-96608-4	manuscript	ChelseaJames	counterman|urgent|daffodil	289.46	0
< 978-0-315-98351-9	concertina	KellyBowen	urgent|daffodil	370.60	14
< 978-0-324-36026-4	scurry	KimberlyWilliams	effusive|urgent	390.33	0
< 978-0-400-66291-6	utile	KellyBowen	oxygenate|urgent|daffodil|effusive	434.47	13
< 978-0-7084-6562-2	jealous	BrianCrawford	Giuliano|urgent|Puritan	0.00	0
< 978-0-7754-4166-6	burette	AmandaGonzalez	Puritan|daffodil|counterman|urgent|corroborate	198.44	7
< 978-0-89978-930-9	Acapulco	Mrs.LisaOsborne	daffodil|effusive|Giuliano|counterman|urgent	309.01	0
< 978-1-241-37155-5	maltose	KennethSmith	urgent|Puritan|Giuliano	78.58	0
< 978-1-314-91272-2	dragnet	CharlesMeyer	suitcase|urgent	285.12	7
< 978-1-77462-286-5		BrianCrawford	oxygenate|urgent|suitcase|Puritan	0.00	32
10939d6680
< 
10944,10945d6684
< 
< 
10947c6686,11310
< 
---
> Invalid
> Invalid
> Invalid
> Invalid
> Invalid
> Invalid
> Invalid
> Invalid
> Invalid
> Invalid
> Invalid
> Invalid
> Invalid
> Invalid
> Invalid
> Invalid
> Invalid
> Invalid
> Invalid
> Invalid
> Invalid
> Invalid
> Invalid
> Invalid
> Invalid
> Invalid
> Invalid
> Invalid
> Invalid
> Invalid
> Invalid
> Invalid
> Invalid
> Invalid
> Invalid
> Invalid
> Invalid
> Invalid
> Invalid
> Invalid
> Invalid
> Invalid
> Invalid
> Invalid
> Invalid
> Invalid
> Invalid
> Invalid
> Invalid
> Invalid
> Invalid
> Invalid
> Invalid
> Invalid
> Invalid
> Invalid
> Invalid
> Invalid
> Invalid
> Invalid
> Invalid
> Invalid
> Invalid
> Invalid
> Invalid
> Invalid
> Invalid
> Invalid
> Invalid
> Invalid
> Invalid
> Invalid
> Invalid
> Invalid
> Invalid
> Invalid
> Invalid
> Invalid
> Invalid
> Invalid
> Invalid
> Invalid
> Invalid
> Invalid
> Invalid
> Invalid
> Invalid
> Invalid
> Invalid
> Invalid
> Invalid
> Invalid
> Invalid
> Invalid
> Invalid
> Invalid
> Invalid
> Invalid
> Invalid
> Invalid
> Invalid
> Invalid
> Invalid
> Invalid
> Invalid
> Invalid
> Invalid
> Invalid
> Invalid
> Invalid
> Invalid
> Invalid
> Invalid
> Invalid
> Invalid
> Invalid
> Invalid
> Invalid
> Invalid
> Invalid
> Invalid
> Invalid
> Invalid
> Invalid
> Invalid
> Invalid
> Invalid
> Invalid
> Invalid
> Invalid
> Invalid
> Invalid
> Invalid
> Invalid
> Invalid
> Invalid
> Invalid
> Invalid
> Invalid
> Invalid
> Invalid
> Invalid
> Invalid
> Invalid
> Invalid
> Invalid
> Invalid
> Invalid
> Invalid
> Invalid
> Invalid
> Invalid
> Invalid
> Invalid
> Invalid
> Invalid
> Invalid
> Invalid
> Invalid
> Invalid
> Invalid
> Invalid
> Invalid
> Invalid
> Invalid
> Invalid
> Invalid
> Invalid
> Invalid
> Invalid
> Invalid
> Invalid
> Invalid
> Invalid
> Invalid
> Invalid
> Invalid
> Invalid
> Invalid
> Invalid
> Invalid
> Invalid
> Invalid
> Invalid
> Invalid
> Invalid
> Invalid
> Invalid
> Invalid
> Invalid
> Invalid
> Invalid
> Invalid
> Invalid
> Invalid
> Invalid
> Invalid
> Invalid
> Invalid
> Invalid
> Invalid
> Invalid
> Invalid
> Invalid
> Invalid
> Invalid
> Invalid
> Invalid
> Invalid
> Invalid
> Invalid
> Invalid
> Invalid
> Invalid
> Invalid
> Invalid
> Invalid
> Invalid
> Invalid
> Invalid
> Invalid
> Invalid
> Invalid
> Invalid
> Invalid
> Invalid
> Invalid
> Invalid
> Invalid
> Invalid
> Invalid
> Invalid
> Invalid
> Invalid
> Invalid
> Invalid
> Invalid
> Invalid
> Invalid
> Invalid
> Invalid
> Invalid
> Invalid
> Invalid
> Invalid
> Invalid
> Invalid
> Invalid
> Invalid
> Invalid
> Invalid
> Invalid
> Invalid
> Invalid
> Invalid
> Invalid
> Invalid
> Invalid
> Invalid
> Invalid
> Invalid
> Invalid
> Invalid
> Invalid
> Invalid
> Invalid
> Invalid
> Invalid
> Invalid
> Invalid
> Invalid
> Invalid
> Invalid
> Invalid
> Invalid
> Invalid
> Invalid
> Invalid
> Invalid
> Invalid
> Invalid
> Invalid
> Invalid
> Invalid
> Invalid
> Invalid
> Invalid
> Invalid
> Invalid
> Invalid
> Invalid
> Invalid
> Invalid
> Invalid
> Invalid
> Invalid
> Invalid
> Invalid
> Invalid
> Invalid
> Invalid
> Invalid
> Invalid
> Invalid
> Invalid
> Invalid
> Invalid
> Invalid
> Invalid
> Invalid
> Invalid
> Invalid
> Invalid
> Invalid
> Invalid
> Invalid
> Invalid
> Invalid
> Invalid
> Invalid
> Invalid
> Invalid
> Invalid
> Invalid
> Invalid
> Invalid
> Invalid
> Invalid
> Invalid
> Invalid
> Invalid
> Invalid
> Invalid
> Invalid
> Invalid
> Invalid
> Invalid
> Invalid
> Invalid
> Invalid
> Invalid
> Invalid
> Invalid
> Invalid
> Invalid
> Invalid
> Invalid
> Invalid
> Invalid
> Invalid
> Invalid
> Invalid
> Invalid
> Invalid
> Invalid
> Invalid
> Invalid
> Invalid
> Invalid
> Invalid
> Invalid
> Invalid
> Invalid
> Invalid
> Invalid
> Invalid
> Invalid
> Invalid
> Invalid
> Invalid
> Invalid
> Invalid
> Invalid
> Invalid
> Invalid
> Invalid
> Invalid
> Invalid
> Invalid
> Invalid
> Invalid
> Invalid
> Invalid
> Invalid
> Invalid
> Invalid
> Invalid
> Invalid
> Invalid
> Invalid
> Invalid
> Invalid
> Invalid
> Invalid
> Invalid
> Invalid
> Invalid
> Invalid
> Invalid
> Invalid
> Invalid
> Invalid
> Invalid
> Invalid
> Invalid
> Invalid
> Invalid
> Invalid
> Invalid
> Invalid
> Invalid
> Invalid
> Invalid
> Invalid
> Invalid
> Invalid
> Invalid
> Invalid
> Invalid
> Invalid
> Invalid
> Invalid
> Invalid
> Invalid
> Invalid
> Invalid
> Invalid
> Invalid
> Invalid
> Invalid
> Invalid
> Invalid
> Invalid
> Invalid
> Invalid
> Invalid
> Invalid
> Invalid
> Invalid
> Invalid
> Invalid
> Invalid
> Invalid
> Invalid
> Invalid
> Invalid
> Invalid
> Invalid
> Invalid
> Invalid
> Invalid
> Invalid
> Invalid
> Invalid
> Invalid
> Invalid
> Invalid
> Invalid
> Invalid
> Invalid
> Invalid
> Invalid
> Invalid
> Invalid
> Invalid
> Invalid
> Invalid
> Invalid
> Invalid
> Invalid
> Invalid
> Invalid
> Invalid
> Invalid
> Invalid
> Invalid
> Invalid
> Invalid
> Invalid
> Invalid
> Invalid
> Invalid
> Invalid
> Invalid
> Invalid
> Invalid
> Invalid
> Invalid
> Invalid
> Invalid
> Invalid
> Invalid
> Invalid
> Invalid
> Invalid
> Invalid
> Invalid
> Invalid
> Invalid
> Invalid
> Invalid
> Invalid
> Invalid
> Invalid
> Invalid
> Invalid
> Invalid
> Invalid
> Invalid
> Invalid
> Invalid
> Invalid
> Invalid
> Invalid
> Invalid
> Invalid
> Invalid
> Invalid
> Invalid
> Invalid
> Invalid
> Invalid
> Invalid
> Invalid
> Invalid
> Invalid
> Invalid
> Invalid
> Invalid
> Invalid
> Invalid
> Invalid
> Invalid
> Invalid
> Invalid
> Invalid
> Invalid
> Invalid
> Invalid
> Invalid
> Invalid
> Invalid
> Invalid
> Invalid
> Invalid
> Invalid
> Invalid
> Invalid
> Invalid
> Invalid
> Invalid
> Invalid
> Invalid
> Invalid
> Invalid
> Invalid
> Invalid
> Invalid
> Invalid
> Invalid
> Invalid
> Invalid
> Invalid
> Invalid
> Invalid
> Invalid
> Invalid
> Invalid
> Invalid
> Invalid
> Invalid
> Invalid
> Invalid
> Invalid
> Invalid
> Invalid
> Invalid
> Invalid
> Invalid
> Invalid
> Invalid
> Invalid
> Invalid
> Invalid
> Invalid
> Invalid
> Invalid
> Invalid
> Invalid
> Invalid
> Invalid
> Invalid
> Invalid
> Invalid
> Invalid
> Invalid
> Invalid
> Invalid
> Invalid
> Invalid
> Invalid
> Invalid
> Invalid
> Invalid
> Invalid
> Invalid
> Invalid
> Invalid
> Invalid
> Invalid
> Invalid
> Invalid
> Invalid
> Invalid
> Invalid
> Invalid
> Invalid
> Invalid
> Invalid
> Invalid
> Invalid
> Invalid
> Invalid
> Invalid
> Invalid
> Invalid
> Invalid
> Invalid
> Invalid
> Invalid
> Invalid
> Invalid
> Invalid
> Invalid
> Invalid
> Invalid
> Invalid
> Invalid
> Invalid
> Invalid
> Invalid
> Invalid
> Invalid
> Invalid
> Invalid
> Invalid
> Invalid
> Invalid
> Invalid
> Invalid
> Invalid
> Invalid
> Invalid
> Invalid
> Invalid
> Invalid
> Invalid
> Invalid
> Invalid
> Invalid
> Invalid
> Invalid
> Invalid
> Invalid
> Invalid
> Invalid
> Invalid
> Invalid
> Invalid
> Invalid
> Invalid
> Invalid
> Invalid
> Invalid
> Invalid
> Invalid
> Invalid
> Invalid
> Invalid
> Invalid
> Invalid
> Invalid
> Invalid
> Invalid
> Invalid
> Invalid
> Invalid
> Invalid
> Invalid
> Invalid
> Invalid
> Invalid
> Invalid
> Invalid
> Invalid
> Invalid
> Invalid
> Invalid
> Invalid
> Invalid
> Invalid
> Invalid
> Invalid
> Invalid
> Invalid
> Invalid
> Invalid
> Invalid
> Invalid
> Invalid
> Invalid
> Invalid
> Invalid
> Invalid
> Invalid
> Invalid
> Invalid
> Invalid
> Invalid
> Invalid
> Invalid
> Invalid
> Invalid
> Invalid
> Invalid
> Invalid
> Invalid
> Invalid
> Invalid
> Invalid
> Invalid
> Invalid
> Invalid
> Invalid
> Invalid
> Invalid
> Invalid
> Invalid
> Invalid
> Invalid
> Invalid
> Invalid
> Invalid
> Invalid
> Invalid
> Invalid
> Invalid
> Invalid
> Invalid
> Invalid
> Invalid
> Invalid
> Invalid
> Invalid
> Invalid
> Invalid
> Invalid
> Invalid
> Invalid
> Invalid
> Invalid
> Invalid
> Invalid
> Invalid
> Invalid
> Invalid
> Invalid
> Invalid
> Invalid
> Invalid
> Invalid
> Invalid
> Invalid
> Invalid
> Invalid
> Invalid
> Invalid
> Invalid
> Invalid
> Invalid
> Invalid
> Invalid
> Invalid
> Invalid
> Invalid
> Invalid
> Invalid
> Invalid
> Invalid
> Invalid
> Invalid
> Invalid
> Invalid
> Invalid
> Invalid
> Invalid
> Invalid
> Invalid
> Invalid
> Invalid
> Invalid
> Invalid
> Invalid
> Invalid
> Invalid
> Invalid
> Invalid
> Invalid
> Invalid
> Invalid
> Invalid
> Invalid
> Invalid
> Invalid
> Invalid
> Invalid
> Invalid
> Invalid
> Invalid
> Invalid
> Invalid
> Invalid
> Invalid
> Invalid
> Invalid
> Invalid
> Invalid
> Invalid
> Invalid
> Invalid
> Invalid
> Invalid
> Invalid
> Invalid
> Invalid
> Invalid
> Invalid
> Invalid
> Invalid
> Invalid
> Invalid
> Invalid
> Invalid
> Invalid
> Invalid
> Invalid
> Invalid
> Invalid
> Invalid
> Invalid
> Invalid
> Invalid
> Invalid
> Invalid
> Invalid
> Invalid
> Invalid
> Invalid
> Invalid
> Invalid
> Invalid
> Invalid
> Invalid
> Invalid
> Invalid
> Invalid
> Invalid
> Invalid
> Invalid
> Invalid
> Invalid
> Invalid
> Invalid
> Invalid
> Invalid
> Invalid
> Invalid
> Invalid
> Invalid
> Invalid
> Invalid
> Invalid
> Invalid
> Invalid
> Invalid
> Invalid
> Invalid
> Invalid
> Invalid
> Invalid
> Invalid
> Invalid
> Invalid
> Invalid
> Invalid
> Invalid
> Invalid
> Invalid
> Invalid
> Invalid
> Invalid
> Invalid
> Invalid
> Invalid
> Invalid
> Invalid
> Invalid
> Invalid
> Invalid
> Invalid
> Invalid
> Invalid
> Invalid
> Invalid
> Invalid
> Invalid
> Invalid
> Invalid
> Invalid
> Invalid
> Invalid
> Invalid
> Invalid
> Invalid
> Invalid
> Invalid
> Invalid
> Invalid
> Invalid
> Invalid
> Invalid
> Invalid
> Invalid
> Invalid
> Invalid
> Invalid
> Invalid
> Invalid
> Invalid
> Invalid
> Invalid
> Invalid
> Invalid
> Invalid
> Invalid
> Invalid
> Invalid
> Invalid
> Invalid
> Invalid
> Invalid
> Invalid
> Invalid
> Invalid
> Invalid
> Invalid
> Invalid
> Invalid
> Invalid
> Invalid
> Invalid
> Invalid
> Invalid
> Invalid
> Invalid
> Invalid
> Invalid
> Invalid
> Invalid
> Invalid
> Invalid
> Invalid
> Invalid
> Invalid
> Invalid
> Invalid
> Invalid
> Invalid
> Invalid
> Invalid
> Invalid
> Invalid
> Invalid
> Invalid
> Invalid
> Invalid
> Invalid
> Invalid
> Invalid
> Invalid
> Invalid
> Invalid
> Invalid
> Invalid
> Invalid
> Invalid
> Invalid
> Invalid
> Invalid
> Invalid
> Invalid
> Invalid
> Invalid
> Invalid
> Invalid
> Invalid
> Invalid
> Invalid
> Invalid
> Invalid
> Invalid
> Invalid
> Invalid
> Invalid
> Invalid
> Invalid
> Invalid
> Invalid
> Invalid
> Invalid
> Invalid
> Invalid
> Invalid
> Invalid
> Invalid
> Invalid
> Invalid
> Invalid
> Invalid
> Invalid
> Invalid
> Invalid
> Invalid
> Invalid
> Invalid
> Invalid
> Invalid
> Invalid
> Invalid
> Invalid
> Invalid
> Invalid
> Invalid
> Invalid
> Invalid
> Invalid
> Invalid
> Invalid
> Invalid
> Invalid
> Invalid
> Invalid
> Invalid
> Invalid
> Invalid
> Invalid
> Invalid
> Invalid
> Invalid
> Invalid
> Invalid
> Invalid
> Invalid
> Invalid
> Invalid
> Invalid
> Invalid
> Invalid
> Invalid
> Invalid
> Invalid
> Invalid
> Invalid
> Invalid
> Invalid
> Invalid
> Invalid
> Invalid
> Invalid
> Invalid
> Invalid
> Invalid
> Invalid
> Invalid
> Invalid
> Invalid
> Invalid
> Invalid
> Invalid
> Invalid
> Invalid
> Invalid
> Invalid
> Invalid
> Invalid
> Invalid
> Invalid
> Invalid
> Invalid
> Invalid
> Invalid
> Invalid
> Invalid
> Invalid
> Invalid
> Invalid
> Invalid
> Invalid
> Invalid
> Invalid
> Invalid
> Invalid
> Invalid
> Invalid
> Invalid
> Invalid
> Invalid
> Invalid
> Invalid
> Invalid
> Invalid
> Invalid
> Invalid
> Invalid
> Invalid
> Invalid
> Invalid
> Invalid
> Invalid
> Invalid
> Invalid
> Invalid
> Invalid
> Invalid
> Invalid
> Invalid
> Invalid
> Invalid
> Invalid
> Invalid
> Invalid
> Invalid
> Invalid
> Invalid
> Invalid
> Invalid
> Invalid
> Invalid
> Invalid
> Invalid
> Invalid
> Invalid
> Invalid
> Invalid
> Invalid
> Invalid
> Invalid
> Invalid
> Invalid
> Invalid
> Invalid
> Invalid
> Invalid
> Invalid
> Invalid
> Invalid
> Invalid
> Invalid
> Invalid
> Invalid
> Invalid
> Invalid
> Invalid
> Invalid
> Invalid
> Invalid
> Invalid
> Invalid
> Invalid
> Invalid
> Invalid
> Invalid
> Invalid
> Invalid
> Invalid
> Invalid
> Invalid
> Invalid
> Invalid
> Invalid
> Invalid
> Invalid
> Invalid
> Invalid
> Invalid
> Invalid
> Invalid
> Invalid
> Invalid
> Invalid
> Invalid
> Invalid
> Invalid
> Invalid
> Invalid
> Invalid
> Invalid
> Invalid
> Invalid
> Invalid
> Invalid
> Invalid
> Invalid
> Invalid
> Invalid
> Invalid
> Invalid
> Invalid
> Invalid
> Invalid
> Invalid
> Invalid
> Invalid
> Invalid
> Invalid
> Invalid
> Invalid
> Invalid
> Invalid
> Invalid
> Invalid
> Invalid
> Invalid
> Invalid
> Invalid
> Invalid
> Invalid
> Invalid
> Invalid
> Invalid
> Invalid
> Invalid
> Invalid
> Invalid
> Invalid
> Invalid
> Invalid
> Invalid
> Invalid
> Invalid
> Invalid
> Invalid
> Invalid
> Invalid
> Invalid
> Invalid
> Invalid
> Invalid
> Invalid
> Invalid
> Invalid
> Invalid
> Invalid
> Invalid
> Invalid
> Invalid
> Invalid
> Invalid
> Invalid
> Invalid
> Invalid
> Invalid
> Invalid
> Invalid
> Invalid
> Invalid
> Invalid
> Invalid
> Invalid
> Invalid
> Invalid
> Invalid
> Invalid
> Invalid
> Invalid
> Invalid
> Invalid
> Invalid
> Invalid
> Invalid
> Invalid
> Invalid
> Invalid
> Invalid
> Invalid
> Invalid
> Invalid
> Invalid
> Invalid
> Invalid
> Invalid
> Invalid
> Invalid
> Invalid
> Invalid
> Invalid
> Invalid
> Invalid
> Invalid
> Invalid
> Invalid
> Invalid
> Invalid
> Invalid
> Invalid
> Invalid
> Invalid
> Invalid
> Invalid
> Invalid
> Invalid
> Invalid
> Invalid
> Invalid
> Invalid
> Invalid
> Invalid
> Invalid
> Invalid
> Invalid
> Invalid
> Invalid
> Invalid
> Invalid
> Invalid
> Invalid
> Invalid
> Invalid
> Invalid
> Invalid
> Invalid
> Invalid
> Invalid
> Invalid
> Invalid
> Invalid
> Invalid
> Invalid
> Invalid
> Invalid
> Invalid
> Invalid
> Invalid
> Invalid
> Invalid
> Invalid
> Invalid
> Invalid
> Invalid
> Invalid
> Invalid
> Invalid
> Invalid
> Invalid
> Invalid
> Invalid
> Invalid
> Invalid
> Invalid
> Invalid
> Invalid
> Invalid
> Invalid
> Invalid
> Invalid
> Invalid
> Invalid
> Invalid
> Invalid
> Invalid
> Invalid
> Invalid
> Invalid
> Invalid
> Invalid
> Invalid
> Invalid
> Invalid
> Invalid
> Invalid
> Invalid
> Invalid
> Invalid
> Invalid
> Invalid
> Invalid
> Invalid
> Invalid
> Invalid
> Invalid
> Invalid
> Invalid
> Invalid
> Invalid
> Invalid
> Invalid
> Invalid
> Invalid
> Invalid
> Invalid
> Invalid
> Invalid
> Invalid
> Invalid
> Invalid
> Invalid
> Invalid
> Invalid
> Invalid
> Invalid
> Invalid
> Invalid
> Invalid
> Invalid
> Invalid
> Invalid
> Invalid
> Invalid
> Invalid
> Invalid
> Invalid
> Invalid
> Invalid
> Invalid
> Invalid
> Invalid
> Invalid
> Invalid
> Invalid
> Invalid
> Invalid
> Invalid
> Invalid
> Invalid
> Invalid
> Invalid
> Invalid
> Invalid
> Invalid
> Invalid
> Invalid
> Invalid
> Invalid
> Invalid
> Invalid
> Invalid
> Invalid
> Invalid
> Invalid
> Invalid
> Invalid
> Invalid
> Invalid
> Invalid
> Invalid
> Invalid
> Invalid
> Invalid
> Invalid
> Invalid
> Invalid
> Invalid
> Invalid
> Invalid
> Invalid
> Invalid
> Invalid
> Invalid
> Invalid
> Invalid
> Invalid
> Invalid
> Invalid
> Invalid
> Invalid
> Invalid
> Invalid
> Invalid
> Invalid
> Invalid
> Invalid
> Invalid
> Invalid
> Invalid
> Invalid
> Invalid
> Invalid
> Invalid
> Invalid
> Invalid
> Invalid
> Invalid
> Invalid
> Invalid
> Invalid
> Invalid
> Invalid
> Invalid
> Invalid
> Invalid
> Invalid
> Invalid
> Invalid
> Invalid
> Invalid
> Invalid
> Invalid
> Invalid
> Invalid
> Invalid
> Invalid
> Invalid
> Invalid
> Invalid
> Invalid
> Invalid
> Invalid
> Invalid
> Invalid
> Invalid
> Invalid
> Invalid
> Invalid
> Invalid
> Invalid
> Invalid
> Invalid
> Invalid
> Invalid
> Invalid
> Invalid
> Invalid
> Invalid
> Invalid
> Invalid
> Invalid
> Invalid
> Invalid
> Invalid
> Invalid
> Invalid
> Invalid
> Invalid
> Invalid
> Invalid
> Invalid
> Invalid
> Invalid
> Invalid
> Invalid
> Invalid
> Invalid
> Invalid
> Invalid
> Invalid
> Invalid
> Invalid
> Invalid
> Invalid
> Invalid
> Invalid
> Invalid
> Invalid
> Invalid
> Invalid
> Invalid
> Invalid
> Invalid
> Invalid
> Invalid
> Invalid
> Invalid
> Invalid
> Invalid
> Invalid
> Invalid
> Invalid
> Invalid
> Invalid
> Invalid
> Invalid
> Invalid
> Invalid
> Invalid
> Invalid
> Invalid
> Invalid
> Invalid
> Invalid
> Invalid
> Invalid
> Invalid
> Invalid
> Invalid
> Invalid
> Invalid
> Invalid
> Invalid
> Invalid
> Invalid
> Invalid
> Invalid
> Invalid
> Invalid
> Invalid
> Invalid
> Invalid
> Invalid
> Invalid
> Invalid
> Invalid
> Invalid
> Invalid
> Invalid
> Invalid
> Invalid
> Invalid
> Invalid
> Invalid
> Invalid
> Invalid
> Invalid
> Invalid
> Invalid
> Invalid
> Invalid
> Invalid
> Invalid
> Invalid
> Invalid
> Invalid
> Invalid
> Invalid
> Invalid
> Invalid
> Invalid
> Invalid
> Invalid
> Invalid
> Invalid
> Invalid
> Invalid
> Invalid
> Invalid
> Invalid
> Invalid
> Invalid
> Invalid
> Invalid
> Invalid
> Invalid
> Invalid
> Invalid
> Invalid
> Invalid
> Invalid
> Invalid
> Invalid
> Invalid
> Invalid
> Invalid
> Invalid
> Invalid
> Invalid
> Invalid
> Invalid
> Invalid
> Invalid
> Invalid
> Invalid
> Invalid
> Invalid
> Invalid
> Invalid
> Invalid
> Invalid
> Invalid
> Invalid
> Invalid
> Invalid
> Invalid
> Invalid
> Invalid
> Invalid
> Invalid
> Invalid
> Invalid
> Invalid
> Invalid
> Invalid
> Invalid
> Invalid
> Invalid
> Invalid
> Invalid
> Invalid
> Invalid
> Invalid
> Invalid
> Invalid
> Invalid
> Invalid
> Invalid
> Invalid
> Invalid
> Invalid
> Invalid
> Invalid
> Invalid
> Invalid
> Invalid
> Invalid
> Invalid
> Invalid
> Invalid
> Invalid
> Invalid
> Invalid
> Invalid
> Invalid
> Invalid
> Invalid
> Invalid
> Invalid
> Invalid
> Invalid
> Invalid
> Invalid
> Invalid
> Invalid
> Invalid
> Invalid
> Invalid
> Invalid
> Invalid
> Invalid
> Invalid
> Invalid
> Invalid
> Invalid
> Invalid
> Invalid
> Invalid
> Invalid
> Invalid
> Invalid
> Invalid
> Invalid
> Invalid
> Invalid
> Invalid
> Invalid
> Invalid
> Invalid
> Invalid
> Invalid
> Invalid
> Invalid
> Invalid
> Invalid
> Invalid
> Invalid
> Invalid
> Invalid
> Invalid
> Invalid
> Invalid
> Invalid
> Invalid
> Invalid
> Invalid
> Invalid
> Invalid
> Invalid
> Invalid
> Invalid
> Invalid
> Invalid
> Invalid
> Invalid
> Invalid
> Invalid
> Invalid
> Invalid
> Invalid
> Invalid
> Invalid
> Invalid
> Invalid
> Invalid
> Invalid
> Invalid
> Invalid
> Invalid
> Invalid
> Invalid
> Invalid
> Invalid
> Invalid
> Invalid
> Invalid
> Invalid
> Invalid
> Invalid
> Invalid
> Invalid
> Invalid
> Invalid
> Invalid
> Invalid
> Invalid
> Invalid
> Invalid
> Invalid
> Invalid
> Invalid
> Invalid
> Invalid
> Invalid
> Invalid
> Invalid
> Invalid
> Invalid
> Invalid
> Invalid
> Invalid
> Invalid
> Invalid
> Invalid
> Invalid
> Invalid
> Invalid
> Invalid
> Invalid
> Invalid
> Invalid
> Invalid
> Invalid
> Invalid
> Invalid
> Invalid
> Invalid
> Invalid
> Invalid
> Invalid
> Invalid
> Invalid
> Invalid
> Invalid
> Invalid
> Invalid
> Invalid
> Invalid
> Invalid
> Invalid
> Invalid
> Invalid
> Invalid
> Invalid
> Invalid
> Invalid
> Invalid
> Invalid
> Invalid
> Invalid
> Invalid
> Invalid
> Invalid
> Invalid
> Invalid
> Invalid
> Invalid
> Invalid
> Invalid
> Invalid
> Invalid
> Invalid
> Invalid
> Invalid
> Invalid
> Invalid
> Invalid
> Invalid
> Invalid
> Invalid
> Invalid
> Invalid
> Invalid
> Invalid
> Invalid
> Invalid
> Invalid
> Invalid
> Invalid
> Invalid
> Invalid
> Invalid
> Invalid
> Invalid
> Invalid
> Invalid
> Invalid
> Invalid
> Invalid
> Invalid
> Invalid
> Invalid
> Invalid
> Invalid
> Invalid
> Invalid
> Invalid
> Invalid
> Invalid
> Invalid
> Invalid
> Invalid
> Invalid
> Invalid
> Invalid
> Invalid
> Invalid
> Invalid
> Invalid
> Invalid
> Invalid
> Invalid
> Invalid
> Invalid
> Invalid
> Invalid
> Invalid
> Invalid
> Invalid
> Invalid
> Invalid
> Invalid
> Invalid
> Invalid
> Invalid
> Invalid
> Invalid
> Invalid
> Invalid
> Invalid
> Invalid
> Invalid
> Invalid
> Invalid
> Invalid
> Invalid
> Invalid
> Invalid
> Invalid
> Invalid
> Invalid
> Invalid
> Invalid
> Invalid
> Invalid
> Invalid
> Invalid
> Invalid
> Invalid
> Invalid
> Invalid
> Invalid
> Invalid
> Invalid
> Invalid
> Invalid
> Invalid
> Invalid
> Invalid
> Invalid
> Invalid
> Invalid
> Invalid
> Invalid
> Invalid
> Invalid
> Invalid
> Invalid
> Invalid
> Invalid
> Invalid
> Invalid
> Invalid
> Invalid
> Invalid
> Invalid
> Invalid
> Invalid
> Invalid
> Invalid
> Invalid
> Invalid
> Invalid
> Invalid
> Invalid
> Invalid
> Invalid
> Invalid
> Invalid
> Invalid
> Invalid
> Invalid
> Invalid
> Invalid
> Invalid
> Invalid
> Invalid
> Invalid
> Invalid
> Invalid
> Invalid
> Invalid
> Invalid
> Invalid
> Invalid
> Invalid
> Invalid
> Invalid
> Invalid
> Invalid
> Invalid
> Invalid
> Invalid
> Invalid
> Invalid
> Invalid
> Invalid
> Invalid
> Invalid
> Invalid
> Invalid
> Invalid
> Invalid
> Invalid
> Invalid
> Invalid
> Invalid
> Invalid
> Invalid
> Invalid
> Invalid
> Invalid
> Invalid
> Invalid
> Invalid
> Invalid
> Invalid
> Invalid
> Invalid
> Invalid
> Invalid
> Invalid
> Invalid
> Invalid
> Invalid
> Invalid
> Invalid
> Invalid
> Invalid
> Invalid
> Invalid
> Invalid
> Invalid
> Invalid
> Invalid
> Invalid
> Invalid
> Invalid
> Invalid
> Invalid
> Invalid
> Invalid
> Invalid
> Invalid
> Invalid
> Invalid
> Invalid
> Invalid
> Invalid
> Invalid
> Invalid
> Invalid
> Invalid
> Invalid
> Invalid
> Invalid
> Invalid
> Invalid
> Invalid
> Invalid
> Invalid
> Invalid
> Invalid
> Invalid
> Invalid
> Invalid
> Invalid
> Invalid
> Invalid
> Invalid
> Invalid
> Invalid
> Invalid
> Invalid
> Invalid
> Invalid
> Invalid
> Invalid
> Invalid
> Invalid
> Invalid
> Invalid
> Invalid
> Invalid
> Invalid
> Invalid
> Invalid
> Invalid
> Invalid
> Invalid
> Invalid
> Invalid
> Invalid
> Invalid
> Invalid
> Invalid
> Invalid
> Invalid
> Invalid
> Invalid
> Invalid
> Invalid
> Invalid
> Invalid
> Invalid
> Invalid
> Invalid
> Invalid
> Invalid
> Invalid
> Invalid
> Invalid
> Invalid
> Invalid
> Invalid
> Invalid
> Invalid
> Invalid
> Invalid
> Invalid
> Invalid
> Invalid
> Invalid
> Invalid
> Invalid
> Invalid
> Invalid
> Invalid
> Invalid
> Invalid
> Invalid
> Invalid
> Invalid
> Invalid
> Invalid
> Invalid
> Invalid
> Invalid
> Invalid
> Invalid
> Invalid
> Invalid
> Invalid
> Invalid
> Invalid
> Invalid
> Invalid
> Invalid
> Invalid
> Invalid
> Invalid
> Invalid
> Invalid
> Invalid
> Invalid
> Invalid
> Invalid
> Invalid
> Invalid
> Invalid
> Invalid
> Invalid
> Invalid
> Invalid
> Invalid
> Invalid
> Invalid
> Invalid
> Invalid
> Invalid
> Invalid
> Invalid
> Invalid
> Invalid
> Invalid
> Invalid
> Invalid
> Invalid
> Invalid
> Invalid
> Invalid
> Invalid
> Invalid
> Invalid
> Invalid
> Invalid
> Invalid
> Invalid
> Invalid
> Invalid
> Invalid
> Invalid
> Invalid
> Invalid
> Invalid
> Invalid
> Invalid
> Invalid
> Invalid
> Invalid
> Invalid
> Invalid
> Invalid
> Invalid
> Invalid
> Invalid
> Invalid
> Invalid
> Invalid
> Invalid
> Invalid
> Invalid
> Invalid
> Invalid
> Invalid
> Invalid
> Invalid
> Invalid
> Invalid
> Invalid
> Invalid
> Invalid
> Invalid
> Invalid
> Invalid
> Invalid
> Invalid
> Invalid
> Invalid
> Invalid
> Invalid
> Invalid
> Invalid
> Invalid
> Invalid
> Invalid
> Invalid
> Invalid
> Invalid
> Invalid
> Invalid
> Invalid
> Invalid
> Invalid
> Invalid
> Invalid
> Invalid
> Invalid
> Invalid
> Invalid
> Invalid
> Invalid
> Invalid
> Invalid
> Invalid
> Invalid
> Invalid
> Invalid
> Invalid
> Invalid
> Invalid
> Invalid
> Invalid
> Invalid
> Invalid
> Invalid
> Invalid
> Invalid
> Invalid
> Invalid
> Invalid
> Invalid
> Invalid
> Invalid
> Invalid
> Invalid
> Invalid
> Invalid
> Invalid
> Invalid
> Invalid
> Invalid
> Invalid
> Invalid
> Invalid
> Invalid
> Invalid
> Invalid
> Invalid
> Invalid
> Invalid
> Invalid
> Invalid
> Invalid
> Invalid
> Invalid
> Invalid
> Invalid
> Invalid
> Invalid
> Invalid
> Invalid
> Invalid
> Invalid
> Invalid
> Invalid
> Invalid
> Invalid
> Invalid
> Invalid
> Invalid
> Invalid
> Invalid
> Invalid
> Invalid
> Invalid
> Invalid
> Invalid
> Invalid
> Invalid
> Invalid
> Invalid
> Invalid
> Invalid
> Invalid
> Invalid
> Invalid
> Invalid
> Invalid
> Invalid
> Invalid
> Invalid
> Invalid
> Invalid
> Invalid
> Invalid
> Invalid
> Invalid
> Invalid
> Invalid
> Invalid
> Invalid
> Invalid
> Invalid
> Invalid
> Invalid
> Invalid
> Invalid
> Invalid
> Invalid
> Invalid
> Invalid
> Invalid
> Invalid
> Invalid
> Invalid
> Invalid
> Invalid
> Invalid
> Invalid
> Invalid
> Invalid
> Invalid
> Invalid
> Invalid
> Invalid
> Invalid
> Invalid
> Invalid
> Invalid
> Invalid
> Invalid
> Invalid
> Invalid
> Invalid
> Invalid
> Invalid
> Invalid
> Invalid
> Invalid
> Invalid
> Invalid
> Invalid
> Invalid
> Invalid
> Invalid
> Invalid
> Invalid
> Invalid
> Invalid
> Invalid
> Invalid
> Invalid
> Invalid
> Invalid
> Invalid
> Invalid
> Invalid
> Invalid
> Invalid
> Invalid
> Invalid
> Invalid
> Invalid
> Invalid
> Invalid
> Invalid
> Invalid
> Invalid
> Invalid
> Invalid
> Invalid
> Invalid
> Invalid
> Invalid
> Invalid
> Invalid
> Invalid
> Invalid
> Invalid
> Invalid
> Invalid
> Invalid
> Invalid
> Invalid
> Invalid
> Invalid
> Invalid
> Invalid
> Invalid
> Invalid
> Invalid
> Invalid
> Invalid
> Invalid
> Invalid
> Invalid
> Invalid
> Invalid
> Invalid
> Invalid
> Invalid
> Invalid
> Invalid
> Invalid
> Invalid
> Invalid
> Invalid
> Invalid
> Invalid
> Invalid
> Invalid
> Invalid
> Invalid
> Invalid
> Invalid
> Invalid
> Invalid
> Invalid
> Invalid
> Invalid
> Invalid
> Invalid
> Invalid
> Invalid
> Invalid
> Invalid
> Invalid
> Invalid
> Invalid
> Invalid
> Invalid
> Invalid
> Invalid
> Invalid
> Invalid
> Invalid
> Invalid
> Invalid
> Invalid
> Invalid
> Invalid
> Invalid
> Invalid
> Invalid
> Invalid
> Invalid
> Invalid
> Invalid
> Invalid
> Invalid
> Invalid
> Invalid
> Invalid
> Invalid
> Invalid
> Invalid
> Invalid
> Invalid
> Invalid
> Invalid
> Invalid
> Invalid
> Invalid
> Invalid
> Invalid
> Invalid
> Invalid
> Invalid
> Invalid
> Invalid
> Invalid
> Invalid
> Invalid
> Invalid
> Invalid
> Invalid
> Invalid
> Invalid
> Invalid
> Invalid
> Invalid
> Invalid
> Invalid
> Invalid
> Invalid
> Invalid
> Invalid
> Invalid
> Invalid
> Invalid
> Invalid
> Invalid
> Invalid
> Invalid
> Invalid
> Invalid
> Invalid
> Invalid
> Invalid
> Invalid
> Invalid
> Invalid
> Invalid
> Invalid
> Invalid
> Invalid
> Invalid
> Invalid
> Invalid
> Invalid
> Invalid
> Invalid
> Invalid
> Invalid
> Invalid
> Invalid
> Invalid
> Invalid
> Invalid
> Invalid
> Invalid
> Invalid
> Invalid
> Invalid
> Invalid
> Invalid
> Invalid
> Invalid
> Invalid
> Invalid
> Invalid
> Invalid
> Invalid
> Invalid
> Invalid
> Invalid
> Invalid
> Invalid
> Invalid
> Invalid
> Invalid
> Invalid
> Invalid
> Invalid
> Invalid
> Invalid
> Invalid
> Invalid
> Invalid
> Invalid
> Invalid
> Invalid
> Invalid
> Invalid
> Invalid
> Invalid
> Invalid
> Invalid
> Invalid
> Invalid
> Invalid
> Invalid
> Invalid
> Invalid
> Invalid
> Invalid
> Invalid
> Invalid
> Invalid
> Invalid
> Invalid
> Invalid
> Invalid
> Invalid
> Invalid
> Invalid
> Invalid
> Invalid
> Invalid
> Invalid
> Invalid
> Invalid
> Invalid
> Invalid
> Invalid
> Invalid
> Invalid
> Invalid
> Invalid
> Invalid
> Invalid
> Invalid
> Invalid
> Invalid
> Invalid
> Invalid
> Invalid
> Invalid
> Invalid
> Invalid
> Invalid
> Invalid
> Invalid
> Invalid
> Invalid
> Invalid
> Invalid
> Invalid
> Invalid
> Invalid
> Invalid
> Invalid
> Invalid
> Invalid
> Invalid
> Invalid
> Invalid
> Invalid
> Invalid
> Invalid
> Invalid
> Invalid
> Invalid
> Invalid
> Invalid
> Invalid
> Invalid
> Invalid
> Invalid
> Invalid
> Invalid
> Invalid
> Invalid
> Invalid
> Invalid
> Invalid
> Invalid
> Invalid
> Invalid
> Invalid
> Invalid
> Invalid
> Invalid
> Invalid
> Invalid
> Invalid
> Invalid
> Invalid
> Invalid
> Invalid
> Invalid
> Invalid
> Invalid
> Invalid
> Invalid
> Invalid
> Invalid
> Invalid
> Invalid
> Invalid
> Invalid
> Invalid
> Invalid
> Invalid
> Invalid
> Invalid
> Invalid
> Invalid
> Invalid
> Invalid
> Invalid
> Invalid
> Invalid
> Invalid
> Invalid
> Invalid
> Invalid
> Invalid
> Invalid
> Invalid
> Invalid
> Invalid
> Invalid
> Invalid
> Invalid
> Invalid
> Invalid
> Invalid
> Invalid
> Invalid
> Invalid
> Invalid
> Invalid
> Invalid
> Invalid
> Invalid
> Invalid
> Invalid
> Invalid
> Invalid
> Invalid
> Invalid
> Invalid
> Invalid
> Invalid
> Invalid
> Invalid
> Invalid
> Invalid
> Invalid
> Invalid
> Invalid
> Invalid
> Invalid
> Invalid
> Invalid
> Invalid
> Invalid
> Invalid
> Invalid
> Invalid
> Invalid
> Invalid
> Invalid
> Invalid
> Invalid
> Invalid
> Invalid
> Invalid
> Invalid
> Invalid
> Invalid
> Invalid
> Invalid
> Invalid
> Invalid
> Invalid
> Invalid
> Invalid
> Invalid
> Invalid
> Invalid
> Invalid
> Invalid
> Invalid
> Invalid
> Invalid
> Invalid
> Invalid
> Invalid
> Invalid
> Invalid
> Invalid
> Invalid
> Invalid
> Invalid
> Invalid
> Invalid
> Invalid
> Invalid
> Invalid
> Invalid
> Invalid
> Invalid
> Invalid
> Invalid
> Invalid
> Invalid
> Invalid
> Invalid
> Invalid
> Invalid
> Invalid
> Invalid
> Invalid
> Invalid
> Invalid
> Invalid
> Invalid
> Invalid
> Invalid
> Invalid
> Invalid
> Invalid
> Invalid
> Invalid
> Invalid
> Invalid
> Invalid
> Invalid
> Invalid
> Invalid
> Invalid
> Invalid
> Invalid
> Invalid
> Invalid
> Invalid
> Invalid
> Invalid
> Invalid
> Invalid
> Invalid
> Invalid
> Invalid
> Invalid
> Invalid
> Invalid
> Invalid
> Invalid
> Invalid
> Invalid
> Invalid
> Invalid
> Invalid
> Invalid
> Invalid
> Invalid
> Invalid
> Invalid
> Invalid
> Invalid
> Invalid
> Invalid
> Invalid
> Invalid
> Invalid
> Invalid
> Invalid
> Invalid
> Invalid
> Invalid
> Invalid
> Invalid
> Invalid
> Invalid
> Invalid
> Invalid
> Invalid
> Invalid
> Invalid
> Invalid
> Invalid
> Invalid
> Invalid
> Invalid
> Invalid
> Invalid
> Invalid
> Invalid
> Invalid
> Invalid
> Invalid
> Invalid
> Invalid
> Invalid
> Invalid
> Invalid
> Invalid
> Invalid
> Invalid
> Invalid
> Invalid
> Invalid
> Invalid
> Invalid
> Invalid
> Invalid
> Invalid
> Invalid
> Invalid
> Invalid
> Invalid
> Invalid
> Invalid
> Invalid
> Invalid
> Invalid
> Invalid
> Invalid
> Invalid
> Invalid
> Invalid
> Invalid
> Invalid
> Invalid
> Invalid
> Invalid
> Invalid
> Invalid
> Invalid
> Invalid
> Invalid
> Invalid
> Invalid
> Invalid
> Invalid
> Invalid
> Invalid
> Invalid
> Invalid
> Invalid
> Invalid
> Invalid
> Invalid
> Invalid
> Invalid
> Invalid
> Invalid
> Invalid
> Invalid
> Invalid
> Invalid
> Invalid
> Invalid
> Invalid
> Invalid
> Invalid
> Invalid
> Invalid
> Invalid
> Invalid
> Invalid
> Invalid
> Invalid
> Invalid
> Invalid
> Invalid
> Invalid
> Invalid
> Invalid
> Invalid
> Invalid
> Invalid
> Invalid
> Invalid
> Invalid
> Invalid
> Invalid
> Invalid
> Invalid
> Invalid
> Invalid
> Invalid
> Invalid
> Invalid
> Invalid
> Invalid
> Invalid
> Invalid
> Invalid
> Invalid
> Invalid
> Invalid
> Invalid
> Invalid
> Invalid
> Invalid
> Invalid
> Invalid
> Invalid
> Invalid
> Invalid
> Invalid
> Invalid
> Invalid
> Invalid
> Invalid
> Invalid
> Invalid
> Invalid
> Invalid
> Invalid
> Invalid
> Invalid
> Invalid
> Invalid
> Invalid
> Invalid
> Invalid
> Invalid
> Invalid
> Invalid
> Invalid
> Invalid
> Invalid
> Invalid
> Invalid
> Invalid
> Invalid
> Invalid
> Invalid
> Invalid
> Invalid
> Invalid
> Invalid
> Invalid
> Invalid
> Invalid
> Invalid
> Invalid
> Invalid
> Invalid
> Invalid
> Invalid
> Invalid
> Invalid
> Invalid
> Invalid
> Invalid
> Invalid
> Invalid
> Invalid
> Invalid
> Invalid
> Invalid
> Invalid
> Invalid
> Invalid
> Invalid
> Invalid
> Invalid
> Invalid
> Invalid
> Invalid
> Invalid
> Invalid
> Invalid
> Invalid
> Invalid
> Invalid
> Invalid
> Invalid
> Invalid
> Invalid
> Invalid
> Invalid
> Invalid
> Invalid
> Invalid
> Invalid
> Invalid
> Invalid
> Invalid
> Invalid
> Invalid
> Invalid
> Invalid
> Invalid
> Invalid
> Invalid
> Invalid
> Invalid
> Invalid
> Invalid
> Invalid
> Invalid
> Invalid
> Invalid
> Invalid
> Invalid
> Invalid
> Invalid
> Invalid
> Invalid
> Invalid
> Invalid
> Invalid
> Invalid
> Invalid
> Invalid
> Invalid
> Invalid
> Invalid
> Invalid
> Invalid
> Invalid
> Invalid
> Invalid
> Invalid
> Invalid
> Invalid
> Invalid
> Invalid
> Invalid
> Invalid
> Invalid
> Invalid
> Invalid
> Invalid
> Invalid
> Invalid
> Invalid
> Invalid
> Invalid
> Invalid
> Invalid
> Invalid
> Invalid
> Invalid
> Invalid
> Invalid
> Invalid
> Invalid
> Invalid
> Invalid
> Invalid
> Invalid
> Invalid
> Invalid
> Invalid
> Invalid
> Invalid
> Invalid
> Invalid
> Invalid
> Invalid
> Invalid
> Invalid
> Invalid
> Invalid
> Invalid
> Invalid
> Invalid
> Invalid
> Invalid
> Invalid
> Invalid
> Invalid
> Invalid
> Invalid
> Invalid
> Invalid
> Invalid
> Invalid
> Invalid
> Invalid
> Invalid
> Invalid
> Invalid
> Invalid
> Invalid
> Invalid
> Invalid
> Invalid
> Invalid
> Invalid
> Invalid
> Invalid
> Invalid
> Invalid
> Invalid
> Invalid
> Invalid
> Invalid
> Invalid
> Invalid
> Invalid
> Invalid
> Invalid
> Invalid
> Invalid
> Invalid
> Invalid
> Invalid
> Invalid
> Invalid
> Invalid
> Invalid
> Invalid
> Invalid
> Invalid
> Invalid
> Invalid
> Invalid
> Invalid
> Invalid
> Invalid
> Invalid
> Invalid
> Invalid
> Invalid
> Invalid
> Invalid
> Invalid
> Invalid
> Invalid
> Invalid
> Invalid
> Invalid
> Invalid
> Invalid
> Invalid
> Invalid
> Invalid
> Invalid
> Invalid
> Invalid
> Invalid
> Invalid
> Invalid
> Invalid
> Invalid
> Invalid
> Invalid
> Invalid
> Invalid
> Invalid
> Invalid
> Invalid
> Invalid
> Invalid
> Invalid
> Invalid
> Invalid
> Invalid
> Invalid
> Invalid
> Invalid
> Invalid
> Invalid
> Invalid
> Invalid
> Invalid
> Invalid
> Invalid
> Invalid
> Invalid
> Invalid
> Invalid
> Invalid
> Invalid
> Invalid
> Invalid
> Invalid
> Invalid
> Invalid
> Invalid
> Invalid
> Invalid
> Invalid
> Invalid
> Invalid
> Invalid
> Invalid
> Invalid
> Invalid
> Invalid
> Invalid
> Invalid
> Invalid
> Invalid
> Invalid
> Invalid
> Invalid
> Invalid
> Invalid
> Invalid
> Invalid
> Invalid
> Invalid
> Invalid
> Invalid
> Invalid
> Invalid
> Invalid
> Invalid
> Invalid
> Invalid
> Invalid
> Invalid
> Invalid
> Invalid
> Invalid
> Invalid
> Invalid
> Invalid
> Invalid
> Invalid
> Invalid
> Invalid
> Invalid
> Invalid
> Invalid
> Invalid
> Invalid
> Invalid
> Invalid
> Invalid
> Invalid
> Invalid
> Invalid
> Invalid
> Invalid
> Invalid
> Invalid
> Invalid
> Invalid
> Invalid
> Invalid
> Invalid
> Invalid
> Invalid
> Invalid
> Invalid
> Invalid
> Invalid
> Invalid
> Invalid
> Invalid
> Invalid
> Invalid
> Invalid
> Invalid
> Invalid
> Invalid
> Invalid
> Invalid
> Invalid
> Invalid
> Invalid
> Invalid
> Invalid
> Invalid
> Invalid
> Invalid
> Invalid
> Invalid
> Invalid
> Invalid
> Invalid
> Invalid
> Invalid
> Invalid
> Invalid
> Invalid
> Invalid
> Invalid
> Invalid
> Invalid
> Invalid
> Invalid
> Invalid
> Invalid
> Invalid
> Invalid
> Invalid
> Invalid
> Invalid
> Invalid
> Invalid
> Invalid
> Invalid
> Invalid
> Invalid
> Invalid
> Invalid
> Invalid
> Invalid
> Invalid
> Invalid
> Invalid
> Invalid
> Invalid
> Invalid
> Invalid
> Invalid
> Invalid
> Invalid
> Invalid
> Invalid
> Invalid
> Invalid
> Invalid
> Invalid
> Invalid
> Invalid
> Invalid
> Invalid
> Invalid
> Invalid
> Invalid
> Invalid
> Invalid
> Invalid
> Invalid
> Invalid
> Invalid
> Invalid
> Invalid
> Invalid
> Invalid
> Invalid
> Invalid
> Invalid
> Invalid
> Invalid
> Invalid
> Invalid
> Invalid
> Invalid
> Invalid
> Invalid
> Invalid
> Invalid
> Invalid
> Invalid
> Invalid
> Invalid
> Invalid
> Invalid
> Invalid
> Invalid
> Invalid
> Invalid
> Invalid
> Invalid
> Invalid
> Invalid
> Invalid
> Invalid
> Invalid
> Invalid
> Invalid
> Invalid
> Invalid
> Invalid
> Invalid
> Invalid
> Invalid
> Invalid
> Invalid
> Invalid
> Invalid
> Invalid
> Invalid
> Invalid
> Invalid
> Invalid
> Invalid
> Invalid
> Invalid
> Invalid
> Invalid
> Invalid
> Invalid
> Invalid
> Invalid
> Invalid
> Invalid
> Invalid
> Invalid
> Invalid
> Invalid
> Invalid
> Invalid
> Invalid
> Invalid
> Invalid
> Invalid
> Invalid
> Invalid
> Invalid
> Invalid
> Invalid
> Invalid
> Invalid
> Invalid
> Invalid
> Invalid
> Invalid
> Invalid
> Invalid
> Invalid
> Invalid
> Invalid
> Invalid
> Invalid
> Invalid
> Invalid
> Invalid
> Invalid
> Invalid
> Invalid
> Invalid
> Invalid
> Invalid
> Invalid
> Invalid
> Invalid
> Invalid
> Invalid
> Invalid
> Invalid
> Invalid
> Invalid
> Invalid
> Invalid
> Invalid
> Invalid
> Invalid
> Invalid
> Invalid
> Invalid
> Invalid
> Invalid
> Invalid
> Invalid
> Invalid
> Invalid
> Invalid
> Invalid
> Invalid
> Invalid
> Invalid
> Invalid
> Invalid
> Invalid
> Invalid
> Invalid
> Invalid
> Invalid
> Invalid
> Invalid
> Invalid
> Invalid
> Invalid
> Invalid
> Invalid
> Invalid
> Invalid
> Invalid
> Invalid
> Invalid
> Invalid
> Invalid
> Invalid
> Invalid
> Invalid
> Invalid
> Invalid
> Invalid
> Invalid
> Invalid
> Invalid
> Invalid
> Invalid
> Invalid
> Invalid
> Invalid
> Invalid
> Invalid
> Invalid
> Invalid
> Invalid
> Invalid
> Invalid
> Invalid
> Invalid
> Invalid
> Invalid
> Invalid
> Invalid
> Invalid
> Invalid
> Invalid
> Invalid
> Invalid
> Invalid
> Invalid
> Invalid
> Invalid
> Invalid
> Invalid
> Invalid
> Invalid
> Invalid
> Invalid
> Invalid
> Invalid
> Invalid
> Invalid
> Invalid
> Invalid
> Invalid
> Invalid
> Invalid
> Invalid
> Invalid
> Invalid
> Invalid
> Invalid
> Invalid
> Invalid
> Invalid
> Invalid
> Invalid
> Invalid
> Invalid
> Invalid
> Invalid
> Invalid
> Invalid
> Invalid
> Invalid
> Invalid
> Invalid
> Invalid
> Invalid
> Invalid
> Invalid
> Invalid
> Invalid
> Invalid
> Invalid
> Invalid
> Invalid
> Invalid
> Invalid
> Invalid
> Invalid
> Invalid
> Invalid
> Invalid
> Invalid
> Invalid
> Invalid
> Invalid
> Invalid
> Invalid
> Invalid
> Invalid
> Invalid
> Invalid
> Invalid
> Invalid
> Invalid
> Invalid
> Invalid
> Invalid
> Invalid
> Invalid
> Invalid
> Invalid
> Invalid
> Invalid
> Invalid
> Invalid
> Invalid
> Invalid
> Invalid
> Invalid
> Invalid
> Invalid
> Invalid
> Invalid
> Invalid
> Invalid
> Invalid
> Invalid
> Invalid
> Invalid
> Invalid
> Invalid
> Invalid
> Invalid
> Invalid
> Invalid
> Invalid
> Invalid
> Invalid
> Invalid
> Invalid
> Invalid
> Invalid
> Invalid
> Invalid
> Invalid
> Invalid
> Invalid
> Invalid
> Invalid
> Invalid
> Invalid
> Invalid
> Invalid
> Invalid
> Invalid
> Invalid
> Invalid
> Invalid
> Invalid
> Invalid
> Invalid
> Invalid
> Invalid
> Invalid
> Invalid
> Invalid
> Invalid
> Invalid
> Invalid
> Invalid
> Invalid
> Invalid
> Invalid
> Invalid
> Invalid
> Invalid
> Invalid
> Invalid
> Invalid
> Invalid
> Invalid
> Invalid
> Invalid
> Invalid
> Invalid
> Invalid
> Invalid
> Invalid
> Invalid
> Invalid
> Invalid
> Invalid
> Invalid
> Invalid
> Invalid
> Invalid
> Invalid
> Invalid
> Invalid
> Invalid
> Invalid
> Invalid
> Invalid
> Invalid
> Invalid
> Invalid
> Invalid
> Invalid
> Invalid
> Invalid
> Invalid
> Invalid
> Invalid
> Invalid
> Invalid
> Invalid
> Invalid
> Invalid
> Invalid
> Invalid
> Invalid
> Invalid
> Invalid
> Invalid
> Invalid
> Invalid
> Invalid
> Invalid
> Invalid
> Invalid
> Invalid
> Invalid
> Invalid
> Invalid
> Invalid
> Invalid
> Invalid
> Invalid
> Invalid
> Invalid
> Invalid
> Invalid
> Invalid
> Invalid
> Invalid
> Invalid
> Invalid
> Invalid
> Invalid
> Invalid
> Invalid
> Invalid
> Invalid
> Invalid
> Invalid
> Invalid
> Invalid
> Invalid
> Invalid
> Invalid
> Invalid
> Invalid
> Invalid
> Invalid
> Invalid
> Invalid
> Invalid
> Invalid
> Invalid
> Invalid
> Invalid
> Invalid
> Invalid
> Invalid
> Invalid
> Invalid
> Invalid
> Invalid
> Invalid
> Invalid
> Invalid
> Invalid
> Invalid
> Invalid
> Invalid
> Invalid
> Invalid
> Invalid
> Invalid
> Invalid
> Invalid
> Invalid
> Invalid
> Invalid
> Invalid
> Invalid
> Invalid
> Invalid
> Invalid
> Invalid
> Invalid
> Invalid
> Invalid
> Invalid
> Invalid
> Invalid
> Invalid
> Invalid
> Invalid
> Invalid
> Invalid
> Invalid
> Invalid
> Invalid
> Invalid
> Invalid
> Invalid
> Invalid
> Invalid
> Invalid
> Invalid
> Invalid
> Invalid
> Invalid
> Invalid
> Invalid
> Invalid
> Invalid
> Invalid
> Invalid
> Invalid
> Invalid
> Invalid
> Invalid
> Invalid
> Invalid
> Invalid
> Invalid
> Invalid
> Invalid
> Invalid
> Invalid
> Invalid
> Invalid
> Invalid
> Invalid
> Invalid
> Invalid
> Invalid
> Invalid
> Invalid
> Invalid
> Invalid
> Invalid
> Invalid
> Invalid
> Invalid
> Invalid
> Invalid
> Invalid
> Invalid
> Invalid
> Invalid
> Invalid
> Invalid
> Invalid
> Invalid
> Invalid
> Invalid
> Invalid
> Invalid
> Invalid
> Invalid
> Invalid
> Invalid
> Invalid
> Invalid
> Invalid
> Invalid
> Invalid
> Invalid
> Invalid
> Invalid
> Invalid
> Invalid
> Invalid
> Invalid
> Invalid
> Invalid
> Invalid
> Invalid
> Invalid
> Invalid
> Invalid
> Invalid
> Invalid
> Invalid
> Invalid
> Invalid
> Invalid
> Invalid
> Invalid
> Invalid
> Invalid
> Invalid
> Invalid
> Invalid
> Invalid
> Invalid
> Invalid
> Invalid
> Invalid
> Invalid
> Invalid
> Invalid
> Invalid
> Invalid
> Invalid
> Invalid
> Invalid
> Invalid
> Invalid
> Invalid
> Invalid
> Invalid
> Invalid
> Invalid
> Invalid
> Invalid
> Invalid
> Invalid
> Invalid
> Invalid
> Invalid
> Invalid
> Invalid
> Invalid
> Invalid
> Invalid
> Invalid
> Invalid
> Invalid
> Invalid
> Invalid
> Invalid
> Invalid
> Invalid
> Invalid
> Invalid
> Invalid
> Invalid
> Invalid
> Invalid
> Invalid
> Invalid
> Invalid
> Invalid
> Invalid
> Invalid
> Invalid
> Invalid
> Invalid
> Invalid
> Invalid
> Invalid
> Invalid
> Invalid
> Invalid
> Invalid
> Invalid
> Invalid
> Invalid
> Invalid
> Invalid
> Invalid
> Invalid
> Invalid
> Invalid
> Invalid
> Invalid
> Invalid
> Invalid
> Invalid
> Invalid
> Invalid
> Invalid
> Invalid
> Invalid
> Invalid
> Invalid
> Invalid
> Invalid
> Invalid
> Invalid
> Invalid
> Invalid
> Invalid
> Invalid
> Invalid
> Invalid
> Invalid
> Invalid
> Invalid
> Invalid
> Invalid
> Invalid
> Invalid
> Invalid
> Invalid
> Invalid
> Invalid
> Invalid
> Invalid
> Invalid
> Invalid
> Invalid
> Invalid
> Invalid
> Invalid
> Invalid
> Invalid
> Invalid
> Invalid
> Invalid
> Invalid
> Invalid
> Invalid
> Invalid
> Invalid
> Invalid
> Invalid
> Invalid
> Invalid
> Invalid
> Invalid
> Invalid
> Invalid
> Invalid
> Invalid
> Invalid
> Invalid
> Invalid
> Invalid
> Invalid
> Invalid
> Invalid
> Invalid
> Invalid
> Invalid
> Invalid
> Invalid
> Invalid
> Invalid
> Invalid
> Invalid
> Invalid
> Invalid
> Invalid
> Invalid
> Invalid
> Invalid
> Invalid
> Invalid
> Invalid
> Invalid
> Invalid
> Invalid
> Invalid
> Invalid
> Invalid
> Invalid
> Invalid
> Invalid
> Invalid
> Invalid
> Invalid
> Invalid
> Invalid
> Invalid
> Invalid
> Invalid
> Invalid
> Invalid
> Invalid
> Invalid
> Invalid
> Invalid
> Invalid
> Invalid
> Invalid
> Invalid
> Invalid
> Invalid
> Invalid
> Invalid
> Invalid
> Invalid
> Invalid
> Invalid
> Invalid
> Invalid
> Invalid
> Invalid
> Invalid
> Invalid
> Invalid
> Invalid
> Invalid
> Invalid
> Invalid
> Invalid
> Invalid
> Invalid
> Invalid
> Invalid
> Invalid
> Invalid
> Invalid
> Invalid
> Invalid
> Invalid
> Invalid
> Invalid
> Invalid
> Invalid
> Invalid
> Invalid
> Invalid
> Invalid
> Invalid
> Invalid
> Invalid
> Invalid
> Invalid
> Invalid
> Invalid
> Invalid
> Invalid
> Invalid
> Invalid
> Invalid
> Invalid
> Invalid
> Invalid
> Invalid
> Invalid
> Invalid
> Invalid
> Invalid
> Invalid
> Invalid
> Invalid
> Invalid
> Invalid
> Invalid
> Invalid
> Invalid
> Invalid
> Invalid
> Invalid
> Invalid
> Invalid
> Invalid
> Invalid
> Invalid
> Invalid
> Invalid
> Invalid
> Invalid
> Invalid
> Invalid
> Invalid
> Invalid
> Invalid
> Invalid
> Invalid
> Invalid
> Invalid
> Invalid
> Invalid
> Invalid
> Invalid
> Invalid
> Invalid
> Invalid
> Invalid
> Invalid
> Invalid
> Invalid
> Invalid
> Invalid
> Invalid
> Invalid
> Invalid
> Invalid
> Invalid
> Invalid
> Invalid
> Invalid
> Invalid
> Invalid
> Invalid
> Invalid
> Invalid
> Invalid
> Invalid
> Invalid
> Invalid
> Invalid
> Invalid
> Invalid
> Invalid
> Invalid
> Invalid
> Invalid
> Invalid
> Invalid
> Invalid
> Invalid
> Invalid
> Invalid
> Invalid
> Invalid
> Invalid
> Invalid
> Invalid
> Invalid
> Invalid
> Invalid
> Invalid
> Invalid
> Invalid
> Invalid
> Invalid
> Invalid
> Invalid
> Invalid
> Invalid
> Invalid
> Invalid
> Invalid
> Invalid
> Invalid
> Invalid
> Invalid
> Invalid
> Invalid
> Invalid
> Invalid
> Invalid
> Invalid
> Invalid
> Invalid
> Invalid
> Invalid
> Invalid
> Invalid
> Invalid
> Invalid
> Invalid
> Invalid
> Invalid
> Invalid
> Invalid
> Invalid
> Invalid
> Invalid
> Invalid
> Invalid
> Invalid
> Invalid
> Invalid
> Invalid
> Invalid
> Invalid
> Invalid
> Invalid
> Invalid
> Invalid
> Invalid
> Invalid
> Invalid
> Invalid
> Invalid
> Invalid
> Invalid
> Invalid
> Invalid
> Invalid
> Invalid
> Invalid
> Invalid
> Invalid
> Invalid
> Invalid
> Invalid
> Invalid
> Invalid
> Invalid
> Invalid
> Invalid
> Invalid
> Invalid
> Invalid
> Invalid
> Invalid
> Invalid
> Invalid
> Invalid
> Invalid
> Invalid
> Invalid
> Invalid
> Invalid
> Invalid
> Invalid
> Invalid
> Invalid
> Invalid
> Invalid
> Invalid
> Invalid
> Invalid
> Invalid
> Invalid
> Invalid
> Invalid
> Invalid
> Invalid
> Invalid
> Invalid
> Invalid
> Invalid
> Invalid
> Invalid
> Invalid
> Invalid
> Invalid
> Invalid
> Invalid
> Invalid
> Invalid
> Invalid
> Invalid
> Invalid
> Invalid
> Invalid
> Invalid
> Invalid
> Invalid
> Invalid
> Invalid
> Invalid
> Invalid
> Invalid
> Invalid
> Invalid
> Invalid
> Invalid
> Invalid
> Invalid
> Invalid
> Invalid
> Invalid
> Invalid
> Invalid
> Invalid
> Invalid
> Invalid
> Invalid
> Invalid
> Invalid
> Invalid
> Invalid
> Invalid
> Invalid
> Invalid
> Invalid
> Invalid
> Invalid
> Invalid
> Invalid
> Invalid
> Invalid
> Invalid
> Invalid
> Invalid
> Invalid
> Invalid
> Invalid
> Invalid
> Invalid
> Invalid
> Invalid
> Invalid
> Invalid
> Invalid
> Invalid
> Invalid
> Invalid
> Invalid
> Invalid
> Invalid
> Invalid
> Invalid
> Invalid
> Invalid
> Invalid
> Invalid
> Invalid
> Invalid
> Invalid
> Invalid
> Invalid
> Invalid
> Invalid
> Invalid
> Invalid
> Invalid
> Invalid
> Invalid
> Invalid
> Invalid
> Invalid
> Invalid
> Invalid
> Invalid
> Invalid
> Invalid
> Invalid
> Invalid
> Invalid
> Invalid
> Invalid
> Invalid
> Invalid
> Invalid
> Invalid
> Invalid
> Invalid
> Invalid
> Invalid
> Invalid
> Invalid
> Invalid
> Invalid
> Invalid
> Invalid
> Invalid
> Invalid
> Invalid
> Invalid
> Invalid
> Invalid
> Invalid
> Invalid
> Invalid
> Invalid
> Invalid
> Invalid
> Invalid
> Invalid
> Invalid
> Invalid
> Invalid
> Invalid
> Invalid
> Invalid
> Invalid
> Invalid
> Invalid
> Invalid
> Invalid
> Invalid
> Invalid
> Invalid
> Invalid
> Invalid
> Invalid
> Invalid
> Invalid
> Invalid
> Invalid
> Invalid
> Invalid
> Invalid
> Invalid
> Invalid
> Invalid
> Invalid
> Invalid
> Invalid
> Invalid
> Invalid
> Invalid
> Invalid
> Invalid
> Invalid
> Invalid
> Invalid
> Invalid
> Invalid
> Invalid
> Invalid
> Invalid
> Invalid
